story:HohoFlush
  Styles
  Plan
    Prep
      i_elvisto:Lies,e:Lies_open_Waft
        esc:path,v:Story/HohoFlush/Waftily
    Prep=2
      i_elvisto:Lies,e:Lies_test_cursor
        esc:waft_key,v:Story/HohoFlush/Waftily
        esc:what_path,v:foundations/peer
    Prep=3
      i_elvisto:Lang,e:mark
        esc:LE,v
        esc:op,v:add
        {"esc":"sc","v":{"Point":1,"method":"Harbour"}}
    Prep=4
      i_elvisto:Lang,e:mark
        esc:LE,v
        esc:op,v:edit
        esc:spec,v:Peeroleum
        {"esc":"patch","v":{"class":"focus"}}
    Prep=5
      i_elvisto:Lies,e:Lies_test_waft_edit
        esc:waft_key,v:Story/HohoFlush/Waftily
        esc:what_path,v:foundations/peer
        esc:op,v:add_point
        esc:method,v:STUNbeam
    Prep=6
      i_elvisto:Lies,e:Lies_test_waft_edit
        esc:waft_key,v:Story/HohoFlush/Waftily
        esc:what_path,v:transport/reliability
        esc:op,v:add_point
        esc:method,v:OUTOFSCOPE
  Opt
    For
      w:Lies
        nowriting
        dontSnapGhostList
      w:Lang
        txtsyntaxdump
        nogen
    quiesce_snap_time=0.4
    trickle
  TimeSpool
    TimeTotal:beliefs,avg=0.687
      sample=0.534,at=1789551363
      sample=0.597,at=1789552099
      sample=1.297,at=1789554574
      sample=0.12,at=1789556233
      sample=0.301,at=1789557054
      sample=0.75,at=1789557911
      sample=1.467,at=1789564602
      sample=0.734,at=1789564653
      sample=0.615,at=1789564676
      sample=0.457,at=1789564694
    TimeTotal:step,avg=0.098
      sample=0.076,at=1789551363
      sample=0.085,at=1789552099
      sample=0.185,at=1789554574
      sample=0.017,at=1789556233
      sample=0.043,at=1789557054
      sample=0.107,at=1789557911
      sample=0.21,at=1789564602
      sample=0.105,at=1789564653
      sample=0.088,at=1789564676
      sample=0.065,at=1789564694
  EntropyProfile,Wref:Trope/Lies/NormalEntropy
  step,dige:ebd9f8213d247c3a
  step=2,dige:a95ab3f54ad9e5f7
  step=3,dige:c562450e55d4176f
  step=4,dige:4b74a78d3706f63d
  step=5,dige:20d546b74e48d8d0
  step=6,dige:65af534447426c17
  step=7,dige:a11787032b106327
