Snap:H
  H:LeafJuggle,Run
    A:Yin,began
      {"mung":["age"]}	self,round:10
      w:Yin
        hand:left
        hand:right
        whatsit
          thing:with,see
        other:3
        {"mung":["age"]}	self,round:10
        leaf
    A:Yang
      {"mung":["age"]}	self,round:10
      w:Yang
        hand:left
        hand:right
        {"mung":["age"]}	self,round:10
    {"mung":["id"]}	mo:main,interval:3.6
Snap:cytowave
  {"upsert":1,"id":"cytoid_1_1_6","label":"leaf:1","parent":"cytoid_1_1"}
    {"style":1,"background-color":"rgb(32,111,32)"}
    style,color:#b0ffb0
    style,height:14
    style,shape:ellipse
    style,width:14
  remove,id:cytoid_1_2_2_2
  edge_remove,id:cytoid_1_2_2_2_1
  migrate,id:cytoid_1_2_2_2,toward:cytoid_1_1_6
