Snap:H
  H:MusuPoolPolicy,Run
    A:MusuPoolPolicy
      self,round=5	{"mung":["age"]}
      w:MusuPoolPolicy
        self,round=5	{"mung":["age"]}
        req:wrangle,eternal,ok
        testing
          reached:step_2,goal:a zzz,diffn,sediment_quiet
          reached:step_3,goal:a,barred_excluded
          reached:step_4,recent_split
          reached:step_5,held_back,rolled_through
