story:MusuPoolRandom
  Styles
  Plan
  Opt
    For
  TimeSpool
    TimeTotal:beliefs,avg=0.077
      sample=0.021,at=1788873035
      sample=0.019,at=1788874624
      sample=0.312,at=1788913166
      sample=0.092,at=1788913872
      sample=0.046,at=1788919338
      sample=0.053,at=1788922789
      sample=0.085,at=1788949364
      sample=0.029,at=1788958677
      sample=0.059,at=1788999265
      sample=0.057,at=1789113489
    TimeTotal:step,avg=0.015
      sample=0.004,at=1788873035
      sample=0.004,at=1788874624
      sample=0.062,at=1788913166
      sample=0.018,at=1788913872
      sample=0.009,at=1788919338
      sample=0.011,at=1788922789
      sample=0.017,at=1788949364
      sample=0.006,at=1788958677
      sample=0.012,at=1788999265
      sample=0.011,at=1789113489
  step,dige:85d660e1b7d42c9f
  step=2,dige:c0fd0dfd299db04a
  step=3,dige:c052af5b8a9df909
  step=4,dige:9276ab4bbef67fd8
  step=5,dige:cdb18643f871e766
    {"Assertion":"sediment-survives-a-thin","sentence":"sediment survives a thin session — a pooled track keeps its earned rank even when this session has not yet re-mirrored the holder who has it, so a reload cannot evict what nothing currently contradicts"}
    {"Assertion":"and-eviction-still-fires","sentence":"and eviction still fires for cause — a genuinely better-ranked arrival still crowds out the worst of the sediment, never the better-ranked tracks beside it"}
