story:VoroRadio
  Styles
    matstyle:w
      style:background-color,v:#8f3232
      meta:is_compound,v
      meta:label,fmt:%s,keys:w
    matstyle:req
      style:background-color,v:#2fb155
    matstyle:Coprosma
      style:background-color,v:#8e29d6
    matstyle:Veronica
      style:background-color,v:#c5b759
    matstyle:Metrosideros
      style:background-color,v:#298699
    matstyle:Olearia
      style:background-color,v:#bc2476
    matstyle:Pittosporum
      style:background-color,v:#61bd42
    matstyle:Nothofagus
      style:background-color,v:#534ed0
    matstyle:see
      style:background-color,v:#a34b1f
    matstyle:crush
      style:background-color,v:#3aa67e
    matstyle:row
      style:background-color,v:#bd36c9
    matstyle:drift
      style:background-color,v:#bbdb43
  Plan
  Opt
    waitCyto
    useCyto
    useVoronoiology
    dontSnapCyto
    For
  TimeSpool
    TimeTotal:beliefs,avg=0.055
      sample=0.043,at=1783396346
      sample=0.083,at=1783396462
      sample=0.083,at=1783396471
      sample=0.036,at=1783397981
      sample=0.024,at=1783398066
      sample=0.059,at=1783398273
      sample=0.053,at=1783401662
      sample=0.057,at=1783402013
      sample=0.057,at=1783402020
      sample=0.053,at=1783402384
    TimeTotal:step,avg=0.006
      sample=0.005,at=1783396346
      sample=0.009,at=1783396462
      sample=0.009,at=1783396471
      sample=0.004,at=1783397981
      sample=0.003,at=1783398066
      sample=0.007,at=1783398273
      sample=0.006,at=1783401662
      sample=0.006,at=1783402013
      sample=0.006,at=1783402020
      sample=0.006,at=1783402384
  step,dige:157b38d6d24e7fba
  step=2,dige:c425e90ff372ba3e
  step=3,dige:3261b3b9b480078b
  step=4,dige:ebd6f7c99333de64
  step=5,dige:b059e472c534a813
  step=6,dige:f0e294b4e5de0682
  step=7,dige:da6c58c49a3cff23
  step=8,dige:8f5a6b2dad51b582
  step=9,dige:1262e782af328c0c
