Snap:H
  H:MusuMagazine,Run
    A:MusuMagazine
      self,round=3	{"mung":["age"]}
      w:MusuMagazine
        self,round=3	{"mung":["age"]}
        req:wrangle,eternal,ok
        testing
          reached:step_2
          published,records=2,cards=2,clouds
          reached:step_3
          probed,has_album,has_hash,joined_at=1000
        Mag:Musica
          Cloud,randomic:c1,created_at=1000
            Record,id:boc-roygbiv,artist:Boards of Canada,title:Roygbiv,path:Boards of Canada - Roygbiv.wav,album:Music Has the Right to Children,body_hash:boc-roygbiv-body
            Record,id:apx-xtal,artist:Aphex Twin,title:Xtal,path:Aphex Twin - Xtal.wav,album:Selected Ambient Works 85-92,body_hash:apx-xtal-body
        seen:a magazine published from a live catalog — the reflected berth held a record per entry grouped under one cloud stamped with when they arrived
        seen:each record carried its metadata and the time it joined — album and body hash on the card and the created_at on its cloud
