Snap:H
  H:RaStock,Run
    A:RaStock
      self,round=7	{"mung":["age"]}
      w:RaStock
        self,round=7	{"mung":["age"]}
        req:wrangle,eternal,ok
        reached:step_2
        survey,tracks=8
        Library,pier:DJ
          Record,id:848b336a,title:Cosmic C,artist:DJ Oscillo,seconds=78,lufs=-7.33,gain=-6.67,real
            Stream,name:opus,total=39,sr=48000,br=128000,seg_secs=2,bytes=1290003
            proof,seconds=2,lufs=-14.03,ms:r7 d8 l269
          Record,id:8233c2ea,title:Dorian D,artist:DJ Oscillo,seconds=76,lufs=-8.04,gain=-5.96,real
            Stream,name:opus,total=38,sr=48000,br=128000,seg_secs=2,bytes=1256926
            proof,seconds=2,lufs=-14.03,ms:r8 d6 l264
          Record,id:4afd7f10,title:Groove G,artist:DJ Oscillo,seconds=66,lufs=-7.84,gain=-6.16,real
            Stream,name:opus,total=33,sr=48000,br=128000,seg_secs=2,bytes=1091541
            proof,seconds=2,lufs=-14.02,ms:r8 d160 l125
        req:witness,eternal,ok
        reached:step_3
        req:rastock,finished
        stocked:first,of=3,ready=3
        reached:step_4
        req:raproof,finished
        reached:step_5
        req:rastock_again,finished
        stocked:again,of=3,stood=3
        see:a second pass recognized the standing stock and rebuilt nothing
