story:PortPlant
  Styles
    matstyle:w
      style:background-color,v:#8f3232
      meta:is_compound,v
      meta:label,fmt:%s,keys:w
    matstyle:pot
      style:background-color,v:#a34b1f
    matstyle:plant
      style:background-color,v:#61bd42
    matstyle:soil
      style:background-color,v:#8f3232
    matstyle:error
      style:background-color,v:#298699
    matstyle:De
      style:background-color,v:#bc2476
    matstyle:req
      style:background-color,v:#61bd42
    matstyle:log
      style:background-color,v:#534ed0
    matstyle:msg
      style:background-color,v:#a34b1f
    matstyle:shelf
      style:background-color,v:#1a4828
      style:color,v:#90ffc0
      style:shape,v:round-rectangle
      style:width,v=24
    matstyle:yard
      style:background-color,v:#bd36c9
    matstyle:body
      style:background-color,v:#bbdb43
    matstyle:waits
      style:background-color,v:#32618f
    matstyle:arrival
      style:background-color,v:#b12f4a
  Plan
  Opt
    For
  TimeSpool
    TimeTotal:beliefs,avg=0.056
      sample=0.03,at=1781996122
      sample=0.059,at=1781998581
      sample=0.057,at=1781998601
      sample=0.045,at=1781998612
      sample=0.04,at=1781998626
      sample=0.062,at=1782000783
      sample=0.046,at=1782013452
      sample=0.079,at=1782014073
      sample=0.066,at=1782129475
      sample=0.075,at=1782305479
    TimeTotal:step,avg=0.006
      sample=0.003,at=1781996122
      sample=0.007,at=1781998581
      sample=0.006,at=1781998601
      sample=0.005,at=1781998612
      sample=0.004,at=1781998626
      sample=0.007,at=1782000783
      sample=0.005,at=1782013452
      sample=0.009,at=1782014073
      sample=0.007,at=1782129475
      sample=0.008,at=1782305479
  step,dige:86d4698cb9eb6911
  step=2,dige:6417206157eadd6e
  step=3,dige:d799d31cb69e079c
  step=4,dige:e765a967f98d6b3a
  step=5,dige:c09b3fa0955e03ef
  step=6,dige:2ec9eb21a31abaeb
  step=7,dige:12ea5966d7c0a855
  step=8,dige:6399d2bfc03e4469
  step=9,dige:c28adb68df18b0f9
