Waft:berth/f469a1ec50f5a878/Heists
  HeistSeed,seed:1708def6dc57d60f,pub:7950f300faa8a4f9,title:For Solo Cello- Gigue,from_name:S,artist:Andres Segovia,genre:0 Classique/0 gat,lofi
    Pick,ref:04588839ce65f07c,artist:Andres Segovia,title:For Solo Cello- Gigue,path:0 Classique/0 gat/andres segovia - the segovia collection vol. 01 (1987)/12 Suite no 3 for solo cello- Gigue.mp3,bytes=3662208,body_hash:141af02c5f9a6563e5444178986ced3ff902fa7815f3c807d8d6055d59b9d03b,landed,landed_at:0 Classique/0 gat/andres segovia - the segovia collection vol. 01 (1987)/12 Suite no 3 for solo cello- Gigue.ogg
    Pick,ref:cafceddbdd0539fd,artist:Andres Segovia,title:Three Pieces for Lute -  Allemande,path:0 Classique/0 gat/andres segovia - the segovia collection vol. 01 (1987)/01 Three Pieces For Lute -  Allemande.mp3,bytes=2328253,body_hash:f43c80976a0dd276467f44b13fe8b27146daf0aacc1030a9099b9afbd8164511,landed,landed_at:0 Classique/0 gat/andres segovia - the segovia collection vol. 01 (1987)/01 Three Pieces For Lute -  Allemande.ogg
    Pick,ref:05360ba527aa3f4a,artist:02 Three Pieces For Lute,title:Sarabande,path:0 Classique/0 gat/andres segovia - the segovia collection vol. 01 (1987)/02 Three Pieces For Lute - Sarabande.mp3,ext:mp3,bytes=9470258
    Pick,ref:cdf5f849fdce47f2,artist:03 Three Pieces For Lute,title:Gigue,path:0 Classique/0 gat/andres segovia - the segovia collection vol. 01 (1987)/03 Three Pieces For Lute - Gigue.mp3,ext:mp3,bytes=6787997
    Pick,ref:9f0d19f8133d4d3a,title:Three pieces from violin partita no 1-  Sarabande,path:0 Classique/0 gat/andres segovia - the segovia collection vol. 01 (1987)/04 Three pieces from violin partita no 1-  Sarabande.mp3,ext:mp3,bytes=7437963
    Pick,ref:453596858af929fe,title:Three pieces from violin partita no 1-  Bourre,path:0 Classique/0 gat/andres segovia - the segovia collection vol. 01 (1987)/05 Three pieces from violin partita no 1-  Bourre.mp3,ext:mp3,bytes=8638545
    Pick,ref:cffa845f5c42629f,title:Three pieces from violin partita no 1-  Double,path:0 Classique/0 gat/andres segovia - the segovia collection vol. 01 (1987)/06 Three pieces from violin partita no 1-  Double.mp3,ext:mp3,bytes=7954137
    Pick,ref:40e692813b8bd9d4,title:Suite no 3 for solo cello- Prelude,path:0 Classique/0 gat/andres segovia - the segovia collection vol. 01 (1987)/07 Suite no 3 for solo cello- Prelude.mp3,ext:mp3,bytes=10351087
    Pick,ref:6bcc323db5530e21,title:Suite no 3 for solo cello- Allemande,path:0 Classique/0 gat/andres segovia - the segovia collection vol. 01 (1987)/08 Suite no 3 for solo cello- Allemande.mp3,ext:mp3,bytes=9057507
    Pick,ref:8920f3f983718c0e,title:Suite no 3 for solo cello- Courante,path:0 Classique/0 gat/andres segovia - the segovia collection vol. 01 (1987)/09 Suite no 3 for solo cello- Courante.mp3,ext:mp3,bytes=8203824
    Pick,ref:d9e1f04b933a3325,title:Suite no 3 for solo cello- Sarabande,path:0 Classique/0 gat/andres segovia - the segovia collection vol. 01 (1987)/10 Suite no 3 for solo cello- Sarabande.mp3,ext:mp3,bytes=10614405
    Pick,ref:8f08f27de458e9b5,artist:11 Suite no 3 for solo cello- Bourre I,title:Bourre II,path:0 Classique/0 gat/andres segovia - the segovia collection vol. 01 (1987)/11 Suite no 3 for solo cello- Bourre I - Bourre II.mp3,ext:mp3,bytes=10138999
    Pick,ref:1dcdb5802ac30bc1,title:Prelude for lute,path:0 Classique/0 gat/andres segovia - the segovia collection vol. 01 (1987)/13 Prelude for lute.mp3,ext:mp3,bytes=3139187
    Pick,ref:9e820d93cd73f1a9,title:Siciliano (from violin sonata no 1),path:0 Classique/0 gat/andres segovia - the segovia collection vol. 01 (1987)/14 Siciliano (from violin sonata no 1).mp3,ext:mp3,bytes=7991731
    Pick,ref:86724c42e353373a,title:Gavotte en rondeau (from violin partita no 3),path:0 Classique/0 gat/andres segovia - the segovia collection vol. 01 (1987)/15 Gavotte en rondeau (from violin partita no 3).mp3,ext:mp3,bytes=7177688
    Pick,ref:3b7ca2279f0ef9c9,title:Chaconne (from violin partita no 2),path:0 Classique/0 gat/andres segovia - the segovia collection vol. 01 (1987)/16 Chaconne (from violin partita no 2).mp3,ext:mp3,bytes=33325282
