Snap:H
  H:LakeNets,Run
    A:Lies
      self,round=34	{"mung":["age"]}
      w:Lies
        examining	{"loopy":2}
          req:timemachine,playing=0
          Spotlight	{"ref":{"src":"%What:story"}}
        Opt
          nowriting
        req:Cortex,eternal
        req:Store,eternal,maz=7,ok
          Good,type:text/Waft,path:wormhole/Ghost/LakeNets/toc.snap,waft_path:Ghost/LakeNets
            known,dige:0b46cb488033f888,kind:read,at=1781070398.932
          Good,type:text/Doc,path:Ghost/Story/Peeroleum.g
            known,dige:5243d16758eb710b,kind:read,at=1781070399.291
          req:Open,path:Ghost/Story/Peeroleum.g,finished
        req:desire
          req:acquire,maz=9,finished
          Waft:Ghost/LakeNets	{"ref":{"src":"%Waft:Ghost/LakeNets"}}
        req:git
        req:wants
          want=1781070399021,kind:cold
          want=1781070399084,kind:cold
          want=1781070399185,kind:cold,resolved
        Waft:Ghost/LakeNets
          What:foundations
            What:story
              Doc:Ghost/Story/Peeroleum.g
              Point,method:LakeNetherland
            What:peer
              Doc:Ghost/Peeroleum.g
              Point,method:Peeroleum
          What:transport
            What:first look
              Doc:Ghost/Peeroleum.g
              Point,method:transport
              Point,method:PeerJS
            What:reliability
              Doc:Ghost/Peeroleum.g
              Point,method:Socket
              Point,method:Mesh
          What:integration
            What:story
              Doc:Ghost/Story/Peeroleum.g
              Point,method:LakeNetherland
            What:peer
              Doc:Ghost/Peeroleum.g
              Point,method:Peeroleum
              Point,method:Harbour
        o_elvis:Lies_desire_play
        o_elvis:Lies_desire_pause
        o_elvis:Lies_desire_step
        self,round=34	{"mung":["age"]}
    A:Lang
      self,round=23	{"mung":["age"]}
      w:Lang
        model,cyto_dir
        docks
          dock:Ghost/Story/Peeroleum.g,active	{"loopy":1}
            req:Languish
              req:text_loaded,maz=3,finished
              req:text_mutated,maz=2,eternal
              req:compile,maz=2,finished
            Text,dige:5243d16758eb710b,disk_dige:5243d16758eb710b,disk_rev
            Compile
              methods
                def,method:LakeNetherland,from,to=16,line=2	{"ref":{"region_path":"[]"}}
              time,compile=0.002,all=0.256
              Output,gen_path:gen/Story/Peeroleum.go,dige:eb7e3d598f61b78b,source_dige:5243d16758eb710b
               source: |
                 <script lang="ts">
                     // GENERATED by Lang compile — do not edit by hand.
                     import { TheC } from "$lib/data/Stuff.svelte"
                     import { onMount } from "svelte"
                 
                     let { H } = $props()
                 
                     onMount(async () => {
                     await H.eatfunc({
                 
                     Ghostmeta_Ghost_Story_Peeroleum(): string { return '5243d16758eb710b' },
                 
                 
                 LakeNetherland(A,w) {
                     w.i({see:'y LakeNetherland'})
                     // < the orchestration of Peeroleum-involved C**
                 
                 },
                 
                     })
                     })
                 </script>
            Pmirrors
              Pmirror,src_Waft:Ghost/LakeNets,spec:LakeNetherland	{"ref":{"src_Point":"%Point:1, method:LakeNetherland, class:focus"}}
                graft,bookmark_id:g_1,from,to=16,line=2
        scheme:req
          lematch	{"ref":{"sc_has":"Object()"}}
            lematch	{"ref":{"sc_has":"Object()"}}
        Languinio	{"loopy":3}
          LE	{"loopy":0,"ref":{"target":"%What:story"}}
          Interest	{"ref":{"src":"%What:story"}}
          {"loopy":1,"ks":"%dock:Ghost/Story/Peeroleum.g, active:1"}	
          Change
            backend,dige:5243d
            storage,dige:5243d,dim:false
            compile,dige:5243d,dim:false,secs=0.002
        {"loopy":0,"ks":"%LE:1, target:%What"}	
          Seem:origin	{"ref":{"Se":"Selection()","opt":"Object()","C":"%What:story","topD":"%Demonstrations:origin"}}
            Demonstrations:origin
              Demonstrations:origin,Doc:Ghost/Story/Peeroleum.g
              Demonstrations:origin,Point,method:LakeNetherland
            News:origin,goners=0,neus=2
          Seem:working	{"ref":{"Se":"Selection()","opt":"Object()","C":"%What:story","topD":"%Demonstrations:working"}}
            Demonstrations:working
              Demonstrations:working,Doc:Ghost/Story/Peeroleum.g
                Understandable
              Demonstrations:working,Point,method:LakeNetherland
                Understandable,unshowing
              Understandable
            News:working,goners=0,neus=2
          State,changey
          {"encode":1,"snap_origin":"Doc:Ghost/Story/Peeroleum.g\nPoint,method:LakeNetherland\n","snap_working":"Doc:Ghost/Story/Peeroleum.g\nPoint,method:LakeNetherland,class:caution\nPoint,method:LakeNetherland,class:focus\n","dirty":"1"}
        req:workon,following
          req:settle
            checkout,what:story
            furnish,doc_path:Ghost/Story/Peeroleum.g,have_dock
            ttlilt,waiting:dock,timed_out
            compile,have_methods
            ttlilt,waiting:methods,timed_out
            graft,n_pmirrors
        o_elvis:Lang_open_dock
        Opt
          txtsyntaxdump
          nogen
        received,doc_opened,doc:Ghost/Story/Peeroleum.g
        received,editorBegins,doc:Ghost/Story/Peeroleum.g
        o_elvis:Lies_compile_settled
        self,round=23	{"mung":["age"]}
        see:🟦 tiles 0 bookmarks
    A:Pantheate
      self,round=12	{"mung":["age"]}
      w:Pantheate
        self,round=12	{"mung":["age"]}
        o_elvis:Ghost_update_notify
    watched:ave
      {"loopy":2,"ks":"%examining:1"}	
      {"loopy":3,"ks":"%Languinio:1"}	
    watched:UIs
      UI:Lies	{"ref":{"component":"Function()"}}
      UI:Langui	{"ref":{"component":"Function()"}}
    watched:actions
      action,role:debookmark,label:-marks	{"ref":{"fn":"Function()"}}
      action,role:enbookmark,label:+marks	{"ref":{"fn":"Function()"}}
      action,role:compile,label:compile	{"ref":{"fn":"Function()"}}
      action,role:lang_pick,kind:dropdown,label:language,icon:✎,value:stho	{"ref":{"options":"[Object(),Object()]","on_pick":"Function()"}}
      action,role:gen_parser,label:gen,icon:⚙,disabled:true	{"ref":{"fn":"Function()"}}
      action,role:nogen,label:nogen,icon:nogen,cls:toggle-off	{"ref":{"fn":"Function()"}}
      action,role:softgen,label:softgen,icon:softgen,cls:toggle-off	{"ref":{"fn":"Function()"}}
      action,role:compo,label:compo,icon:compo,cls:toggle-off	{"ref":{"fn":"Function()"}}
    mo:main,interval=3.6	{"mung":["id"]}
