story:LakeNets
  Styles
  Plan
    Prep
      i_elvisto:Lies,e:Lies_open_Waft
        esc:path,v:Story/LakeNets/Waftily
    Prep=2
      i_elvisto:Lang,e:mark
        esc:LE,v
        esc:op,v:add
        {"esc":"sc","v":{"Point":1,"method":"LakeNetherland","class":"focus"}}
    Prep=3
      i_elvisto:Lang,e:mark
        esc:LE,v
        esc:op,v:edit
        esc:spec,v:LakeNetherland
        {"esc":"patch","v":{"class":"caution"}}
    Prep=4
      i_elvisto:Lang,e:mark
        esc:LE,v
        esc:op,v:unshow
        esc:spec,v:LakeNetherland
    Prep=5
      i_elvisto:Lang,e:mark
        esc:LE,v
        esc:op,v:show
        esc:spec,v:LakeNetherland
    Prep=6
      i_elvisto:Lang,e:mark
        esc:LE,v
        esc:op,v:drop
        esc:spec,v:LakeNetherland
    Prep=7
      i_elvisto:Lang,e:mark
        esc:LE,v
        esc:op,v:undrop
        esc:spec,v:LakeNetherland
    Prep=8
      i_elvisto:Lang,e:operate
        esc:LE,v
        esc:op,v:push
    Prep=9
      i_elvisto:Lies,e:operate
        esc:LE,v
        esc:op,v:next
    Prep=10
      i_elvisto:Lies,e:operate
        esc:LE,v
        esc:op,v:branch
    Prep=11
      i_elvisto:Lies,e:operate
        esc:LE,v
        esc:op,v:prev
    Prep=12
      i_elvisto:Lies,e:operate
        esc:LE,v
        esc:op,v:up
  Opt
    For
      w:Lies
        nowriting
        dontSnapGhostList
      w:Lang
        txtsyntaxdump
        nogen
        nopush
    quiesce_snap_time=0.4
    trickle
  TimeSpool
    TimeTotal:beliefs,avg=1.485
      sample=0.768,at=1782794969
      sample=2.296,at=1782831079
      sample=0.775,at=1782899392
      sample=0.775,at=1782899484
      sample=1.036,at=1782900020
      sample=1.043,at=1782907403
      sample=2.855,at=1782915670
      sample=1.674,at=1782915700
      sample=0.986,at=1782959339
      sample=2.646,at=1782962749
    TimeTotal:step,avg=0.115
      sample=0.059,at=1782794969
      sample=0.177,at=1782831079
      sample=0.06,at=1782899392
      sample=0.06,at=1782899484
      sample=0.08,at=1782900020
      sample=0.08,at=1782907403
      sample=0.22,at=1782915670
      sample=0.129,at=1782915700
      sample=0.076,at=1782959339
      sample=0.204,at=1782962749
  EntropyProfile,Wref:Trope/Lies/NormalEntropy
  EntropyArrest
    Entcase:wants_want
      lematch,req:wants
        lematch,want,kind
          means,spayer,re:want={INT}.kind,tol:band,factor=1.5
  step,dige:8e92b64225b3b211
  step=2,dige:6f28e5b46342dd27
  step=3,dige:323a05b812e232b3
  step=4,dige:d113630c20fa3199
  step=5,dige:35179f3742fe0126
  step=6,dige:f029439012c28690
  step=7,dige:7f37c810784b81b2
  step=8,dige:66806269ad50dd37
  step=9,dige:03b7c7e2726782a7
  step=10,dige:2fba2f2ba47bba42
  step=11,dige:a7ddd10749d17833
  step=12,dige:c6eb0778c54beaf7
  step=13,dige:3b8898d00dc4e569
