story:LakeNets
  Styles
    matstyle:w
      style:background-color,v:#8f3232
      meta:is_compound,v
      meta:label,fmt:%s,keys:w
    matstyle:model
      style:background-color,v:#2fb155
    matstyle:docs
      style:background-color,v:#8e29d6
    matstyle:see
      style:background-color,v:#c5b759
    matstyle:error
      style:background-color,v:#298699
    matstyle:Opt
      style:background-color,v:#bc2476
    matstyle:open_req
      style:background-color,v:#61bd42
    matstyle:requesty_rw_queue_serial
      style:background-color,v:#534ed0
    matstyle:requesty_rw_queue
      style:background-color,v:#a34b1f
    matstyle:req_sent
      style:background-color,v:#3aa67e
    matstyle:loaded_doc
      style:background-color,v:#bd36c9
    matstyle:doc
      style:background-color,v:#bbdb43
    matstyle:received
      style:background-color,v:#32618f
    matstyle:open_Waft_req
      style:background-color,v:#8259c5
    matstyle:Waft
      style:background-color,v:#997429
    matstyle:Doc
      style:background-color,v:#24bcb6
    matstyle:Points
      style:background-color,v:#bd429e
    matstyle:Point
      style:background-color,v:#89d04e
    matstyle:open_waft_req
      style:background-color,v:#bd429e
    matstyle:lang_actions
      style:background-color,v:#89d04e
    matstyle:examining
      style:background-color,v:#1f35a3
    matstyle:Compile
      style:background-color,v:#a6483a
    matstyle:methods
      style:background-color,v:#36c974
    matstyle:Output
      style:background-color,v:#af43db
    matstyle:cyto_cons
      style:background-color,v:#8f8f32
    matstyle:cyto_edge
      style:background-color,v:#2f8bb1
    matstyle:Pending
      style:background-color,v:#d62970
    matstyle:compile_error
      style:background-color,v:#66c559
    matstyle:nogen
      style:background-color,v:#3c2999
  Plan
    Prep
      i_elvisto:Lies,e:Lies_open_Waft
        esc:path,v:Ghost/LakeNets
    Prep:2
      i_elvisto:Lang,e:LE_operate
        esc:op,v:add
        {"esc":"sc","v":{"Point":1,"method":"LakeNetherland","class":"focus"}}
    Prep:3
      i_elvisto:Lang,e:LE_operate
        esc:op,v:edit
        esc:spec,v:LakeNetherland
        {"esc":"patch","v":{"class":"caution"}}
    Prep:4
      i_elvisto:Lang,e:LE_operate
        esc:op,v:unshow
        esc:spec,v:LakeNetherland
    Prep:5
      i_elvisto:Lang,e:LE_operate
        esc:op,v:show
        esc:spec,v:LakeNetherland
    Prep:6
      i_elvisto:Lang,e:LE_operate
        esc:op,v:drop
        esc:spec,v:LakeNetherland
    Prep:7
      i_elvisto:Lang,e:LE_operate
        esc:op,v:undrop
        esc:spec,v:LakeNetherland
    Prep:8
      i_elvisto:Lang,e:LE_operate
        esc:op,v:push
    Prep:9
      i_elvisto:Lies,e:LE_operate
        esc:op,v:next
    Prep:10
      i_elvisto:Lies,e:LE_operate
        esc:op,v:branch
    Prep:11
      i_elvisto:Lies,e:LE_operate
        esc:op,v:prev
    Prep:12
      i_elvisto:Lies,e:LE_operate
        esc:op,v:up
  Opt
    For
      w:Lies
        nowriting
      w:Lang
        txtsyntaxdump
        nogen
    quiesce_snap_time:0.4
    noCyto
    trickle
  TimeSpool
    TimeTotal:beliefs,avg:1.651
      sample:2.356,at:1780564943
      sample:2.363,at:1780565038
      sample:1.63,at:1780566335
      sample:2.022,at:1780567055
      sample:1.437,at:1780568743
      sample:1.459,at:1780568799
      sample:1.459,at:1780568813
      sample:1.175,at:1780569462
      sample:1.217,at:1780569498
      sample:1.397,at:1780569700
  step,dige:93f520424fb3da91
  step:2,dige:37bef69df11eaf36
  step:3,dige:d03d7b5ceff862c8
  step:4,dige:a68707640055a4ec
  step:5,dige:7e883dc6b3eaffab
  step:6,dige:6fb336d66fed8094
  step:7,dige:1204ca1a109aa855
  step:8,dige:f618effdf3366980
  step:9,dige:b425c71b68b78e13
  step:10,dige:a22d48ce95f05a33
  step:11,dige:52d1bb743ee2042f
  step:12,dige:13b2fdcb6c59fdfe
  step:13,dige:0f972b66c7731d46
