story:LakeNets
  Styles
  Plan
    Prep
      i_elvisto:Lies,e:Lies_open_Waft
        esc:path,v:Story/LakeNets/Waftily
    Prep=2
      i_elvisto:Lang,e:mark
        esc:LE,v
        esc:op,v:add
        {"esc":"sc","v":{"Point":1,"method":"LakeNetherland","class":"focus"}}
    Prep=3
      i_elvisto:Lang,e:mark
        esc:LE,v
        esc:op,v:edit
        esc:spec,v:LakeNetherland
        {"esc":"patch","v":{"class":"caution"}}
    Prep=4
      i_elvisto:Lang,e:mark
        esc:LE,v
        esc:op,v:unshow
        esc:spec,v:LakeNetherland
    Prep=5
      i_elvisto:Lang,e:mark
        esc:LE,v
        esc:op,v:show
        esc:spec,v:LakeNetherland
    Prep=6
      i_elvisto:Lang,e:mark
        esc:LE,v
        esc:op,v:drop
        esc:spec,v:LakeNetherland
    Prep=7
      i_elvisto:Lang,e:mark
        esc:LE,v
        esc:op,v:undrop
        esc:spec,v:LakeNetherland
    Prep=8
      i_elvisto:Lang,e:operate
        esc:LE,v
        esc:op,v:push
    Prep=9
      i_elvisto:Lies,e:operate
        esc:LE,v
        esc:op,v:next
    Prep=10
      i_elvisto:Lies,e:operate
        esc:LE,v
        esc:op,v:branch
    Prep=11
      i_elvisto:Lies,e:operate
        esc:LE,v
        esc:op,v:prev
    Prep=12
      i_elvisto:Lies,e:operate
        esc:LE,v
        esc:op,v:up
  Opt
    For
      w:Lies
        nowriting
        dontSnapGhostList
      w:Lang
        txtsyntaxdump
        nogen
        nopush
    quiesce_snap_time=0.4
    noCyto
    trickle
  TimeSpool
    TimeTotal:beliefs,avg=1.353
      sample=1.744,at=1781863420
      sample=1.744,at=1781865121
      sample=1.955,at=1781882033
      sample=1.955,at=1781882044
      sample=0.447,at=1781882680
      sample=1.414,at=1781882727
      sample=1.414,at=1781882761
      sample=1.231,at=1781888267
      sample=0.814,at=1781888291
      sample=0.814,at=1781888330
  step,dige:e35c7ed50ffa0327
  step=2,dige:face93fc235ca68a
  step=3,dige:5b5ddb343d380c84
  step=4,dige:39337d800c85b0ef
  step=5,dige:97bd7f5b05b8539e
  step=6,dige:cc365f75a6e653ee
  step=7,dige:31e0df4fa4750165
  step=8,dige:49b3e9c94de535bd
  step=9,dige:9710ca368df8e2a9
  step=10,dige:38de83cc102e400f
  step=11,dige:49b865a944207ec2
  step=12,dige:aa6eaf70d4557dba
  step=13,dige:133a88ae2c99fde1
