Waft:Ghost/Net/Easy
  Funkcion:CreduFunk
  What:the peer
    Doc:Ghost/N/Peeroleum.g
    Point,method:Peeroleum
    Point,method:req_p2pman
    Point,method:req_p2paddy
    Point,method:req_handshake
  What:the test
    Point,method:Peregrination
    Point,method:Run_A_Peregrination
    Doc:Ghost/Story/Peregrination.g
    Point,method:LakeNetherland
  What:transport
    What:mock
      Doc:Ghost/N/Peeroleum.g
      Point,method:transport
      Point:seemingly
    What:webrtc-or-not
      What:reliability
        Doc:Ghost/N/Tribunal.g
        Point,method:PeerJS
        Point,method:Socket
        Point,method:Tribunal_hand_to_webrtc
        Point,method:Tribunal_pair_websocket
        Point,method:Tribunal_fall_to_websocket
        Point,method:Tribunal_reputation_good
      What:the trial
        Doc:Ghost/Story/Peregrination.g
        Point,method:Lake_trial_arm
        Point,method:Lake_trial_fallback
        Point,method:Lake_trial_confirm
  What:the spec
    Doc:src/lib/O/spec/Peeroleum_spec.md
    Doc:src/lib/O/spec/Peeroleum_handover.md
