story:MusuPoolFill
  Styles
  Plan
  Opt
    For
  TimeSpool
    TimeTotal:beliefs,avg=0.026
      sample=0.025,at=1788353945
      sample=0.025,at=1788353946
      sample=0.024,at=1788354077
      sample=0.03,at=1788354103
      sample=0.049,at=1788354443
      sample=0.024,at=1788354454
      sample=0.016,at=1788354675
      sample=0.016,at=1788354833
      sample=0.03,at=1788425557
      sample=0.023,at=1788496141
    TimeTotal:step,avg=0.004
      sample=0.004,at=1788353945
      sample=0.004,at=1788353946
      sample=0.004,at=1788354077
      sample=0.005,at=1788354103
      sample=0.008,at=1788354443
      sample=0.004,at=1788354454
      sample=0.003,at=1788354675
      sample=0.003,at=1788354833
      sample=0.005,at=1788425557
      sample=0.004,at=1788496141
  step,dige:80c1d9611de5c2e9
  step=2,dige:c4d2698f99d6fab1
  step=3,dige:9072793e3b0f0944
    Assertion:the-captain-books-a,sentence:the captain books a pool fill as a standing reach toward its crew cave — the intent wears by and resolves its address and a re-book lands on the one particle
  step=4,dige:6579e4f4cc270392
    Assertion:the-cave-road-admits,sentence:the cave road admits its captain and the live doer presses the asked track from its own library into its pool — the artifact stands servable behind the one catalog door and the served copy graduates
  step=5,dige:daf1b8f8ac93c555
    Assertion:the-arrived-ack-lands,sentence:the arrived ack lands the fill — the captain siphons the served artifact through the crew mirror byte for byte into its own pool and the fulfilled reach drops away
  step=6,dige:3db227c2f91f1a70
    Assertion:a-track-the-cave,sentence:a track the cave does not hold refuses honestly — not in library crosses as the named why and the refused receipt stands on both sides
