Snap:H
  H:MusuLikeHaul,Run
    A:MusuLikeHaul
      self,round=3	{"mung":["age"]}
      w:MusuLikeHaul,now=1788400000
        self,round=3	{"mung":["age"]}
        req:wrangle,eternal
        testing
          reached:step_2
          asked,two_likes_one_jam,press_mints_no_heist,pressing_again_takes_it_back,and_again_asks_afresh,only_the_friend_is_owed
        Errlog
          Err,sig:14lslw1,kind:error,where:req_do_fn:req,msg:f is not defined,n:1,count:3
        MusuThem,pub:friendo
          stock,pub:friendo
            Record,id:r1,title:Track One,artist:Friendo
            Record,id:r2,title:Track Two,artist:Friendo
            Record,id:r3,title:Track Three,artist:Friendo
        MusuSelf,pub:me
          stock,pub:me
            Jam,with:friendo
              Like,of:r2,title:Track Two,at=2
              Like,of:r1,title:Track One,at=3
            Record,id:own1,title:Mine
            Jam,with:me
              Like,of:own1,title:Mine,at
          shop,pub:me
