story:SwarmWire
  Styles
  Plan
  Opt
    For
  TimeSpool
    TimeTotal:beliefs,avg=0.086
      sample=0.046,at=1784377605
      sample=0.038,at=1784377933
      sample=0.038,at=1784377936
      sample=0.038,at=1784377939
      sample=0.038,at=1784377940
      sample=0.038,at=1784377941
      sample=0.038,at=1784377942
      sample=0.06,at=1784377949
      sample=0.459,at=1784382438
      sample=0.068,at=1784714557
    TimeTotal:step,avg=0.018
      sample=0.009,at=1784377605
      sample=0.008,at=1784377933
      sample=0.008,at=1784377936
      sample=0.008,at=1784377939
      sample=0.008,at=1784377940
      sample=0.008,at=1784377941
      sample=0.008,at=1784377942
      sample=0.012,at=1784377949
      sample=0.092,at=1784382438
      sample=0.014,at=1784714557
  step,dige:707011a29fe51dc1
  step=2,dige:96a4b3efee164265
    Assertion:stations-stand,sentence:two stations stand on the spine — the swarm frame kinds armed on the world
  step=3,dige:be559dbe91bbbd13
    Assertion:link-authenticated,sentence:the link authenticated first — hello and trust both ways before any swarm frame
  step=4,dige:a60d566ae988ed0f
    Assertion:friendship-sealed,sentence:the friendship sealed over the wire — mutual Music grants at both ends
    Assertion:frames-crossed,sentence:pier_hello and pier_accept crossed as real frames — booked through outbox and inbox
  step=5,dige:8851280c48d3bb19
    Assertion:spent-nonce-refuses,sentence:the spent nonce refuses over the wire too — a pier_reject crossed back
