story:PortPlan
  Styles
    matstyle:w
      style:background-color,v:#8f3232
      meta:is_compound,v
      meta:label,fmt:%s,keys:w
    matstyle:De
      style:background-color,v:#2fb155
    matstyle:req
      style:background-color,v:#8e29d6
    matstyle:error
      style:background-color,v:#c5b759
  Plan
  Opt
    For
    noCyto
  TimeSpool
    TimeTotal:beliefs,avg=0.01
      sample=0.009,at=1781569953
      sample=0.012,at=1781570386
      sample=0.012,at=1781570396
      sample=0.01,at=1781572153
      sample=0.011,at=1781572399
      sample=0.008,at=1781572409
      sample=0.009,at=1781572581
      sample=0.011,at=1781572622
      sample=0.01,at=1781572741
      sample=0.013,at=1781573495
  step,dige:24f038e22fb7a5f6
  step=2,dige:c3ba9d5a7d23ec8f
