story:PotPlaner
  Styles
    matstyle:w
      style:background-color,v:#8f3232
      meta:is_compound,v
      meta:label,fmt:%s,keys:w
    matstyle:scheme
      style:background-color,v:#2fb155
    matstyle:lematch
      style:background-color,v:#8e29d6
    matstyle:Sprout
      style:background-color,v:#c5b759
    matstyle:see
      style:background-color,v:#298699
    matstyle:De
      style:background-color,v:#bc2476
    matstyle:req
      style:background-color,v:#61bd42
    matstyle:waits
      style:background-color,v:#534ed0
  Plan
  Opt
    For
  TimeSpool
    TimeTotal:beliefs,avg:2.031
      sample:9.811,at:1778919646
      sample:9.811,at:1778919653
      sample:0.081,at:1778919674
      sample:0.049,at:1778920009
      sample:0.057,at:1778920032
      sample:0.129,at:1778920047
      sample:0.195,at:1778920073
      sample:0.069,at:1778920107
      sample:0.061,at:1778920150
      sample:0.052,at:1778920183
  step,dige:04bfb6247f28731b
  step:2,dige:aba3bc1915da8f57
