story:MusuReco
  Styles
    matstyle:w
      style:background-color,v:#8f3232
      meta:is_compound,v
      meta:label,fmt:%s,keys:w
    matstyle:req
      style:background-color,v:#2fb155
    matstyle:reached
      style:background-color,v:#8e29d6
    matstyle:Peering
      style:background-color,v:#c5b759
    matstyle:Pier
      style:background-color,v:#298699
    matstyle:Ud
      style:background-color,v:#bc2476
    matstyle:active_transport
      style:background-color,v:#61bd42
    matstyle:Library
      style:background-color,v:#534ed0
    matstyle:Record
      style:background-color,v:#a34b1f
    matstyle:Stream
      style:background-color,v:#3aa67e
    matstyle:outbox
      style:background-color,v:#bd36c9
    matstyle:emit
      style:background-color,v:#bbdb43
    matstyle:inbox
      style:background-color,v:#32618f
    matstyle:preview
      style:background-color,v:#b12f4a
    matstyle:Reco
      style:background-color,v:#29d638
    matstyle:refused
      style:background-color,v:#8259c5
    matstyle:early
      style:background-color,v:#997429
    matstyle:witnessed
      style:background-color,v:#24bcb6
    matstyle:see
      style:background-color,v:#bd429e
    matstyle:parked_want
      style:background-color,v:#89d04e
    matstyle:Opt
      style:background-color,v:#1f35a3
    matstyle:skipped
      style:background-color,v:#af43db
  Plan
  Opt
    waitCyto
    dontSnapCyto
    For
  TimeSpool
    TimeTotal:beliefs,avg=1.067
      sample=1.397,at=1783288782
      sample=1.038,at=1783331350
      sample=1.17,at=1783343692
      sample=0.941,at=1783442622
      sample=0.941,at=1783442643
      sample=0.965,at=1783442700
      sample=0.985,at=1783443859
      sample=0.937,at=1783447755
      sample=0.951,at=1783697395
      sample=1.341,at=1783714940
    TimeTotal:step,avg=0.097
      sample=0.127,at=1783288782
      sample=0.094,at=1783331350
      sample=0.106,at=1783343692
      sample=0.086,at=1783442622
      sample=0.086,at=1783442643
      sample=0.088,at=1783442700
      sample=0.09,at=1783443859
      sample=0.085,at=1783447755
      sample=0.086,at=1783697395
      sample=0.122,at=1783714940
  step,dige:3dbd760e21c9003f
  step=2,dige:bd403f2eaa545bb0
  step=3,dige:c2a87f798979b983
  step=4,dige:fb4c95bddc443455
  step=5,dige:81233dee6dbf78e7
  step=6,dige:1da26710526df536
  step=7,dige:7491190373b8a7ee
  step=8,dige:781b4cccf26f4a5f
  step=9,dige:fc38600ac1fb6d37
  step=10,dige:424444f33148eba9
  step=11,dige:91f7b19f79ae6dd2
