Credulation
  run=0,at=1782036520.13,ok,ok_pct,book:PereStaple,mode:check
    uses:Ghost_N_Peeroleum,dige:44c4342c851503c4
    uses:Ghost_N_Tribunal,dige:8547ff44d47d7d2c
    uses:Ghost_Story_Peregrination,dige:a23bc110db3251ac
    uses:Ghost_N_Tyrant,dige:d9455412901394d4
  run,at=1782082420.684,ok=0,ok_pct=0.86,book:PereStaple,mode:check
    uses:Ghost_N_Peeroleum,dige:69bb10f57bf7590d
    uses:Ghost_N_Tribunal,dige:8547ff44d47d7d2c
    uses:Ghost_Story_Peregrination,dige:a23bc110db3251ac
    uses:Ghost_N_Tyrant,dige:d9455412901394d4
