Waft:Ghost/Tour
  What:itis
    Doc:Ghost/test/Story/Lake/Idzeuzia.g
      Point,method:Idzeugnosis
      Point:Idzeuganise
      Point:Idvoyage_verify
  What:itis
    Doc:src/lib/ghost/Radios.svelte
      Point:reset
  What:itis
    Doc:Ghost/test/Story/Lake/LakeTiles.g
  What:itis
    Doc:src/lib/p2p/Peerily.svelte.ts
      Point:Pier
      Point:emit
