H:LeafFarm,Run
  A:farm
    {"mung":["age"]}	self,round:2
    w:farm
      sunshine,dose:0.8823212366975177
      sunny_streak,count:2
      poo,dose:0.629
      {"mung":["age"]}	self,round:2
      leaf,leaf_id:leaf_2_0,dose:0.1
  A:plate
    {"mung":["age"]}	self,round:2
    w:plate
      sunshine,dose
      leaf,leaf_id:seed_0,dose:1.9392,tick:2
      {"mung":["age"]}	self,round:2
      mouthful,mouthful_id:seed_0_m2,dose:0.33,spawning_from:seed_0,ttl:0
  A:enzymeco
    {"mung":["age"]}	self,round:2
    w:enzymeco
      {"mung":["age"]}	self,round:2
  {"mung":["id"]}	mo:main,interval:3.6
  Se:workrepo
    openity,v:-11
    housed:3,A:farm
      openity,v:-11
      housed:3,w:farm
        openity,v:-11
    housed:3,A:plate
      openity,v:-11
      housed:3,w:plate
        openity,v:-11
    housed:3,A:enzymeco
      openity,v:-11
      housed:3,w:enzymeco
        openity,v:-11
