Snap:H
  H:LeafFarm,Run
    A:farm
      {"mung":["age"]}	self,round:4
      w:farm
        sunshine,dose:1.066019542983613
        sunny_streak,count:4
        poo,dose:1.0834525
        leaf,leaf_id:leaf_2_0,dose:0.14884000000000003
        leaf,leaf_id:leaf_3_0,dose:0.12200000000000001
        {"mung":["age"]}	self,round:4
        leaf,leaf_id:leaf_4_0,dose:0.1
    A:plate
      {"mung":["age"]}	self,round:4
      w:plate
        sunshine,dose
        leaf,leaf_id:seed_0,dose:1.3892,tick:2
        material:basic,amount:0.38062500000000005
        {"mung":["age"]}	self,round:4
        mouthful,mouthful_id:seed_0_m4,dose:0.29,spawning_from:seed_0,ttl:0
    A:enzymeco
      {"mung":["age"]}	self,round:4
      w:enzymeco
        {"mung":["age"]}	self,round:4
    {"mung":["id"]}	mo:main,interval:3.6
Snap:cytowave
  {"upsert":1,"id":"cytoid_1_1_1","label":"sunshine\ndose:1.07"}
    style,height:27
    style,width:27
  {"upsert":1,"id":"cytoid_1_1_2","label":"poo\ndose:1.08"}
  {"upsert":1,"id":"cytoid_1_1_3","label":"🌿\n0.149!"}
  {"upsert":1,"id":"cytoid_1_1_4","label":"🌿\n0.122!","parent":"cytoid_1_1"}
    style,background-color:#29d638
    style,color:#b0ffb0
    style,height:6
    style,shape:ellipse
    style,width:6
  {"upsert":1,"id":"cytoid_1_2_2","label":"🌿\n1.389!"}
    style,height:14
    style,width:14
  {"upsert":1,"id":"cytoid_1_2_3","label":"mouthful\nmouthful_id:seed_0_m4\ndose:0.29\nspawning_from:seed_0\nttl:0"}
  {"upsert":1,"id":"cytoid_1_2_4","label":"material:basic\namount:0.38"}
