H:LeafFarm,Run
  A:farm
    {"mung":["age"]}	self,round:7
    w:farm
      sunshine,dose:1.0316046833244368
      sunny_streak,count:7
      poo,dose:1.5400252665625
      leaf,leaf_id:leaf_2_0,dose:0.2702708163200001
      leaf,leaf_id:leaf_3_0,dose:0.22153345600000007
      leaf,leaf_id:leaf_4_0,dose:0.18158480000000005
      {"mung":["age"]}	self,round:7
  A:plate
    {"mung":["age"]}	self,round:9
    w:plate
      o_elvis:receive_harvest
      o_elvis:receive_protein
      o_elvis:deliver_enzyme
      material:basic,amount:0.7558612060546875
      {"mung":["age"]}	self,round:9
      protein,protein_id:prot_7,complexity:2
      mouthful,mouthful_id:seed_0_m9,dose:0.11910404133226776,spawning_from:seed_0,ttl:0
      wants_enzyme
  A:enzymeco
    {"mung":["age"]}	self,round:8
    w:enzymeco
      o_elvis:request_enzyme
      {"mung":["age"]}	self,round:8
      producing,ticks_left:2
        enzyme,units:5
  {"mung":["id"]}	mo:main,interval:3.6
  Se:workrepo
    openity,v:-11
    housed:3,A:farm
      openity,v:-11
      housed:3,w:farm
        openity,v:-11
    housed:3,A:plate
      openity,v:-11
      housed:3,w:plate
        openity,v:-11
    housed:3,A:enzymeco
      openity,v:-11
      housed:3,w:enzymeco
        openity,v:-11
