Snap:H
  H:LeafFarm,Run
    A:farm
      {"mung":["age"]}	self,round:14
      w:farm
        sunshine,dose:0.16421211379320588
        sunny_streak,count:0
        poo,dose:2.033722082396662
        leaf,leaf_id:leaf_2_0,dose:1.0488575038681316
        leaf,leaf_id:leaf_3_0,dose:0.8597192654656817
        leaf,leaf_id:leaf_4_0,dose:0.7046879225128538
        seen:wonder
        {"mung":["age"]}	self,round:14
    A:plate
      {"mung":["age"]}	self,round:14
      w:plate
        sunshine,dose
        material:basic,amount:2.2083690166711807
        wants_enzyme
        shelf,enzyme,units
        shelf,enzyme,units:5
        {"mung":["age"]}	self,round:14
    A:enzymeco
      {"mung":["age"]}	self,round:14
      w:enzymeco
        {"mung":["age"]}	self,round:14
    {"mung":["id"]}	mo:main,interval:3.6
Snap:cytowave
  {"upsert":1,"id":"cytoid_1_1_1","label":"sunshine:1\ndose:0.16"}
    {"style":1,"background-color":"rgb(218,170,11)"}
    style,height:26
    style,width:26
  {"upsert":1,"id":"cytoid_1_1_2","label":"poo:1\ndose:2.03"}
  {"upsert":1,"id":"cytoid_1_1_3","label":"leaf:1\nleaf_id:leaf_2_0\ndose:1.05"}
    {"style":1,"background-color":"rgb(47,162,47)"}
    style,height:31
    style,width:31
  {"upsert":1,"id":"cytoid_1_1_4","label":"leaf:1\nleaf_id:leaf_3_0\ndose:0.86"}
    {"style":1,"background-color":"rgb(44,150,44)"}
    style,height:28
    style,width:28
  {"upsert":1,"id":"cytoid_1_1_5","label":"leaf:1\nleaf_id:leaf_4_0\ndose:0.7"}
    {"style":1,"background-color":"rgb(41,142,41)"}
    style,height:25
    style,width:25
  {"upsert":1,"id":"cytoid_1_2_2","label":"shelf:1\nenzyme:1\nunits:1"}
    style,width:23
  {"upsert":1,"id":"cytoid_1_2_4","label":"material:basic\namount:2.21"}
    {"style":1,"background-color":"rgb(90,63,29)"}
    style,height:22
    style,width:22
