H:LeafFarm,Run
  A:farm
    {"mung":["age"]}	self,round:17
    w:farm
      sunshine,dose:0.13709265883613375
      sunny_streak,count:0
      poo,dose:2.1236095738518497
      leaf,leaf_id:leaf_2_0,dose:1.3959620031619484
      leaf,leaf_id:leaf_3_0,dose:1.1442311501327445
      leaf,leaf_id:leaf_4_0,dose:0.9378943853547087
      seen:wonder
      {"mung":["age"]}	self,round:17
  A:plate
    {"mung":["age"]}	self,round:21
    w:plate
      o_elvis:receive_harvest
      o_elvis:receive_protein
      o_elvis:deliver_enzyme
      material:basic,amount:0.7728384730837686
      wants_enzyme
      shelf,enzyme,units
      {"mung":["age"]}	self,round:21
  A:enzymeco
    {"mung":["age"]}	self,round:18
    w:enzymeco
      o_elvis:request_enzyme
      {"mung":["age"]}	self,round:18
  {"mung":["id"]}	mo:main,interval:3.6
  Se:workrepo
    openity,v:-11
    housed:3,A:farm
      openity,v:-11
      housed:3,w:farm
        openity,v:-11
    housed:3,A:plate
      openity,v:-11
      housed:3,w:plate
        openity,v:-11
    housed:3,A:enzymeco
      openity,v:-11
      housed:3,w:enzymeco
        openity,v:-11
