	{"H":"LeafFarm","Run":1}
  	{"A":"farm"}
    {"mung":["age"]}	{"self":1,"round":21}
    	{"w":"farm"}
      	{"sunshine":1,"dose":0.6084069502421748}
      	{"sunny_streak":1,"count":1}
      	{"poo":1,"dose":2.1919899701105017}
      	{"leaf":1,"leaf_id":"leaf_4_0","dose":1.9439626689080272}
      	{"seen":"wonder"}
      {"mung":["age"]}	{"self":1,"round":21}
  	{"A":"plate"}
    {"mung":["age"]}	{"self":1,"round":25}
    	{"w":"plate"}
      	{"o_elvis":"receive_harvest"}
      	{"o_elvis":"receive_protein"}
      	{"o_elvis":"deliver_enzyme"}
      	{"wants_enzyme":1}
      	{"shelf":1,"enzyme":1,"units":1}
      	{"material":"basic","amount":0.4243962945789099}
      	{"leaf":1,"leaf_id":"leaf_2_0","dose":1.7816344560677926}
      {"mung":["age"]}	{"self":1,"round":25}
      	{"mouthful":1,"mouthful_id":"leaf_2_0_m25","dose":0.26,"spawning_from":"leaf_2_0","ttl":0}
  	{"A":"enzymeco"}
    {"mung":["age"]}	{"self":1,"round":22}
    	{"w":"enzymeco"}
      	{"o_elvis":"request_enzyme"}
      {"mung":["age"]}	{"self":1,"round":22}
  {"mung":["id"]}	{"mo":"main","interval":3.6}
  	{"Se":"workrepo"}
    	{"openity":1,"v":-11}
    	{"housed":3,"A":"farm"}
      	{"openity":1,"v":-11}
      	{"housed":3,"w":"farm"}
        	{"openity":1,"v":-11}
    	{"housed":3,"A":"plate"}
      	{"openity":1,"v":-11}
      	{"housed":3,"w":"plate"}
        	{"openity":1,"v":-11}
    	{"housed":3,"A":"enzymeco"}
      	{"openity":1,"v":-11}
      	{"housed":3,"w":"enzymeco"}
        	{"openity":1,"v":-11}
