	{"H":"LeafFarm","Run":1}
  	{"A":"farm"}
    {"mung":["age"]}	{"self":1,"round":24}
    	{"w":"farm"}
      	{"sunshine":1,"dose":0.9968339319245763}
      	{"sunny_streak":1,"count":4}
      	{"poo":1,"dose":2.2208058403941116}
      	{"leaf":1,"leaf_id":"leaf_2_0","dose":1.9485051172442887}
      	{"leaf":1,"leaf_id":"leaf_2_1","dose":1.9485051172442887}
      	{"leaf":1,"leaf_id":"leaf_2_2","dose":0.3897010234488574}
      	{"leaf":1,"leaf_id":"leaf_3_0","dose":1.5971353420035153}
      	{"leaf":1,"leaf_id":"leaf_3_1","dose":1.5971353420035153}
      	{"leaf":1,"leaf_id":"leaf_3_2","dose":0.3194270684007028}
      	{"leaf":1,"leaf_id":"leaf_4_0","dose":1.3091273295110784}
      	{"leaf":1,"leaf_id":"leaf_4_1","dose":1.3091273295110784}
      	{"leaf":1,"leaf_id":"leaf_4_2","dose":0.26182546590221534}
      	{"leaf":1,"leaf_id":"leaf_5_0","dose":1.0730551881238346}
      	{"leaf":1,"leaf_id":"leaf_5_1","dose":1.0730551881238346}
      	{"leaf":1,"leaf_id":"leaf_5_2","dose":0.21461103762476672}
      	{"leaf":1,"leaf_id":"leaf_6_0","dose":0.8795534328883888}
      	{"leaf":1,"leaf_id":"leaf_6_1","dose":0.8795534328883888}
      	{"leaf":1,"leaf_id":"leaf_6_2","dose":0.1759106865776776}
      	{"leaf":1,"leaf_id":"leaf_7_0","dose":0.7209454367937611}
      	{"leaf":1,"leaf_id":"leaf_7_1","dose":0.7209454367937611}
      	{"leaf":1,"leaf_id":"leaf_7_2","dose":0.1441890873587521}
      	{"leaf":1,"leaf_id":"leaf_8_0","dose":0.5909388826178371}
      	{"leaf":1,"leaf_id":"leaf_8_1","dose":0.5909388826178371}
      	{"leaf":1,"leaf_id":"leaf_8_2","dose":0.11818777652356736}
      	{"leaf":1,"leaf_id":"leaf_9_0","dose":0.484376133293309}
      	{"leaf":1,"leaf_id":"leaf_9_1","dose":0.484376133293309}
      	{"leaf":1,"leaf_id":"leaf_9_2","dose":0.09687522665866174}
      	{"leaf":1,"leaf_id":"leaf_10_0","dose":0.3970296174535319}
      	{"leaf":1,"leaf_id":"leaf_10_1","dose":0.3970296174535319}
      	{"leaf":1,"leaf_id":"leaf_10_2","dose":0.07940592349070633}
      {"mung":["age"]}	{"self":1,"round":24}
  	{"A":"plate"}
    {"mung":["age"]}	{"self":1,"round":28}
    	{"w":"plate"}
      	{"o_elvis":"receive_harvest"}
      	{"o_elvis":"receive_protein"}
      	{"o_elvis":"deliver_enzyme"}
      	{"material":"basic","amount":0.0746281242754776}
      	{"protein":1,"protein_id":"prot_21","complexity":1}
      	{"wants_enzyme":1}
      {"mung":["age"]}	{"self":1,"round":28}
  	{"A":"enzymeco"}
    {"mung":["age"]}	{"self":1,"round":26}
    	{"w":"enzymeco"}
      	{"o_elvis":"request_enzyme"}
      {"mung":["age"]}	{"self":1,"round":26}
  {"mung":["id"]}	{"mo":"main","interval":3.6}
  	{"Se":"workrepo"}
    	{"openity":1,"v":-11}
    	{"housed":3,"A":"farm"}
      	{"openity":1,"v":-11}
      	{"housed":3,"w":"farm"}
        	{"openity":1,"v":-11}
    	{"housed":3,"A":"plate"}
      	{"openity":1,"v":-11}
      	{"housed":3,"w":"plate"}
        	{"openity":1,"v":-11}
    	{"housed":3,"A":"enzymeco"}
      	{"openity":1,"v":-11}
      	{"housed":3,"w":"enzymeco"}
        	{"openity":1,"v":-11}
