Snap:H
  H:LeafFarm,Run
    A:farm
      {"mung":["age"]}	self,round:25
      w:farm
        sunshine,dose:1.0689999883873695
        sunny_streak,count:5
        poo,dose:2.2276849643349945
        seen:wonder
        leaf,leaf_id:leaf_22_0,dose:0.18158480000000005
        leaf,leaf_id:leaf_23_0,dose:0.14884000000000003
        leaf,leaf_id:leaf_24_0,dose:0.12200000000000001
        {"mung":["age"]}	self,round:25
    A:plate
      {"mung":["age"]}	self,round:25
      w:plate
        sunshine,dose
        material:basic,amount:2.605272718953192
        shelf,enzyme,units:4
        leaf,leaf_id:leaf_2_0,dose:0.5616344560677926,tick:20
        leaf,leaf_id:leaf_3_0,dose:0.8716344560677922,tick:21
        leaf,leaf_id:leaf_4_0,dose:1.211634456067793,tick:22
        {"mung":["age"]}	self,round:25
        mouthful,mouthful_id:leaf_2_0_m25,dose:0.26,spawning_from:leaf_2_0,ttl:0
        mouthful,mouthful_id:leaf_3_0_m25,dose:0.26,spawning_from:leaf_3_0,ttl:0
        mouthful,mouthful_id:leaf_4_0_m25,dose:0.26,spawning_from:leaf_4_0,ttl:0
    A:enzymeco
      {"mung":["age"]}	self,round:25
      w:enzymeco
        {"mung":["age"]}	self,round:25
    {"mung":["id"]}	mo:main,interval:3.6
Snap:cytowave
  {"node":"enz_shelf","parent":"w:plate","label":"shelf:1 enzyme:1 units:4"}
    background-color:#1a4828
    color:#90ffc0
    height:20
    shape:round-rectangle
    width:30
  {"node":"leaf:leaf_2_0","parent":"w:plate","label":"leaf:1 leaf_id:leaf_2_0 dose:0.56 tick:20"}
    {"background-color":"rgb(40,138,40)"}
    color:#b0ffb0
    height:23
    shape:ellipse
    width:23
  {"node":"leaf:leaf_22_0","parent":"w:farm","label":"leaf:1 leaf_id:leaf_22_0 dose:0.18"}
    {"background-color":"rgb(34,119,34)"}
    color:#b0ffb0
    height:17
    shape:ellipse
    width:17
  {"node":"leaf:leaf_23_0","parent":"w:farm","label":"leaf:1 leaf_id:leaf_23_0 dose:0.15"}
    {"background-color":"rgb(34,119,34)"}
    color:#b0ffb0
    height:16
    shape:ellipse
    width:16
  {"node":"leaf:leaf_24_0","parent":"w:farm","label":"leaf:1 leaf_id:leaf_24_0 dose:0.12"}
    {"background-color":"rgb(33,115,33)"}
    color:#b0ffb0
    height:16
    shape:ellipse
    width:16
  {"node":"leaf:leaf_3_0","parent":"w:plate","label":"leaf:1 leaf_id:leaf_3_0 dose:0.87 tick:21"}
    {"background-color":"rgb(44,150,44)"}
    color:#b0ffb0
    height:28
    shape:ellipse
    width:28
  {"node":"leaf:leaf_4_0","parent":"w:plate","label":"leaf:1 leaf_id:leaf_4_0 dose:1.21 tick:22"}
    {"background-color":"rgb(49,170,49)"}
    color:#b0ffb0
    height:33
    shape:ellipse
    width:33
  {"node":"mat:basic","parent":"w:plate","label":"material:basic amount:2.61"}
    {"background-color":"rgb(93,64,29)"}
    color:#ffe8c0
    height:22
    shape:round-rectangle
    width:22
  {"node":"mf:leaf_2_0_m25","parent":"w:plate","label":"mouthful:1 mouthful_id:leaf_2_0_… dose:0.26 spawning_from:leaf_2_0 ttl:0"}
    {"background-color":"rgb(205,236,81)"}
    color:#003300
    height:16
    opacity:0.82
    shape:ellipse
    width:16
  {"node":"mf:leaf_3_0_m25","parent":"w:plate","label":"mouthful:1 mouthful_id:leaf_3_0_… dose:0.26 spawning_from:leaf_3_0 ttl:0"}
    {"background-color":"rgb(205,236,81)"}
    color:#003300
    height:16
    opacity:0.82
    shape:ellipse
    width:16
  {"node":"mf:leaf_4_0_m25","parent":"w:plate","label":"mouthful:1 mouthful_id:leaf_4_0_… dose:0.26 spawning_from:leaf_4_0 ttl:0"}
    {"background-color":"rgb(205,236,81)"}
    color:#003300
    height:16
    opacity:0.82
    shape:ellipse
    width:16
  {"node":"poo","parent":"w:farm","label":"poo:1 dose:2.23"}
    background-color:#5c3010
    color:#c88040
    height:24
    shape:ellipse
    width:24
  {"node":"sun:farm","parent":"w:farm","label":"sunshine:1 dose:1.07"}
    {"background-color":"rgb(245,203,66)"}
    color:#331800
    height:46
    shape:diamond
    width:46
  {"node":"sun:plate","parent":"w:plate","label":"sunshine:1 dose:1"}
    {"background-color":"rgb(245,202,61)"}
    color:#331800
    height:44
    shape:diamond
    width:44
  {"node":"w:enzymeco","compound":1,"label":"enzymeco"}
    background-color:#0a0a1f
    background-opacity:0.5
    border-color:#1a1a5a
    border-style:dashed
    border-width
    color:#4a6a4a
    font-size:9px
    font-style:italic
    font-weight:bold
    padding:12px
    text-halign:center
    text-valign:top
  {"node":"w:farm","compound":1,"label":"farm"}
    background-color:#0a1f0a
    background-opacity:0.5
    border-color:#2a5a1a
    border-style:dashed
    border-width
    color:#4a6a4a
    font-size:9px
    font-style:italic
    font-weight:bold
    padding:12px
    text-halign:center
    text-valign:top
  {"node":"w:plate","compound":1,"label":"plate"}
    background-color:#1f130a
    background-opacity:0.5
    border-color:#5a3a1a
    border-style:dashed
    border-width
    color:#4a6a4a
    font-size:9px
    font-style:italic
    font-weight:bold
    padding:12px
    text-halign:center
    text-valign:top
  {"edge":"e:bite:mf:leaf_2_0_m25","source":"leaf:leaf_2_0","target":"mf:leaf_2_0_m25","ideal_length":24}
    curve-style:bezier
    line-color:#af5
    line-style:dotted
    opacity:0.55
    target-arrow-color:#af5
    target-arrow-shape:triangle
    width:0.8
  {"edge":"e:bite:mf:leaf_3_0_m25","source":"leaf:leaf_3_0","target":"mf:leaf_3_0_m25","ideal_length":24}
    curve-style:bezier
    line-color:#af5
    line-style:dotted
    opacity:0.55
    target-arrow-color:#af5
    target-arrow-shape:triangle
    width:0.8
  {"edge":"e:bite:mf:leaf_4_0_m25","source":"leaf:leaf_4_0","target":"mf:leaf_4_0_m25","ideal_length":24}
    curve-style:bezier
    line-color:#af5
    line-style:dotted
    opacity:0.55
    target-arrow-color:#af5
    target-arrow-shape:triangle
    width:0.8
  {"edge":"e:consume:leaf:leaf_2_0","source":"leaf:leaf_2_0","target":"mat:basic","ideal_length":60}
    curve-style:bezier
    line-color:#b82
    line-style:dashed
    opacity:0.25
    target-arrow-color:#b82
    target-arrow-shape:triangle
    width:0.7
  {"edge":"e:consume:leaf:leaf_3_0","source":"leaf:leaf_3_0","target":"mat:basic","ideal_length":60}
    curve-style:bezier
    line-color:#b82
    line-style:dashed
    opacity:0.25
    target-arrow-color:#b82
    target-arrow-shape:triangle
    width:0.7
  {"edge":"e:consume:leaf:leaf_4_0","source":"leaf:leaf_4_0","target":"mat:basic","ideal_length":60}
    curve-style:bezier
    line-color:#b82
    line-style:dashed
    opacity:0.25
    target-arrow-color:#b82
    target-arrow-shape:triangle
    width:0.7
  {"edge":"e:flow:enzymeco_plate","source":"w:enzymeco","target":"w:plate","ideal_length":15}
    curve-style:bezier
    line-color:#2a2a3a
    line-style:solid
    opacity:0.35
    target-arrow-color:#2a2a3a
    target-arrow-shape:triangle
    width:1.5
  {"edge":"e:flow:farm_plate","source":"w:farm","target":"w:plate","ideal_length":15}
    curve-style:bezier
    line-color:#2a2a3a
    line-style:solid
    opacity:0.35
    target-arrow-color:#2a2a3a
    target-arrow-shape:triangle
    width:1.5
  {"edge":"e:flow:plate_enzymeco","source":"w:plate","target":"w:enzymeco","ideal_length":15}
    curve-style:bezier
    line-color:#2a2a3a
    line-style:solid
    opacity:0.35
    target-arrow-color:#2a2a3a
    target-arrow-shape:triangle
    width:1.5
  {"edge":"e:helio:leaf:leaf_22_0","source":"leaf:leaf_22_0","target":"sun:farm","ideal_length":110}
    curve-style:bezier
    line-color:#c8b020
    line-style:dashed
    opacity:0.18
    target-arrow-shape:none
    width:0.6
  {"edge":"e:helio:leaf:leaf_23_0","source":"leaf:leaf_23_0","target":"sun:farm","ideal_length":110}
    curve-style:bezier
    line-color:#c8b020
    line-style:dashed
    opacity:0.18
    target-arrow-shape:none
    width:0.6
  {"edge":"e:helio:leaf:leaf_24_0","source":"leaf:leaf_24_0","target":"sun:farm","ideal_length":110}
    curve-style:bezier
    line-color:#c8b020
    line-style:dashed
    opacity:0.18
    target-arrow-shape:none
    width:0.6
  {"edge":"e:stem:leaf:leaf_22_0","source":"leaf:leaf_22_0","target":"poo","ideal_length":23}
    curve-style:straight
    line-color:#3d7a1e
    line-style:solid
    opacity:0.53
    target-arrow-shape:none
    width:0.96
  {"edge":"e:stem:leaf:leaf_23_0","source":"leaf:leaf_23_0","target":"poo","ideal_length":22}
    curve-style:straight
    line-color:#3d7a1e
    line-style:solid
    opacity:0.53
    target-arrow-shape:none
    width:0.93
  {"edge":"e:stem:leaf:leaf_24_0","source":"leaf:leaf_24_0","target":"poo","ideal_length":21}
    curve-style:straight
    line-color:#3d7a1e
    line-style:solid
    opacity:0.52
    target-arrow-shape:none
    width:0.91
  {"edge_remove":"e:bite:mf:leaf_2_0_m24"}
  {"edge_remove":"e:bite:mf:leaf_3_0_m24"}
  {"edge_remove":"e:bite:mf:leaf_4_0_m24"}
  {"migrate":"mf:leaf_2_0_m24","toward":"mat:basic","mouthful_expire":1}
  {"migrate":"mf:leaf_3_0_m24","toward":"mat:basic","mouthful_expire":1}
  {"migrate":"mf:leaf_4_0_m24","toward":"mat:basic","mouthful_expire":1}
