	{"H":"LeafFarm","Run":1}
  	{"A":"farm"}
    {"mung":["age"]}	{"self":1,"round":26}
    	{"w":"farm"}
      	{"sunshine":1,"dose":1.0992716726873024}
      	{"sunny_streak":1,"count":6}
      	{"poo":1,"dose":2.2335322196847454}
      	{"leaf":1,"leaf_id":"leaf_2_2","dose":0.515615304272257}
      	{"leaf":1,"leaf_id":"leaf_3_2","dose":0.4226354953051287}
      	{"leaf":1,"leaf_id":"leaf_4_0","dose":1.7321126856767588}
      	{"leaf":1,"leaf_id":"leaf_4_1","dose":1.7321126856767588}
      	{"leaf":1,"leaf_id":"leaf_4_2","dose":0.34642253713535126}
      	{"leaf":1,"leaf_id":"leaf_5_0","dose":1.4197644964563596}
      	{"leaf":1,"leaf_id":"leaf_5_1","dose":1.4197644964563596}
      	{"leaf":1,"leaf_id":"leaf_5_2","dose":0.2839528992912716}
      	{"leaf":1,"leaf_id":"leaf_6_0","dose":1.1637413905379992}
      	{"leaf":1,"leaf_id":"leaf_6_1","dose":1.1637413905379992}
      	{"leaf":1,"leaf_id":"leaf_6_2","dose":0.23274827810759965}
      	{"leaf":1,"leaf_id":"leaf_7_0","dose":0.9538863856868843}
      	{"leaf":1,"leaf_id":"leaf_7_1","dose":0.9538863856868843}
      	{"leaf":1,"leaf_id":"leaf_7_2","dose":0.19077727713737674}
      	{"leaf":1,"leaf_id":"leaf_8_0","dose":0.7818740866285938}
      	{"leaf":1,"leaf_id":"leaf_8_1","dose":0.7818740866285938}
      	{"leaf":1,"leaf_id":"leaf_8_2","dose":0.15637481732571873}
      	{"leaf":1,"leaf_id":"leaf_9_0","dose":0.6408803988758965}
      	{"leaf":1,"leaf_id":"leaf_9_1","dose":0.6408803988758965}
      	{"leaf":1,"leaf_id":"leaf_9_2","dose":0.12817607977517922}
      	{"leaf":1,"leaf_id":"leaf_10_0","dose":0.5253118023572921}
      	{"leaf":1,"leaf_id":"leaf_10_1","dose":0.5253118023572921}
      	{"leaf":1,"leaf_id":"leaf_10_2","dose":0.10506236047145837}
      	{"seen":"wonder"}
      {"mung":["age"]}	{"self":1,"round":26}
  	{"A":"plate"}
    {"mung":["age"]}	{"self":1,"round":33}
    	{"w":"plate"}
      	{"o_elvis":"receive_harvest"}
      	{"o_elvis":"receive_protein"}
      	{"o_elvis":"deliver_enzyme"}
      	{"material":"basic","amount":2.6817583825593223}
      	{"wants_enzyme":1}
      	{"shelf":1,"enzyme":1,"units":4}
      {"mung":["age"]}	{"self":1,"round":33}
  	{"A":"enzymeco"}
    {"mung":["age"]}	{"self":1,"round":28}
    	{"w":"enzymeco"}
      	{"o_elvis":"request_enzyme"}
      {"mung":["age"]}	{"self":1,"round":28}
  {"mung":["id"]}	{"mo":"main","interval":3.6}
  	{"Se":"workrepo"}
    	{"openity":1,"v":-11}
    	{"housed":3,"A":"farm"}
      	{"openity":1,"v":-11}
      	{"housed":3,"w":"farm"}
        	{"openity":1,"v":-11}
    	{"housed":3,"A":"plate"}
      	{"openity":1,"v":-11}
      	{"housed":3,"w":"plate"}
        	{"openity":1,"v":-11}
    	{"housed":3,"A":"enzymeco"}
      	{"openity":1,"v":-11}
      	{"housed":3,"w":"enzymeco"}
        	{"openity":1,"v":-11}
