Snap:H
  H:MusuRaChase,Run
    A:MusuRaChase
      self,round=34	{"mung":["age"]}
      w:MusuRaChase,keep_ahead=3
        self,round=34	{"mung":["age"]}
        req:wrangle,eternal,ok
        reached:step_2
        Account,of:Uno
          Identity:4e09f34f5a6ab900,prepub:4e09f34f5a6ab900,friendly:Uno
            Peering,name:4e09f34f5a6ab900,friendly:Uno
              Idzeug:rachase_u,to:Music,genre:Chase,spent
              Pier,pub:b317b9a776e39d30,friendly:Listener,since:1783714059
                Peering,name:b317b9a776e39d30,friendly:Listener,pub:b317b9a776e39d304dea171dde1d712f9a46cb11e656a655de7a1fdf6a35009e
                Grant:Music,by:b317b9a776e39d304dea171dde1d712f9a46cb11e656a655de7a1fdf6a35009e,for:4e09f34f5a6ab900c39c71c42d5e2857753f87cab4119f936e58ee20d85e3cd5,time:1783714059,sign:8d6c4b67df0bcff0862a4b1f3cc1486e7ff8f26a6f6f424f6f432b3d2e3f83fd3eacc8bfcf4ad89bc37476897de520ef7aaa319dfa4121c54fc04387fb551a0a,genre:Chase
                Grant:Music,by:4e09f34f5a6ab900c39c71c42d5e2857753f87cab4119f936e58ee20d85e3cd5,for:b317b9a776e39d304dea171dde1d712f9a46cb11e656a655de7a1fdf6a35009e,time:1783714059,sign:3095315f5b6f7872c03f684356d38c96a4c80a4e3366db421d892968d123d9ba3c1276c531576bae95323ba98b3c388d8259b73e6affceb08c211fe039717502,genre:Chase
            SocialGraph
              Edge,a:4e09f34f5a6ab900,b:b317b9a776e39d30,at:1783714059
        Account,of:Duo
          Identity:be0dab3303037ad2,prepub:be0dab3303037ad2,friendly:Duo
            Peering,name:be0dab3303037ad2,friendly:Duo
              Idzeug:rachase_d,to:Music,genre:Chase,spent
              Pier,pub:b317b9a776e39d30,friendly:Listener,since:1783714059
                Peering,name:b317b9a776e39d30,friendly:Listener,pub:b317b9a776e39d304dea171dde1d712f9a46cb11e656a655de7a1fdf6a35009e
                Grant:Music,by:b317b9a776e39d304dea171dde1d712f9a46cb11e656a655de7a1fdf6a35009e,for:be0dab3303037ad28ed54826e18aaae7d99eebb2c4786e15283289a46be711f8,time:1783714059,sign:20d256b1e9022231ce7ceb428dab4b5b225dbc80ea860c2dab017f6defb8b82624cc2212227a7f891d276d8c67eb2cd413a5917954de88b177e392f17131e806,genre:Chase
                Grant:Music,by:be0dab3303037ad28ed54826e18aaae7d99eebb2c4786e15283289a46be711f8,for:b317b9a776e39d304dea171dde1d712f9a46cb11e656a655de7a1fdf6a35009e,time:1783714059,sign:37603db7d2c1a40deba5c378c55bb9be2148a6a2b53fba94035436fa88bbe632e73451ccecfa1f30770fa9ff63e86d7bdfe1c3c3425df25954172699c6a8ba06,genre:Chase
            SocialGraph
              Edge,a:be0dab3303037ad2,b:b317b9a776e39d30,at:1783714059
        Account,of:Listener
          Identity:b317b9a776e39d30,prepub:b317b9a776e39d30,friendly:Listener
            Peering,name:b317b9a776e39d30,friendly:Listener
              Pier,pub:4e09f34f5a6ab900,friendly:Uno,since:1783714059
                Peering,name:4e09f34f5a6ab900,friendly:Uno,pub:4e09f34f5a6ab900c39c71c42d5e2857753f87cab4119f936e58ee20d85e3cd5
                Grant:Music,by:4e09f34f5a6ab900c39c71c42d5e2857753f87cab4119f936e58ee20d85e3cd5,for:b317b9a776e39d304dea171dde1d712f9a46cb11e656a655de7a1fdf6a35009e,time:1783714059,sign:3095315f5b6f7872c03f684356d38c96a4c80a4e3366db421d892968d123d9ba3c1276c531576bae95323ba98b3c388d8259b73e6affceb08c211fe039717502,genre:Chase
                Grant:Music,by:b317b9a776e39d304dea171dde1d712f9a46cb11e656a655de7a1fdf6a35009e,for:4e09f34f5a6ab900c39c71c42d5e2857753f87cab4119f936e58ee20d85e3cd5,time:1783714059,sign:8d6c4b67df0bcff0862a4b1f3cc1486e7ff8f26a6f6f424f6f432b3d2e3f83fd3eacc8bfcf4ad89bc37476897de520ef7aaa319dfa4121c54fc04387fb551a0a,genre:Chase
              Pier,pub:be0dab3303037ad2,friendly:Duo,since:1783714059
                Peering,name:be0dab3303037ad2,friendly:Duo,pub:be0dab3303037ad28ed54826e18aaae7d99eebb2c4786e15283289a46be711f8
                Grant:Music,by:be0dab3303037ad28ed54826e18aaae7d99eebb2c4786e15283289a46be711f8,for:b317b9a776e39d304dea171dde1d712f9a46cb11e656a655de7a1fdf6a35009e,time:1783714059,sign:37603db7d2c1a40deba5c378c55bb9be2148a6a2b53fba94035436fa88bbe632e73451ccecfa1f30770fa9ff63e86d7bdfe1c3c3425df25954172699c6a8ba06,genre:Chase
                Grant:Music,by:b317b9a776e39d304dea171dde1d712f9a46cb11e656a655de7a1fdf6a35009e,for:be0dab3303037ad28ed54826e18aaae7d99eebb2c4786e15283289a46be711f8,time:1783714059,sign:20d256b1e9022231ce7ceb428dab4b5b225dbc80ea860c2dab017f6defb8b82624cc2212227a7f891d276d8c67eb2cd413a5917954de88b177e392f17131e806,genre:Chase
            SocialGraph
              Edge,a:b317b9a776e39d30,b:4e09f34f5a6ab900,at:1783714059
              Edge,a:b317b9a776e39d30,b:be0dab3303037ad2,at:1783714059
        Peering,name:4e09f34f5a6ab900,req=2,ok
          Pier,pub:b317b9a776e39d30,req=2,ok
            req:handshake,finished
              req:said_hello,maz=4,finished
              req:heard_hello,maz=3,finished
              req:said_trust,maz=2,finished
              req:heard_trust,finished
            protocol
              hello
                said,seq,acked
                heard,pubkey:b317b9a776e39d30
              trust
                said,seq=2,acked
                heard
            outbox
              recent
                emit=7,type:repli_page,seq=7
                emit=8,type:repli_page,seq=8
                emit=9,type:repli_lines,seq=9
                emit=10,type:repli_page,seq=10
                emit=11,type:repli_page,seq=11
                emit=12,type:repli_lines,seq=12
                emit=13,type:repli_page,seq=13
                emit=14,type:repli_page,seq=14
                emit=15,type:repli_lines,seq=15
                emit=16,type:repli_page,seq=16
                emit=17,type:repli_page,seq=17
                emit=18,type:repli_lines,seq=18
                emit=19,type:repli_page,seq=19
                emit=20,type:repli_page,seq=20
                emit=21,type:repli_lines,seq=21
                emit=22,type:repli_page,seq=22
                emit=23,type:repli_page,seq=23
                emit=24,type:repli_lines,seq=24
                emit=25,type:repli_page,seq=25
                emit=26,type:repli_page,seq=26
              emit=27,type:repli_lines,seq=27,sent,body_hash:54c3739c27f691bcc13fc661813e53b6a41759611ecc2bde6d45af349dd6c774,body_len=184,acked
              emit=28,type:repli_page,seq=28,sent,body_hash:cf39dc4c9ab63c91ed137ed1bedcdc5e51c742996bc75dfc24d79002eb91e799,body_len=32300,acked
              emit=29,type:repli_page,seq=29,sent,body_hash:0f9ada01d2880f49fb512ffd3a0c0e40a55ae729fc60dd80ef0acd643afc7582,body_len=32300,acked
              emit=30,type:repli_lines,seq=30,sent,body_hash:e82f234d133f08b83595aa230e5a99ed56590bb50d66c33290eb819e09301409,body_len=186,acked
              emit=31,type:repli_page,seq=31,sent,body_hash:f089e082e379779826d7655f4413fac8aeaf49a11ae6082d2e7f395633336dd3,body_len=32300,acked
              emit=32,type:repli_page,seq=32,sent,body_hash:7c988a87ac2708400c4ce14fb244a0f1121721df36335662b3943cf27583f063,body_len=32300,acked
              emit=33,type:repli_lines,seq=33,sent,body_hash:a18242d5ea8700a25078873389eae8f852c31f786cc69cd1e259d119bdfcb2d5,body_len=186,acked
              emit=34,type:repli_page,seq=34,sent,body_hash:4ed093ac2f77559e2f274bf353c1917371db93ea05314941c497377fa72fea03,body_len=32300,acked
              emit=35,type:repli_page,seq=35,sent,body_hash:73bb4e101facaeb63a1be959a32ea1ac53f7b7d11c5e19315045d38cd30b4300,body_len=32300,acked
              emit=36,type:repli_lines,seq=36,sent,body_hash:863de1d612314df74f3e1c4737e1eb226c29d94d3e080320d2fa48f8aaa4b0c9,body_len=186,acked
              emit=37,type:repli_page,seq=37,sent,body_hash:0211769f82470922b6ac4f295ce0ffb514f5b1e00b08ef0a3707b79e4dfdc499,body_len=32300,acked
              emit=38,type:repli_page,seq=38,sent,body_hash:5455577326f98bd834d37f5802198cd2dd0dcf1c973c3997a696faeb4004726c,body_len=32623,acked
            inbox
              recent
                unemit,type:hello,seq
                unemit=2,type:trust,seq=2
                unemit=3,type:pier_hello,seq=3
                unemit=4,type:repli_want,seq=4
                unemit=5,type:repli_want,seq=5
                unemit=6,type:repli_want,seq=6
                unemit=7,type:repli_want,seq=7
                unemit=8,type:repli_want,seq=8
                unemit=9,type:repli_want,seq=9
                unemit=10,type:repli_want,seq=10
              req:unemit,seq=11,type:repli_want,body_hash:8656aa55d393b032b7f05fd40daac127c4862315017072b231d726ccf0d686e6,body_len=4,done,to:repli_want,finished
              req:unemit,seq=12,type:repli_want,body_hash:8656aa55d393b032b7f05fd40daac127c4862315017072b231d726ccf0d686e6,body_len=4,done,to:repli_want,finished
              req:unemit,seq=13,type:repli_want,body_hash:8656aa55d393b032b7f05fd40daac127c4862315017072b231d726ccf0d686e6,body_len=4,done,to:repli_want,finished
              req:unemit,seq=14,type:repli_want,body_hash:8656aa55d393b032b7f05fd40daac127c4862315017072b231d726ccf0d686e6,body_len=4,done,to:repli_want,finished
            Ud,pubkey:b317b9a776e39d30
          active_transport,type:mock,open
        Peering,name:b317b9a776e39d30,req=3,ok
          Pier,pub:4e09f34f5a6ab900,req=2,ok
            req:handshake,finished
              req:said_hello,maz=4,finished
              req:heard_hello,maz=3,finished
              req:said_trust,maz=2,finished
              req:heard_trust,finished
            protocol
              hello
                said,seq,acked
                heard,pubkey:4e09f34f5a6ab900
              trust
                said,seq=2,acked
                heard
            outbox
              recent
                emit,type:hello,seq
                emit=2,type:trust,seq=2
                emit=3,type:pier_hello,seq=3
                emit=4,type:repli_want,seq=4
                emit=5,type:repli_want,seq=5
                emit=6,type:repli_want,seq=6
                emit=7,type:repli_want,seq=7
                emit=8,type:repli_want,seq=8
                emit=9,type:repli_want,seq=9
                emit=10,type:repli_want,seq=10
              emit=11,type:repli_want,seq=11,sent,body_hash:8656aa55d393b032b7f05fd40daac127c4862315017072b231d726ccf0d686e6,body_len=4,acked
              emit=12,type:repli_want,seq=12,sent,body_hash:8656aa55d393b032b7f05fd40daac127c4862315017072b231d726ccf0d686e6,body_len=4,acked
              emit=13,type:repli_want,seq=13,sent,body_hash:8656aa55d393b032b7f05fd40daac127c4862315017072b231d726ccf0d686e6,body_len=4,acked
              emit=14,type:repli_want,seq=14,sent,body_hash:8656aa55d393b032b7f05fd40daac127c4862315017072b231d726ccf0d686e6,body_len=4,acked
            inbox
              recent
                unemit=7,type:repli_page,seq=7
                unemit=8,type:repli_page,seq=8
                unemit=9,type:repli_lines,seq=9
                unemit=10,type:repli_page,seq=10
                unemit=11,type:repli_page,seq=11
                unemit=12,type:repli_lines,seq=12
                unemit=13,type:repli_page,seq=13
                unemit=14,type:repli_page,seq=14
                unemit=15,type:repli_lines,seq=15
                unemit=16,type:repli_page,seq=16
                unemit=17,type:repli_page,seq=17
                unemit=18,type:repli_lines,seq=18
                unemit=19,type:repli_page,seq=19
                unemit=20,type:repli_page,seq=20
                unemit=21,type:repli_lines,seq=21
                unemit=22,type:repli_page,seq=22
                unemit=23,type:repli_page,seq=23
                unemit=24,type:repli_lines,seq=24
                unemit=25,type:repli_page,seq=25
                unemit=26,type:repli_page,seq=26
              req:unemit,seq=27,type:repli_lines,body_hash:54c3739c27f691bcc13fc661813e53b6a41759611ecc2bde6d45af349dd6c774,body_len=184,done,to:repli_lines,finished
              req:unemit,seq=28,type:repli_page,body_hash:cf39dc4c9ab63c91ed137ed1bedcdc5e51c742996bc75dfc24d79002eb91e799,body_len=32300,done,to:repli_page,finished
              req:unemit,seq=29,type:repli_page,body_hash:0f9ada01d2880f49fb512ffd3a0c0e40a55ae729fc60dd80ef0acd643afc7582,body_len=32300,done,to:repli_page,finished
              req:unemit,seq=30,type:repli_lines,body_hash:e82f234d133f08b83595aa230e5a99ed56590bb50d66c33290eb819e09301409,body_len=186,done,to:repli_lines,finished
              req:unemit,seq=31,type:repli_page,body_hash:f089e082e379779826d7655f4413fac8aeaf49a11ae6082d2e7f395633336dd3,body_len=32300,done,to:repli_page,finished
              req:unemit,seq=32,type:repli_page,body_hash:7c988a87ac2708400c4ce14fb244a0f1121721df36335662b3943cf27583f063,body_len=32300,done,to:repli_page,finished
              req:unemit,seq=33,type:repli_lines,body_hash:a18242d5ea8700a25078873389eae8f852c31f786cc69cd1e259d119bdfcb2d5,body_len=186,done,to:repli_lines,finished
              req:unemit,seq=34,type:repli_page,body_hash:4ed093ac2f77559e2f274bf353c1917371db93ea05314941c497377fa72fea03,body_len=32300,done,to:repli_page,finished
              req:unemit,seq=35,type:repli_page,body_hash:73bb4e101facaeb63a1be959a32ea1ac53f7b7d11c5e19315045d38cd30b4300,body_len=32300,done,to:repli_page,finished
              req:unemit,seq=36,type:repli_lines,body_hash:863de1d612314df74f3e1c4737e1eb226c29d94d3e080320d2fa48f8aaa4b0c9,body_len=186,done,to:repli_lines,finished
              req:unemit,seq=37,type:repli_page,body_hash:0211769f82470922b6ac4f295ce0ffb514f5b1e00b08ef0a3707b79e4dfdc499,body_len=32300,done,to:repli_page,finished
              req:unemit,seq=38,type:repli_page,body_hash:5455577326f98bd834d37f5802198cd2dd0dcf1c973c3997a696faeb4004726c,body_len=32623,done,to:repli_page,finished
            Ud,pubkey:4e09f34f5a6ab900
            req:awaitbuf,bufferid,landed,finished
            req:awaitbuf,bufferid=2,landed,finished
            req:awaitbuf,bufferid=3,landed,finished
            req:awaitbuf,bufferid=4,landed,finished
            req:awaitbuf,bufferid=5,landed,finished
            req:awaitbuf,bufferid=6,landed,finished
            req:awaitbuf,bufferid=7,landed,finished
            req:awaitbuf,bufferid=8,landed,finished
            req:awaitbuf,bufferid=9,landed,finished
            req:awaitbuf,bufferid=10,landed,finished
            req:awaitbuf,bufferid=11,landed,finished
            req:awaitbuf,bufferid=12,landed,finished
            req:awaitbuf,bufferid=13,landed,finished
            req:awaitbuf,bufferid=14,landed,finished
            req:awaitbuf,bufferid=15,landed,finished
            req:awaitbuf,bufferid=16,landed,finished
            req:awaitbuf,bufferid=17,landed,finished
            req:awaitbuf,bufferid=18,landed,finished
            req:awaitbuf,bufferid=19,landed,finished
            req:awaitbuf,bufferid=20,landed,finished
            req:awaitbuf,bufferid=21,landed,finished
            req:awaitbuf,bufferid=22,landed,finished
          active_transport,type:mock,open
          Pier,pub:be0dab3303037ad2,req=3,ok
            req:handshake,finished
              req:said_hello,maz=4,finished
              req:heard_hello,maz=3,finished
              req:said_trust,maz=2,finished
              req:heard_trust,finished
            protocol
              hello
                said,seq,acked
                heard,pubkey:be0dab3303037ad2
              trust
                said,seq=2,acked
                heard
            outbox
              recent
                emit,type:hello,seq
                emit=2,type:trust,seq=2
                emit=3,type:pier_hello,seq=3
            inbox
              recent
                unemit,type:hello,seq
                unemit=2,type:trust,seq=2
                unemit=3,type:pier_accept,seq=3
                unemit=4,type:repli_lines,seq=4
                unemit=5,type:repli_lines,seq=5
            Ud,pubkey:be0dab3303037ad2
          active_transport,type:mock,open
        Peering,name:be0dab3303037ad2,req=4,ok
          Pier,pub:b317b9a776e39d30,req=2,ok
            req:handshake,finished
              req:said_hello,maz=4,finished
              req:heard_hello,maz=3,finished
              req:said_trust,maz=2,finished
              req:heard_trust,finished
            protocol
              hello
                said,seq,acked
                heard,pubkey:b317b9a776e39d30
              trust
                said,seq=2,acked
                heard
            outbox
              recent
                emit,type:hello,seq
                emit=2,type:trust,seq=2
                emit=3,type:pier_accept,seq=3
                emit=4,type:repli_lines,seq=4
                emit=5,type:repli_lines,seq=5
            inbox
              recent
                unemit,type:hello,seq
                unemit=2,type:trust,seq=2
                unemit=3,type:pier_hello,seq=3
            Ud,pubkey:b317b9a776e39d30
          active_transport,type:mock,open
        Library,pier:4e09f34f5a6ab900
          Record,id:af99e3b3efe5661a,title:Cosmic C,artist:DJ Oscillo,seconds=78,lufs=-7.35,gain=-6.65,real,col,sr=48000,br=128000,seg_secs=2,nch,preview=16,total=39,bytes=517443
            Preview,seq:0,head,preskip=312	{"ref":{"buf":"Uint8Array()"}}
            Preview,seq:1	{"ref":{"buf":"Uint8Array()"}}
            Preview,seq:2	{"ref":{"buf":"Uint8Array()"}}
            Preview,seq:3	{"ref":{"buf":"Uint8Array()"}}
            Preview,seq:4	{"ref":{"buf":"Uint8Array()"}}
            Preview,seq:5	{"ref":{"buf":"Uint8Array()"}}
            Preview,seq:6	{"ref":{"buf":"Uint8Array()"}}
            Preview,seq:7	{"ref":{"buf":"Uint8Array()"}}
            Preview,seq:8	{"ref":{"buf":"Uint8Array()"}}
            Preview,seq:9	{"ref":{"buf":"Uint8Array()"}}
            Preview,seq:10	{"ref":{"buf":"Uint8Array()"}}
            Preview,seq:11	{"ref":{"buf":"Uint8Array()"}}
            Preview,seq:12	{"ref":{"buf":"Uint8Array()"}}
            Preview,seq:13	{"ref":{"buf":"Uint8Array()"}}
            Preview,seq:14	{"ref":{"buf":"Uint8Array()"}}
            Preview,seq:15	{"ref":{"buf":"Uint8Array()"}}
          Record,id:cec642f34f501315,title:Dorian D,artist:DJ Oscillo,seconds=76,lufs=-17.58,gain=3.58,real,col,sr=48000,br=128000,seg_secs=2,nch,preview=16,total=38,bytes=517443
            Preview,seq:0,head,preskip=312	{"ref":{"buf":"Uint8Array()"}}
            Preview,seq:1	{"ref":{"buf":"Uint8Array()"}}
            Preview,seq:2	{"ref":{"buf":"Uint8Array()"}}
            Preview,seq:3	{"ref":{"buf":"Uint8Array()"}}
            Preview,seq:4	{"ref":{"buf":"Uint8Array()"}}
            Preview,seq:5	{"ref":{"buf":"Uint8Array()"}}
            Preview,seq:6	{"ref":{"buf":"Uint8Array()"}}
            Preview,seq:7	{"ref":{"buf":"Uint8Array()"}}
            Preview,seq:8	{"ref":{"buf":"Uint8Array()"}}
            Preview,seq:9	{"ref":{"buf":"Uint8Array()"}}
            Preview,seq:10	{"ref":{"buf":"Uint8Array()"}}
            Preview,seq:11	{"ref":{"buf":"Uint8Array()"}}
            Preview,seq:12	{"ref":{"buf":"Uint8Array()"}}
            Preview,seq:13	{"ref":{"buf":"Uint8Array()"}}
            Preview,seq:14	{"ref":{"buf":"Uint8Array()"}}
            Preview,seq:15	{"ref":{"buf":"Uint8Array()"}}
        Library,pier:be0dab3303037ad2
          Record,id:8e6fc6abdf3a262c,title:Groove G,artist:DJ Oscillo,seconds=66,lufs=-7.84,gain=-6.16,real,col,sr=48000,br=128000,seg_secs=2,nch,preview=16,total=33,bytes=517443
            Preview,seq:0,head,preskip=312	{"ref":{"buf":"Uint8Array()"}}
            Preview,seq:1	{"ref":{"buf":"Uint8Array()"}}
            Preview,seq:2	{"ref":{"buf":"Uint8Array()"}}
            Preview,seq:3	{"ref":{"buf":"Uint8Array()"}}
            Preview,seq:4	{"ref":{"buf":"Uint8Array()"}}
            Preview,seq:5	{"ref":{"buf":"Uint8Array()"}}
            Preview,seq:6	{"ref":{"buf":"Uint8Array()"}}
            Preview,seq:7	{"ref":{"buf":"Uint8Array()"}}
            Preview,seq:8	{"ref":{"buf":"Uint8Array()"}}
            Preview,seq:9	{"ref":{"buf":"Uint8Array()"}}
            Preview,seq:10	{"ref":{"buf":"Uint8Array()"}}
            Preview,seq:11	{"ref":{"buf":"Uint8Array()"}}
            Preview,seq:12	{"ref":{"buf":"Uint8Array()"}}
            Preview,seq:13	{"ref":{"buf":"Uint8Array()"}}
            Preview,seq:14	{"ref":{"buf":"Uint8Array()"}}
            Preview,seq:15	{"ref":{"buf":"Uint8Array()"}}
          Record,id:f60c57424cac2e10,title:Echo E,artist:Fourier Four,seconds=60,lufs=-6.61,gain=-7.39,real,col,sr=48000,br=128000,seg_secs=2,nch,preview=16,total=30,bytes=517443
            Preview,seq:0,head,preskip=312	{"ref":{"buf":"Uint8Array()"}}
            Preview,seq:1	{"ref":{"buf":"Uint8Array()"}}
            Preview,seq:2	{"ref":{"buf":"Uint8Array()"}}
            Preview,seq:3	{"ref":{"buf":"Uint8Array()"}}
            Preview,seq:4	{"ref":{"buf":"Uint8Array()"}}
            Preview,seq:5	{"ref":{"buf":"Uint8Array()"}}
            Preview,seq:6	{"ref":{"buf":"Uint8Array()"}}
            Preview,seq:7	{"ref":{"buf":"Uint8Array()"}}
            Preview,seq:8	{"ref":{"buf":"Uint8Array()"}}
            Preview,seq:9	{"ref":{"buf":"Uint8Array()"}}
            Preview,seq:10	{"ref":{"buf":"Uint8Array()"}}
            Preview,seq:11	{"ref":{"buf":"Uint8Array()"}}
            Preview,seq:12	{"ref":{"buf":"Uint8Array()"}}
            Preview,seq:13	{"ref":{"buf":"Uint8Array()"}}
            Preview,seq:14	{"ref":{"buf":"Uint8Array()"}}
            Preview,seq:15	{"ref":{"buf":"Uint8Array()"}}
        req:rachase_stock,finished
        req:witness,eternal,ok
        reached:step_4
        Library,pier:b317b9a776e39d30
          Record,id:af99e3b3efe5661a,title:Cosmic C,artist:DJ Oscillo,seconds=78,lufs=-7.35,gain=-6.65,real,col,sr=48000,br=128000,seg_secs=2,nch,preview=16,total=39,bytes=517443
            Preview,seq:0,head,preskip=312	{"ref":{"buf":"Uint8Array()"}}
            Preview,seq:1	{"ref":{"buf":"Uint8Array()"}}
            Preview,seq:2	{"ref":{"buf":"Uint8Array()"}}
            Preview,seq:3	{"ref":{"buf":"Uint8Array()"}}
            Preview,seq:4	{"ref":{"buf":"Uint8Array()"}}
            Preview,seq:5	{"ref":{"buf":"Uint8Array()"}}
          Record,id:cec642f34f501315,title:Dorian D,artist:DJ Oscillo,seconds=76,lufs=-17.58,gain=3.58,real,col,sr=48000,br=128000,seg_secs=2,nch,preview=16,total=38,bytes=517443
            Preview,seq:0,head,preskip=312	{"ref":{"buf":"Uint8Array()"}}
            Preview,seq:1	{"ref":{"buf":"Uint8Array()"}}
            Preview,seq:2	{"ref":{"buf":"Uint8Array()"}}
            Preview,seq:3	{"ref":{"buf":"Uint8Array()"}}
            Preview,seq:4	{"ref":{"buf":"Uint8Array()"}}
            Preview,seq:5	{"ref":{"buf":"Uint8Array()"}}
            Preview,seq:6	{"ref":{"buf":"Uint8Array()"}}
            Preview,seq:7	{"ref":{"buf":"Uint8Array()"}}
            Preview,seq:8	{"ref":{"buf":"Uint8Array()"}}
            Preview,seq:9	{"ref":{"buf":"Uint8Array()"}}
            Preview,seq:10	{"ref":{"buf":"Uint8Array()"}}
            Preview,seq:11	{"ref":{"buf":"Uint8Array()"}}
            Preview,seq:12	{"ref":{"buf":"Uint8Array()"}}
            Preview,seq:13	{"ref":{"buf":"Uint8Array()"}}
            Preview,seq:14	{"ref":{"buf":"Uint8Array()"}}
            Preview,seq:15	{"ref":{"buf":"Uint8Array()"}}
          Record,id:8e6fc6abdf3a262c,title:Groove G,artist:DJ Oscillo,seconds=66,lufs=-7.84,gain=-6.16,real,col,sr=48000,br=128000,seg_secs=2,nch,preview=16,total=33,bytes=517443
          Record,id:f60c57424cac2e10,title:Echo E,artist:Fourier Four,seconds=60,lufs=-6.61,gain=-7.39,real,col,sr=48000,br=128000,seg_secs=2,nch,preview=16,total=30,bytes=517443
        entropy_probe,pick_a=452670,pick_b=660366,moved
        see:two source Piers stand with real opus stock — different tracks on each shelf
        see:the listener redeemed an invite from each source — both pairs sealed with live Music grants
        see:the catalog merged at the mirror — husks from both sources carry their chunk promises
        see:injected entropy moved the dial — the same seeded state picks differently after the stir
