Snap:H
  H:PeeringLive,Run
    A:PeeringLive
      {"mung":["age"]}	self,round:10
      w:PeeringLive
        De:p2pman,finished
          req:init,finished
        {"mung":["age"]}	self,round:10
        {"see":"PeeringLive  open:3/3"}
        timeDoubt
    A:Bearing
      {"mung":["age"]}	self,round:12
      w:Bearing
        scheme:Peering
          {"ref":{"sc_has":"Object()","args_fn":"Function()","post_fn":"Function()"}}	lematch,class:Peering
        scheme:Pier
          {"ref":{"sc_has":"Object()","args_fn":"Function()","post_fn":"Function()"}}	lematch,class:Pier
        De:listen,finished
          {"ref":{"Id":"Idento()"}}	req:keygen,finished
          req:register,maz:2,finished
          req:listening,maz:3,finished
          log
            msg:keygen started
            msg:keygen done
        Peerily
        Peering,name:bearing,prepub:7acf614d876d69a4
          {"ref":{"Id":"Idento()"}}	prepri:923f9316
          open
        {"mung":["age"]}	self,round:12
    A:Nearing
      {"mung":["age"]}	self,round:14
      w:Nearing
        scheme:Peering
          {"ref":{"sc_has":"Object()","args_fn":"Function()","post_fn":"Function()"}}	lematch,class:Peering
        scheme:Pier
          {"ref":{"sc_has":"Object()","args_fn":"Function()","post_fn":"Function()"}}	lematch,class:Pier
        De:listen,finished
          {"ref":{"Id":"Idento()"}}	req:keygen,finished
          req:register,maz:2,finished
          req:listening,maz:3,finished
          log
            msg:keygen started
            msg:keygen done
        Peerily
        Peering,name:nearing,prepub:8cbc667bb0c8e748
          {"ref":{"Id":"Idento()"}}	prepri:b4c5b5e9
          open
        {"mung":["age"]}	self,round:14
    A:Tearing
      {"mung":["age"]}	self,round:12
      w:Tearing
        scheme:Peering
          {"ref":{"sc_has":"Object()","args_fn":"Function()","post_fn":"Function()"}}	lematch,class:Peering
        scheme:Pier
          {"ref":{"sc_has":"Object()","args_fn":"Function()","post_fn":"Function()"}}	lematch,class:Pier
        De:listen,finished
          {"ref":{"Id":"Idento()"}}	req:keygen,finished
          req:register,maz:2,finished
          req:listening,maz:3,finished
          log
            msg:keygen started
            msg:keygen done
        Peerily
        Peering,name:tearing,prepub:962af4326c28f29b
          {"ref":{"Id":"Idento()"}}	prepri:386df6d9
          open
        {"mung":["age"]}	self,round:12
    {"mung":["id"]}	mo:main,interval:3.6
