Snap:H
  H:PeeringLive,Run
    A:PeeringLive
      {"mung":["age"]}	self,round:35
      w:PeeringLive
        {"mung":["age"]}	self,round:35
        {"see":"PeeringLive  open:2/2"}
        timeSatisfied
    A:Bearing
      {"mung":["age"]}	self,round:38
      w:Bearing,finished
        scheme:Peering
          {"ref":{"sc_has":"Object()","args_fn":"Function()","post_fn":"Function()"}}	lematch,class:Peering
        scheme:Pier
          {"ref":{"sc_has":"Object()","args_fn":"Function()","post_fn":"Function()"}}	lematch,class:Pier
        De:listen,finished
          {"ref":{"Id":"Idento()"}}	req:keygen,finished
          req:register,maz:2,finished
          req:listening,maz:3,finished
          log
            msg:keygen started
            msg:keygen done
        more_visuals
          Peering
          Pier
            {"ref":{"v":"[]"}}	stashed,k:trust
            protocol
              hello
                said
                heard
              trust
                said
                heard
        Peerily
        Peering,name:bearing,prepub:7acf614d876d69a4
          {"ref":{"Id":"Idento()"}}	prepri:923f9316
          open
        De:connect,target:8cbc667bb0c8e748,finished
          req:dial,finished
          req:connected,finished
        De:handshake,finished
          req:said_hello,demand:800,finished
          req:heard_hello,maz:2,demand:800,finished
          req:said_trust,maz:3,demand:1500,finished
          req:heard_trust,maz:4,demand:1500,finished
        Pier,pub:8cbc667bb0c8e748,name:8cbc667bb0c8e748
        {"mung":["age"]}	self,round:38
    A:Nearing
      {"mung":["age"]}	self,round:40
      w:Nearing,finished
        scheme:Peering
          {"ref":{"sc_has":"Object()","args_fn":"Function()","post_fn":"Function()"}}	lematch,class:Peering
        scheme:Pier
          {"ref":{"sc_has":"Object()","args_fn":"Function()","post_fn":"Function()"}}	lematch,class:Pier
        De:listen,finished
          {"ref":{"Id":"Idento()"}}	req:keygen,finished
          req:register,maz:2,finished
          req:listening,maz:3,finished
          log
            msg:keygen started
            msg:keygen done
        more_visuals
          Peering
          Pier
            {"ref":{"v":"[]"}}	stashed,k:trust
            protocol
              hello
                said
                heard
              trust
                said
                heard
        Peerily
        Peering,name:nearing,prepub:8cbc667bb0c8e748
          {"ref":{"Id":"Idento()"}}	prepri:b4c5b5e9
          open
        Pier,pub:7acf614d876d69a4,name:7acf614d876d69a4
        De:handshake,finished
          req:said_hello,demand:800,finished
          req:heard_hello,maz:2,demand:800,finished
          req:said_trust,maz:3,demand:1500,finished
          req:heard_trust,maz:4,demand:1500,finished
        {"mung":["age"]}	self,round:40
    {"mung":["id"]}	mo:main,interval:3.6
