story:VoroClinic
  Styles
    matstyle:w
      style:background-color,v:#8f3232
      meta:is_compound,v
      meta:label,fmt:%s,keys:w
    matstyle:req
      style:background-color,v:#2fb155
    matstyle:Artist
      style:background-color,v:#8e29d6
    matstyle:witnessed
      style:background-color,v:#c5b759
    matstyle:see
      style:background-color,v:#298699
  Plan
  Opt
    waitCyto
    useCyto
    useVoroCyto
    For
  TimeSpool
    TimeTotal:beliefs,avg=0.044
      sample=0.006,at=1783518839
      sample=0.086,at=1783518902
      sample=0.042,at=1783519006
      sample=0.042,at=1783519606
    TimeTotal:step,avg=0.007
      sample=0.006,at=1783518839
      sample=0.01,at=1783518902
      sample=0.005,at=1783519006
      sample=0.005,at=1783519606
  step,dige:8dd0c1d2ef3843af
  step=2,dige:c07a2075f7dfe2ac
  step=3,dige:94e59d3cdd436ff7
  step=4,dige:4d0f4075d1028933
  step=5,dige:40d1c88211a7c3c2
  step=6,dige:b90d5dd116d3ed66
  step=7,dige:6dcb56934ae7feea
  step=8,dige:76e996a513ecd1e6
  step=9,dige:8437bdba86238992
