story:SwarmShare
  Styles
  Plan
  Opt
    For
  TimeSpool
    TimeTotal:beliefs,avg=0.083
      sample=0.096,at=1786019549
      sample=0.134,at=1786019832
      sample=0.123,at=1786021086
      sample=0.07,at=1786021583
      sample=0.047,at=1786022480
      sample=0.054,at=1786023471
      sample=0.071,at=1786023541
      sample=0.107,at=1786024064
      sample=0.056,at=1786032245
      sample=0.077,at=1786070087
    TimeTotal:step,avg=0.009
      sample=0.011,at=1786019549
      sample=0.015,at=1786019832
      sample=0.014,at=1786021086
      sample=0.008,at=1786021583
      sample=0.005,at=1786022480
      sample=0.006,at=1786023471
      sample=0.008,at=1786023541
      sample=0.012,at=1786024064
      sample=0.006,at=1786032245
      sample=0.009,at=1786070087
  step,dige:bc1061aa38822e63
  step=2,dige:e098d6ae70236c8c
  step=3,dige:481ebc2db807674d
  step=4,dige:7196ddfe581a06bb
    Assertion:the-mirror-lands-keyed,sentence:the mirror lands keyed by the caster prepub — two records under MusuThem for the friend never merged under the listener key
  step=5,dige:1341533949bca2d1
    Assertion:a-suggestion-minted-while,sentence:a suggestion minted while the friend is unreachable stands un-got under my Pier for them — store and forward
  step=6,dige:e245776d056790c9
  step=7,dige:96e4723a2965f805
  step=8,dige:ae66ce424780d49e
    Assertion:the-rebirth-greeting-drains,sentence:the rebirth greeting drains the queue — the suggestion crosses mirrored at the friend and his confirmation retires my copy got
  step=9,dige:0b8ca75f8dfa75c7
    Assertion:a-changed-era-in,sentence:a changed era in the greeting resets the route stream state while keeping Ud — the reborn peer re-baselines the link
