story:SwarmShare
  Styles
  Plan
  Opt
    For
  TimeSpool
    TimeTotal:beliefs,avg=0.116
      sample=0.134,at=1786357050
      sample=0.098,at=1786357058
      sample=0.138,at=1786357094
      sample=0.089,at=1786357771
      sample=0.123,at=1786357781
      sample=0.102,at=1786357790
      sample=0.1,at=1786357799
      sample=0.142,at=1786357951
      sample=0.134,at=1786357961
      sample=0.103,at=1786357972
    TimeTotal:step,avg=0.013
      sample=0.015,at=1786357050
      sample=0.011,at=1786357058
      sample=0.015,at=1786357094
      sample=0.01,at=1786357771
      sample=0.014,at=1786357781
      sample=0.011,at=1786357790
      sample=0.011,at=1786357799
      sample=0.016,at=1786357951
      sample=0.015,at=1786357961
      sample=0.011,at=1786357972
  step,dige:bc1061aa38822e63
  step=2,dige:e098d6ae70236c8c
  step=3,dige:481ebc2db807674d
  step=4,dige:7196ddfe581a06bb
    Assertion:the-mirror-lands-keyed,sentence:the mirror lands keyed by the caster prepub — two records under MusuThem for the friend never merged under the listener key
  step=5,dige:1341533949bca2d1
    Assertion:a-suggestion-minted-while,sentence:a suggestion minted while the friend is unreachable stands un-got under my Pier for them — store and forward
  step=6,dige:e245776d056790c9
  step=7,dige:96e4723a2965f805
  step=8,dige:ae66ce424780d49e
    Assertion:the-rebirth-greeting-drains,sentence:the rebirth greeting drains the queue — the suggestion crosses mirrored at the friend and his confirmation retires my copy got
  step=9,dige:0b8ca75f8dfa75c7
    Assertion:a-changed-era-in,sentence:a changed era in the greeting resets the route stream state while keeping Ud — the reborn peer re-baselines the link
