Snap:H
  H:MusuRaStream,Run
    A:MusuRaStream
      self,round=7	{"mung":["age"]}
      w:MusuRaStream
        self,round=7	{"mung":["age"]}
        req:wrangle,eternal,ok
        reached:step_2
        Account,of:DJ
          Identity:c012850d69de1318,prepub:c012850d69de1318,friendly:DJ
            Peering,name:c012850d69de1318,friendly:DJ
        Account,of:Listener
          Identity:b317b9a776e39d30,prepub:b317b9a776e39d30,friendly:Listener
            Peering,name:b317b9a776e39d30,friendly:Listener
        Peering,name:c012850d69de1318,req=2,ok
          Pier,pub:b317b9a776e39d30,req=2,ok
            req:handshake,finished
              req:said_hello,maz=4,finished
              req:heard_hello,maz=3,finished
              req:said_trust,maz=2,finished
              req:heard_trust,finished
            protocol
              hello
                said,seq,acked
                heard,pubkey:b317b9a776e39d30
              trust
                said,seq=2,acked
                heard
            outbox
              emit,type:hello,seq,sent,acked
              emit=2,type:trust,seq=2,sent,acked
            inbox
              req:unemit,seq,type:hello,done,to:hello,finished
              req:unemit,seq=2,type:trust,done,to:trust,finished
            Ud,pubkey:b317b9a776e39d30
          active_transport,type:mock,open
        Peering,name:b317b9a776e39d30,req=3,ok
          Pier,pub:c012850d69de1318,req=2,ok
            req:handshake,finished
              req:said_hello,maz=4,finished
              req:heard_hello,maz=3,finished
              req:said_trust,maz=2,finished
              req:heard_trust,finished
            protocol
              hello
                said,seq,acked
                heard,pubkey:c012850d69de1318
              trust
                said,seq=2,acked
                heard
            outbox
              emit,type:hello,seq,sent,acked
              emit=2,type:trust,seq=2,sent,acked
            inbox
              req:unemit,seq,type:hello,done,to:hello,finished
              req:unemit,seq=2,type:trust,done,to:trust,finished
            Ud,pubkey:c012850d69de1318
          active_transport,type:mock,open
        Library,pier:c012850d69de1318
          Record,id:848b336a,title:Cosmic C,artist:DJ Oscillo,seconds=78,lufs=-7.33,gain=-6.67,real,col,src_hash:0d9cc36d
            Stream,name:opus,total=39,sr=48000,br=128000,seg_secs=2,bytes=1290003
          Record,id:8233c2ea,title:Dorian D,artist:DJ Oscillo,seconds=76,lufs=-17.58,gain=3.58,real,col,src_hash:9471f8fc
            Stream,name:opus,total=38,sr=48000,br=128000,seg_secs=2,bytes=1256926
        req:rastream_stock,finished
        req:witness,eternal,ok
        see:two real opus Records stand at the caster — a session with stock to listen and a track to change to
