Snap:H
  H:MusuRaStream,Run
    A:MusuRaStream
      self,round=53	{"mung":["age"]}
      w:MusuRaStream
        self,round=53	{"mung":["age"]}
        req:wrangle,eternal,ok
        reached:step_2
        Account,of:DJ
          Identity:c012850d69de1318,prepub:c012850d69de1318,friendly:DJ
            Peering,name:c012850d69de1318,friendly:DJ
              Idzeug:rastream_1,to:Music,genre:Classical,spent
              Pier,pub:b317b9a776e39d30,friendly:Listener,since:1783487347
                Peering,name:b317b9a776e39d30,friendly:Listener,pub:b317b9a776e39d304dea171dde1d712f9a46cb11e656a655de7a1fdf6a35009e
                Grant:Music,by:b317b9a776e39d304dea171dde1d712f9a46cb11e656a655de7a1fdf6a35009e,for:c012850d69de1318762d033c844d61ab5dcb6e2a4a0166162bbafe44ce9b4535,time:1783487347,sign:20661a8e2204f61f85bb1a976174fc27eaa81a935910a9b6ae1d05df984315ecfbfe9d54c7cced1ad3a8ff339fccf5b7b447c59714fb3fa39c3a40b860226a03,genre:Classical
                Grant:Music,by:c012850d69de1318762d033c844d61ab5dcb6e2a4a0166162bbafe44ce9b4535,for:b317b9a776e39d304dea171dde1d712f9a46cb11e656a655de7a1fdf6a35009e,time:1783487347,sign:74e7e9266e8ea976c9c5e221947e25f95ade3b5be28d97f71c86bb68e7eab9357b77e48e968eec417dccc206fac78eafeb1acc2e5cf8f81c02bce951fc657c0f,genre:Classical
            SocialGraph
              Edge,a:c012850d69de1318,b:b317b9a776e39d30,at:1783487347
        Account,of:Listener
          Identity:b317b9a776e39d30,prepub:b317b9a776e39d30,friendly:Listener
            Peering,name:b317b9a776e39d30,friendly:Listener
              Pier,pub:c012850d69de1318,friendly:DJ,since:1783487347
                Peering,name:c012850d69de1318,friendly:DJ,pub:c012850d69de1318762d033c844d61ab5dcb6e2a4a0166162bbafe44ce9b4535
                Grant:Music,by:c012850d69de1318762d033c844d61ab5dcb6e2a4a0166162bbafe44ce9b4535,for:b317b9a776e39d304dea171dde1d712f9a46cb11e656a655de7a1fdf6a35009e,time:1783487347,sign:74e7e9266e8ea976c9c5e221947e25f95ade3b5be28d97f71c86bb68e7eab9357b77e48e968eec417dccc206fac78eafeb1acc2e5cf8f81c02bce951fc657c0f,genre:Classical
                Grant:Music,by:b317b9a776e39d304dea171dde1d712f9a46cb11e656a655de7a1fdf6a35009e,for:c012850d69de1318762d033c844d61ab5dcb6e2a4a0166162bbafe44ce9b4535,time:1783487347,sign:20661a8e2204f61f85bb1a976174fc27eaa81a935910a9b6ae1d05df984315ecfbfe9d54c7cced1ad3a8ff339fccf5b7b447c59714fb3fa39c3a40b860226a03,genre:Classical
            SocialGraph
              Edge,a:b317b9a776e39d30,b:c012850d69de1318,at:1783487347
        Peering,name:c012850d69de1318,req=2,ok
          Pier,pub:b317b9a776e39d30,req=2,ok
            req:handshake,finished
              req:said_hello,maz=4,finished
              req:heard_hello,maz=3,finished
              req:said_trust,maz=2,finished
              req:heard_trust,finished
            protocol
              hello
                said,seq,acked
                heard,pubkey:b317b9a776e39d30
              trust
                said,seq=2,acked
                heard
            outbox
              recent
                emit,type:hello,seq
                emit=2,type:trust,seq=2
                emit=3,type:pier_accept,seq=3
                emit=4,type:racast_lines,seq=4
                emit=5,type:racast_lines,seq=5
                emit=6,type:racast_page,seq=6
                emit=7,type:racast_page,seq=7
                emit=8,type:racast_page,seq=8
                emit=9,type:racast_page,seq=9
                emit=10,type:racast_page,seq=10
                emit=11,type:racast_page,seq=11
                emit=12,type:racast_page,seq=12
                emit=13,type:racast_page,seq=13
                emit=14,type:racast_page,seq=14
            inbox
              recent
                unemit,type:hello,seq
                unemit=2,type:trust,seq=2
                unemit=3,type:pier_hello,seq=3
                unemit=4,type:racast_want,seq=4
                unemit=5,type:racast_want,seq=5
                unemit=6,type:racast_want,seq=6
                unemit=7,type:racast_want,seq=7
                unemit=8,type:racast_want,seq=8
                unemit=9,type:racast_want,seq=9
                unemit=10,type:racast_want,seq=10
                unemit=11,type:racast_want,seq=11
                unemit=12,type:racast_want,seq=12
            Ud,pubkey:b317b9a776e39d30
          active_transport,type:mock,open
        Peering,name:b317b9a776e39d30,req=3,ok
          Pier,pub:c012850d69de1318,req=2,ok
            req:handshake,finished
              req:said_hello,maz=4,finished
              req:heard_hello,maz=3,finished
              req:said_trust,maz=2,finished
              req:heard_trust,finished
            protocol
              hello
                said,seq,acked
                heard,pubkey:c012850d69de1318
              trust
                said,seq=2,acked
                heard
            outbox
              recent
                emit,type:hello,seq
                emit=2,type:trust,seq=2
                emit=3,type:pier_hello,seq=3
                emit=4,type:racast_want,seq=4
                emit=5,type:racast_want,seq=5
                emit=6,type:racast_want,seq=6
                emit=7,type:racast_want,seq=7
                emit=8,type:racast_want,seq=8
                emit=9,type:racast_want,seq=9
                emit=10,type:racast_want,seq=10
                emit=11,type:racast_want,seq=11
                emit=12,type:racast_want,seq=12
            inbox
              recent
                unemit,type:hello,seq
                unemit=2,type:trust,seq=2
                unemit=3,type:pier_accept,seq=3
                unemit=4,type:racast_lines,seq=4
                unemit=5,type:racast_lines,seq=5
                unemit=6,type:racast_page,seq=6
                unemit=7,type:racast_page,seq=7
                unemit=8,type:racast_page,seq=8
                unemit=9,type:racast_page,seq=9
                unemit=10,type:racast_page,seq=10
                unemit=11,type:racast_page,seq=11
                unemit=12,type:racast_page,seq=12
                unemit=13,type:racast_page,seq=13
                unemit=14,type:racast_page,seq=14
            Ud,pubkey:c012850d69de1318
          active_transport,type:mock,open
        Library,pier:c012850d69de1318
          Record,id:848b336a,title:Cosmic C,artist:DJ Oscillo,seconds=78,lufs=-7.33,gain=-6.67,real,col,src_hash:0d9cc36d
            Stream,name:opus,total=39,sr=48000,br=128000,seg_secs=2,bytes=1290003
          Record,id:8233c2ea,title:Dorian D,artist:DJ Oscillo,seconds=76,lufs=-17.58,gain=3.58,real,col,src_hash:9471f8fc
            Stream,name:opus,total=38,sr=48000,br=128000,seg_secs=2,bytes=1256926
        req:rastream_stock,finished
        req:witness,eternal,ok
        reached:step_4
        Library,pier:b317b9a776e39d30
          Record,id:848b336a,title:Cosmic C,artist:DJ Oscillo,seconds=78,lufs=-7.33,gain=-6.67,real,col,src_hash:0d9cc36d
            Stream,name:opus,total=39,sr=48000,br=128000,seg_secs=2,bytes=1290003,have=19,got=19
          Record,id:8233c2ea,title:Dorian D,artist:DJ Oscillo,seconds=76,lufs=-17.58,gain=3.58,real,col,src_hash:9471f8fc
            Stream,name:opus,total=38,sr=48000,br=128000,seg_secs=2,bytes=1256926,have=8,got=8
        switched,a_dropped
