Snap:H
  H:VoroScape,Run
    A:VoroScape
      self,round=2	{"mung":["age"]}
      w:VoroScape
        self,round=2	{"mung":["age"]}
        req:wrangle,eternal,ok
        Artist,name:Moonlit
          Track,title:Tide,year:1998,remaster
          Track,title:Halo,year:2007
        Artist,name:Fernway
          Track,title:Root,year:2019,live
          Track,title:Frond,year:1998,remaster
        Artist,name:Voxhall
          Track,title:Echo,year:2007,live
        see:the library stands — three artists and five tracks — a shelf of glass with no light through it yet
      w:Voronoiology
        Voro,beat=2,level:L0,visible=7,gangs=0,folded:5,count:3
