Snap:H
  H:VoroScape,Run
    A:VoroScape
      self,round=5	{"mung":["age"]}
      w:VoroScape
        self,round=5	{"mung":["age"]}
        req:wrangle,eternal,ok
        Artist,name:Moonlit
          Track,title:Tide,year:1998,remaster
          Track,title:Halo,year:2007
        Artist,name:Fernway
          Track,title:Root,year:2019,live
          Track,title:Frond,year:1998,remaster
        Artist,name:Voxhall
          Track,title:Echo,year:2007,live
        Peer,name:Bo
          Share,track:Tide
          Share,track:Root
          Share,track:Echo
        see:a friend leaves and the hub cools — the shared track drops to one and a track only she lit goes dark
      w:Voronoiology,dontGraph
        Voro,beat=5,level:L0,visible=8,cells:4,gangs=0,folded:8,count:4
        cell:Artist,kind:pane,n:2
        cell:Artist,kind:pane,n:2
        cell:Artist,kind:pane,n:1
        cell:Peer,kind:pane,n:3
        bare:self,n:2
        bare:req,n:1
        bare:see,n:1
