Snap:H
  H:Sounditron,Run
    A:Sounditron
      self,round=11	{"mung":["age"]}
      w:Sounditron
        self,round=11	{"mung":["age"]}
        req:wrangle,eternal,ok
        Radio:playing,face:Radio,solo:gathering,solo_by:Lefto,title:Echo E,artist:Fourier Four,of=36,at=6,skip=24,gaps
        Stoker:idle,face:Stoker,crew:Radio,last:High A,stood=4,stock=2,fresh=2,dug=7
        Tuner:glass,face:Tuner
        Riffle:shut,face:Riffle,crew:Riffle
        Zine:Faves,face:Zine,crew:Radio,count:2
        Door:open,face:Door
        Uptime,face:Uptime
        Beat,face:Beat
        MusuSelf,pub:f5da6599b8505881
          shop,pub:f5da6599b8505881
          stock,pub:f5da6599b8505881	{"dontSnap":1}
        Transfer,dontSnap
        Shuffle,dontSnap
        Diag,dontSnap
        Pose:wire,dontSnap
        Machine,self:f5da6599,friendly:Righto
        req:stoker_wait,finished
        req:witness,eternal,ok
        Relay
        req:relay_wait,finished
        req:muse_wait,finished
        Census,n=2
        req:peer_wait,finished
        Audio,real,heard
        req:sound_wait,finished
        Mag:Lineup,face:Lineup,crew:Radio	{"dontSnap":1}
