story:Sounditron
  Styles
    matstyle:w
      style:background-color,v:#8f3232
      meta:is_compound,v
      meta:label,fmt:%s,keys:w
    matstyle:req
      style:background-color,v:#2fb155
    matstyle:desc
      style:background-color,v:#8e29d6
    matstyle:Relay
      style:background-color,v:#c5b759
    matstyle:Census
      style:background-color,v:#298699
    matstyle:log
      style:background-color,v:#bc2476
    matstyle:Heist
      style:background-color,v:#61bd42
    matstyle:Audio
      style:background-color,v:#534ed0
    matstyle:Session
      style:background-color,v:#a34b1f
    matstyle:Tally
      style:background-color,v:#3aa67e
    matstyle:Found
      style:background-color,v:#bd36c9
    matstyle:Possibility
      style:background-color,v:#bbdb43
    matstyle:ttlilt
      style:background-color,v:#32618f
    matstyle:MusuSelf
      style:background-color,v:#b12f4a
    matstyle:sworn
      style:background-color,v:#29d638
    matstyle:Friend
      style:background-color,v:#8259c5
  Plan
  Opt
    report
    For
    trickle
  EntropyArrest
    Entcase:Session_alive
      lematch,w:Sounditron
        lematch,Session,alive
          means,spayer,re:Session.alive={INT},tol:any
    Entcase:Stock_fold
      lematch,w:Sounditron
        lematch,MusuSelf
          means,spayer,re:MusuSelf.pub:{TOK},tol:any
          lematch,stock
            means,dontSnap
            means,spayer,re:stock.pub:{TOK},tol:any
    Entcase:Glass_fold
      lematch,w:Voronoiology
        means,dontSnap
    Entcase:Environment_rows
      lematch,w:Sounditron
        lematch,Found
          means,drop
        lematch,Possibility
          means,drop
        lematch,Friend
          means,drop
    Entcase:Machine_identity
      lematch,w:Sounditron
        lematch,Machine
          means,spayer,re:Machine(.*),tol:any
    Entcase:Heartbeat_round
      lematch,self
        means,spayer,re:self.round={INT},tol:any
    Entcase:Ttlilt_fold
      lematch,ttlilt
        means,drop
    Entcase:Lineup_fold
      lematch,w:Sounditron
        lematch,Mag:Lineup
          means,dontSnap
          means,spayer,re:Mag:Lineup(.*),tol:any
    Entcase:Pipeline_values
      lematch,w:Sounditron
        lematch,Stoker
          means,spayer,re:Stoker(.*),tol:any
        lematch,Census
          means,spayer,re:Census(.*),tol:any
        lematch,Session
          means,spayer,re:Session(.*),tol:any
        lematch,Tally
          means,spayer,re:Tally(.*),tol:any
        lematch,Zine
          means,spayer,re:Zine(.*),tol:any
        lematch,Audio
          means,spayer,re:Audio(.*),tol:any
    Entcase:Heist_face
      lematch,w:Sounditron
        lematch,Heist
          means,spayer,re:Heist:(.*),tol:any
        lematch,Need
          means,spayer,re:Need:(.*),tol:any
  TimeSpool
    TimeTotal:beliefs,avg=0.113
      sample=0.118,at=1786167991
      sample=0.242,at=1786169051
      sample=0.08,at=1786169352
      sample=0.08,at=1786169522
      sample=0.065,at=1786169656
      sample=0.065,at=1786173778
      sample=0.094,at=1786173998
      sample=0.175,at=1786175539
      sample=0.054,at=1786175586
      sample=0.155,at=1786177869
    TimeTotal:step,avg=0.014
      sample=0.015,at=1786167991
      sample=0.03,at=1786169051
      sample=0.01,at=1786169352
      sample=0.01,at=1786169522
      sample=0.008,at=1786169656
      sample=0.008,at=1786173778
      sample=0.012,at=1786173998
      sample=0.022,at=1786175539
      sample=0.007,at=1786175586
      sample=0.019,at=1786177869
  step,dige:c3620e932e4cada2
  step=2,dige:c777c265e7a31048,desc:the machine stands
    Assertion:machine-stood,sentence:the machine stood — an addressable self emerged on the spine
  step=3,dige:0206d2c7e73a4a35,desc:the relay answers
    Assertion:relay-answers,sentence:the relay answers — the channel stood and frames can cross
  step=4,dige:3dd19f945b38e3c4,desc:who could we reach
    Assertion:possibilities-surveyed,sentence:the possibilities of peers were surveyed — every known address counted
  step=5,dige:ee763148a94e750c,desc:reach for a peer
  step=6,dige:5131ce059dfc81ec,desc:does sound run here
  step=7,dige:83346cfb0635efde,desc:the music runs
    Assertion:music-runs,sentence:the music played — record chunks decoded onto the live timeline
  step=8,dige:e7d06bc50d9e700b,desc:sum and report
    Assertion:report-stands,sentence:the session summed itself — a report stands ready to travel
