story:Sounditron
  Styles
    matstyle:w
      style:background-color,v:#8f3232
      meta:is_compound,v
      meta:label,fmt:%s,keys:w
    matstyle:req
      style:background-color,v:#2fb155
    matstyle:desc
      style:background-color,v:#8e29d6
    matstyle:Relay
      style:background-color,v:#c5b759
    matstyle:Census
      style:background-color,v:#298699
    matstyle:log
      style:background-color,v:#bc2476
    matstyle:Heist
      style:background-color,v:#61bd42
    matstyle:Audio
      style:background-color,v:#534ed0
    matstyle:Session
      style:background-color,v:#a34b1f
    matstyle:Tally
      style:background-color,v:#3aa67e
    matstyle:Found
      style:background-color,v:#bd36c9
    matstyle:Possibility
      style:background-color,v:#bbdb43
    matstyle:ttlilt
      style:background-color,v:#32618f
    matstyle:MusuSelf
      style:background-color,v:#b12f4a
    matstyle:sworn
      style:background-color,v:#29d638
    matstyle:Friend
      style:background-color,v:#8259c5
  Plan
  Opt
    report
    For
    trickle
    waitVyto
  EntropyArrest
    Entcase:Session_alive
      lematch,w:Sounditron
        lematch,Session,alive
          means,spayer,re:Session.alive={INT},tol:any
    Entcase:Stock_fold
      lematch,w:Sounditron
        lematch,MusuSelf
          means,spayer,re:MusuSelf.pub:{TOK},tol:any
          lematch,stock
            means,dontSnap
            means,spayer,re:stock.pub:{TOK},tol:any
    Entcase:Glass_fold
      lematch,w:Voronoiology
        means,dontSnap
    Entcase:Environment_rows
      lematch,w:Sounditron
        lematch,Found
          means,drop
        lematch,Possibility
          means,drop
        lematch,Friend
          means,drop
    Entcase:Machine_identity
      lematch,w:Sounditron
        lematch,Machine
          means,spayer,re:Machine(.*),tol:any
    Entcase:Heartbeat_round
      lematch,self
        means,spayer,re:self.round={INT},tol:any
    Entcase:Ttlilt_fold
      lematch,ttlilt
        means,drop
    Entcase:Lineup_fold
      lematch,w:Sounditron
        lematch,Mag:Lineup
          means,dontSnap
          means,spayer,re:Mag:Lineup(.*),tol:any
    Entcase:Pipeline_values
      lematch,w:Sounditron
        lematch,Stoker
          means,spayer,re:Stoker(.*),tol:any
        lematch,Census
          means,spayer,re:Census(.*),tol:any
        lematch,Session
          means,spayer,re:Session(.*),tol:any
        lematch,Tally
          means,spayer,re:Tally(.*),tol:any
        lematch,Zine
          means,spayer,re:Zine(.*),tol:any
        lematch,Audio
          means,spayer,re:Audio(.*),tol:any
    Entcase:Heist_face
      lematch,w:Sounditron
        lematch,Heist
          means,spayer,re:Heist:(.*),tol:any
        lematch,Need
          means,spayer,re:Need:(.*),tol:any
  TimeSpool
    TimeTotal:beliefs,avg=0.118
      sample=0.17,at=1786022647
      sample=0.107,at=1786022878
      sample=0.088,at=1786025998
      sample=0.069,at=1786026298
      sample=0.079,at=1786061735
      sample=0.108,at=1786064407
      sample=0.239,at=1786064518
      sample=0.092,at=1786065401
      sample=0.113,at=1786067759
      sample=0.11,at=1786067844
    TimeTotal:step,avg=0.017
      sample=0.024,at=1786022647
      sample=0.015,at=1786022878
      sample=0.013,at=1786025998
      sample=0.01,at=1786026298
      sample=0.011,at=1786061735
      sample=0.015,at=1786064407
      sample=0.034,at=1786064518
      sample=0.013,at=1786065401
      sample=0.016,at=1786067759
      sample=0.016,at=1786067844
  step,dige:de2ef2f8340767ce
  step=2,dige:ce660bf998e69495,desc:the machine stands
    Assertion:machine-stood,sentence:the machine stood — an addressable self emerged on the spine
  step=3,dige:b0cbdf770a3f7009,desc:the relay answers
    Assertion:relay-answers,sentence:the relay answers — the channel stood and frames can cross
  step=4,dige:d5c6504624bb6aa3,desc:who could we reach
    Assertion:possibilities-surveyed,sentence:the possibilities of peers were surveyed — every known address counted
  step=5,dige:25bd5de49e83ae71,desc:reach for a peer
  step=6,dige:ba5c26f536bcd570,desc:does sound run here
  step=7,dige:88823efdeb09f31b,desc:sum and report
    Assertion:report-stands,sentence:the session summed itself — a report stands ready to travel
