story:MusuMag
  Styles
  Plan
  Opt
    For
  EntropyProfile,Wref:Trope/Ra/AudibleEntropy
  TimeSpool
    TimeTotal:beliefs,avg=0.782
      sample=0.988,at=1785906747
      sample=0.941,at=1785906766
      sample=0.916,at=1785906779
      sample=0.671,at=1785941646
      sample=0.723,at=1785941716
      sample=0.645,at=1785941843
      sample=0.61,at=1785942117
      sample=0.659,at=1785942241
      sample=0.756,at=1785942372
      sample=0.906,at=1785943801
    TimeTotal:step,avg=0.078
      sample=0.099,at=1785906747
      sample=0.094,at=1785906766
      sample=0.092,at=1785906779
      sample=0.067,at=1785941646
      sample=0.072,at=1785941716
      sample=0.064,at=1785941843
      sample=0.061,at=1785942117
      sample=0.066,at=1785942241
      sample=0.076,at=1785942372
      sample=0.091,at=1785943801
  step,dige:315b6f6c2578cea2
  step=2,dige:de83953c8faf65b5
  step=3,dige:93859fda016d4f45
    Assertion:the-mag-crosses-as,sentence:the mag crosses as one husk — the mirror wears the shuffle mag its cloud page and every record head before a single byte
    Assertion:the-warm-start-pulls,sentence:the warm start pulls the opening page of the first two records and the mag turns warm the moment record zero holds it
  step=4,dige:c22234608db41bc3
  step=5,dige:9452ffa35199176d
  step=6,dige:060c81cf84a85eb3
  step=7,dige:4074b1a404e73e7c
  step=8,dige:9b7bd73c8141824e
    Assertion:a-starved-track-wears,sentence:a starved track wears its stage on the particle — the deep wants park at the caster and the record head reads parked until the transcode feeds it
  step=9,dige:7721394403a0a3f6
  step=10,dige:1d3e8cd1f3ece8eb
    Assertion:the-pipeline-reads-back,sentence:the pipeline reads back end to end — the record crossed as a husk carrying no bytes then the preview page it pulled decoded to real PCM
