story:MusuMag
  Styles
  Plan
  Opt
    For
  EntropyProfile,Wref:Trope/Ra/AudibleEntropy
  TimeSpool
    TimeTotal:beliefs,avg=2.021
      sample=1.974,at=1784499950
      sample=1.974,at=1784500034
      sample=1.922,at=1784500076
      sample=2.433,at=1784500130
      sample=1.564,at=1784519169
      sample=2.63,at=1784616211
      sample=2.182,at=1785078530
      sample=1.358,at=1785078570
      sample=2.198,at=1785078624
      sample=1.977,at=1785120391
    TimeTotal:step,avg=0.202
      sample=0.197,at=1784499950
      sample=0.197,at=1784500034
      sample=0.192,at=1784500076
      sample=0.243,at=1784500130
      sample=0.156,at=1784519169
      sample=0.263,at=1784616211
      sample=0.218,at=1785078530
      sample=0.136,at=1785078570
      sample=0.22,at=1785078624
      sample=0.198,at=1785120391
  step,dige:66989827a4b139b0
  step=2,dige:d948bf4626979b20
  step=3,dige:2e7e131186ccc8a1
    Assertion:the-mag-crosses-as,sentence:the mag crosses as one husk — the mirror wears the shuffle mag its cloud page and every record head before a single byte
    Assertion:the-warm-start-pulls,sentence:the warm start pulls the opening page of the first two records and the mag turns warm the moment record zero holds it
  step=4,dige:2e8d6d6a586bdf26
  step=5,dige:2727f1534434417f
  step=6,dige:1e90c470e880e2b2
  step=7,dige:d6a5a4892d1f706a
  step=8,dige:dd3a6a7778de25a4
    Assertion:a-starved-track-wears,sentence:a starved track wears its stage on the particle — the deep wants park at the caster and the record head reads parked until the transcode feeds it
  step=9,dige:f5010246ccf8ff70
  step=10,dige:954f152271088daf
    Assertion:the-pipeline-reads-back,sentence:the pipeline reads back end to end — the record crossed as a husk carrying no bytes then the preview page it pulled decoded to real PCM
