Snap:H
  H:MusuHeist,Run
    A:MusuHeist
      self,round=25	{"mung":["age"]}
      w:MusuHeist
        self,round=25	{"mung":["age"]}
        req:wrangle,eternal,ok
        testing
          reached:step_2
          censused,uno=6,duo=3
          see:two collections stand divided on one shared disk — each Pier holds only its own artists as whole original bytes
          reached:seal
          sealed
          reached:job_uno
          see:the pair sealed over the wire — a mutual Music grant gates the heist both ways
          see:a heist job stands pointed at the pier — its filing decisions pinned before any byte crossed
          offered:uno,n=3
          manifest:uno,fresh=3
        Account,of:Uno
          Identity:4e09f34f5a6ab900,prepub:4e09f34f5a6ab900,friendly:Uno
            Peering,name:4e09f34f5a6ab900,friendly:Uno
              Idzeug:heist_1,to:Music,genre:Heist,spent
              Pier,pub:be0dab3303037ad2,friendly:Duo,since:1784025233
                Peering,name:be0dab3303037ad2,friendly:Duo,pub:be0dab3303037ad28ed54826e18aaae7d99eebb2c4786e15283289a46be711f8
                Grant:Music,by:be0dab3303037ad28ed54826e18aaae7d99eebb2c4786e15283289a46be711f8,for:4e09f34f5a6ab900c39c71c42d5e2857753f87cab4119f936e58ee20d85e3cd5,time:1784025233,sign:5565c1d57291d109daee2fab578023ddb38ec8d767d868318dd28a5066b4c675165b1962661805c812af3f1da492c3beb0ef019cd652d7bc7e0b7f023ff30c0a,genre:Heist
                Grant:Music,by:4e09f34f5a6ab900c39c71c42d5e2857753f87cab4119f936e58ee20d85e3cd5,for:be0dab3303037ad28ed54826e18aaae7d99eebb2c4786e15283289a46be711f8,time:1784025233,sign:936fa308e836dc39028b055727aca7381518d2052e8272d64baca590f184d3928e52930acaaa496081c7516e1b1452e75ae2c018b3292b39fafaab9ce0d49006,genre:Heist
            SocialGraph
              Edge,a:4e09f34f5a6ab900,b:be0dab3303037ad2,at:1784025233
        Account,of:Duo
          Identity:be0dab3303037ad2,prepub:be0dab3303037ad2,friendly:Duo
            Peering,name:be0dab3303037ad2,friendly:Duo
              Pier,pub:4e09f34f5a6ab900,friendly:Uno,since:1784025233
                Peering,name:4e09f34f5a6ab900,friendly:Uno,pub:4e09f34f5a6ab900c39c71c42d5e2857753f87cab4119f936e58ee20d85e3cd5
                Grant:Music,by:4e09f34f5a6ab900c39c71c42d5e2857753f87cab4119f936e58ee20d85e3cd5,for:be0dab3303037ad28ed54826e18aaae7d99eebb2c4786e15283289a46be711f8,time:1784025233,sign:936fa308e836dc39028b055727aca7381518d2052e8272d64baca590f184d3928e52930acaaa496081c7516e1b1452e75ae2c018b3292b39fafaab9ce0d49006,genre:Heist
                Grant:Music,by:be0dab3303037ad28ed54826e18aaae7d99eebb2c4786e15283289a46be711f8,for:4e09f34f5a6ab900c39c71c42d5e2857753f87cab4119f936e58ee20d85e3cd5,time:1784025233,sign:5565c1d57291d109daee2fab578023ddb38ec8d767d868318dd28a5066b4c675165b1962661805c812af3f1da492c3beb0ef019cd652d7bc7e0b7f023ff30c0a,genre:Heist
            SocialGraph
              Edge,a:be0dab3303037ad2,b:4e09f34f5a6ab900,at:1784025233
        Peering,name:4e09f34f5a6ab900,req=2,ok
          Pier,pub:be0dab3303037ad2,req=2,ok
            req:handshake,finished
              req:said_hello,maz=4,finished
              req:heard_hello,maz=3,finished
              req:said_trust,maz=2,finished
              req:heard_trust,finished
            protocol
              hello
                said,seq,acked
                heard,pubkey:be0dab3303037ad2
              trust
                said,seq=2,acked
                heard
            outbox
              recent
                emit,type:hello,seq
                emit=2,type:trust,seq=2
                emit=3,type:pier_accept,seq=3
              emit=4,type:repli_want,seq=4,sent,body_hash:8656aa55d393b032b7f05fd40daac127c4862315017072b231d726ccf0d686e6,body_len=4,acked
              emit=5,type:repli_want,seq=5,sent,body_hash:8656aa55d393b032b7f05fd40daac127c4862315017072b231d726ccf0d686e6,body_len=4,acked
              emit=6,type:repli_want,seq=6,sent,body_hash:8656aa55d393b032b7f05fd40daac127c4862315017072b231d726ccf0d686e6,body_len=4,acked
              emit=7,type:repli_want,seq=7,sent,body_hash:8656aa55d393b032b7f05fd40daac127c4862315017072b231d726ccf0d686e6,body_len=4,acked
              emit=8,type:repli_want,seq=8,sent,body_hash:8656aa55d393b032b7f05fd40daac127c4862315017072b231d726ccf0d686e6,body_len=4,acked
              emit=9,type:repli_want,seq=9,sent,body_hash:8656aa55d393b032b7f05fd40daac127c4862315017072b231d726ccf0d686e6,body_len=4,acked
            inbox
              recent
                unemit,type:hello,seq
                unemit=2,type:trust,seq=2
                unemit=3,type:pier_hello,seq=3
                unemit=4,type:repli_lines,seq=4
                unemit=5,type:repli_lines,seq=5
                unemit=6,type:repli_lines,seq=6
              req:unemit,seq=7,type:repli_lines,body_hash:506d27dbc5f0e8f97e6cb28e57e2fdc38d5fa1c52ac7911ac051a3a726604ef9,body_len=110,done,to:repli_lines,finished
              req:unemit,seq=8,type:repli_page,body_hash:f9cb73180655432e64e0f9a63bc659a5af490e9f274a79f21b8396ede4161a3d,body_len=8110,done,to:repli_page,finished
              req:unemit,seq=9,type:repli_lines,body_hash:a852cb793c237e280b5e13e0f956b40811165185c96e96f888b370c16eb1c14e,body_len=170,done,to:repli_lines,finished
              req:unemit,seq=10,type:repli_page,body_hash:62fe086bedd8fc14c678f0f861479e2423395f2458cdec148c5d10e123e52f3c,body_len=262144,done,to:repli_page,finished
              req:unemit,seq=11,type:repli_page,body_hash:aeaabcfdab75e79a17a32eaa29ffdd07aa239bd5bc834e3cce2935976ff29de4,body_len=262144,done,to:repli_page,finished
              req:unemit,seq=12,type:repli_lines,body_hash:e0c12b296e1af15fe265e45703432834dad4d608e43db8968f8c04c9bfec4442,body_len=170,done,to:repli_lines,finished
              req:unemit,seq=13,type:repli_page,body_hash:e2a6a000a30cbb07375d5758afbb8f3317657afafaa0babc84aa1f228c0fdbde,body_len=262144,done,to:repli_page,finished
              req:unemit,seq=14,type:repli_page,body_hash:38a0d9a52023b39f9a707381301d003fd8e8d030c7bc0784b4c295bc480d20ec,body_len=173672,done,to:repli_page,finished
              req:unemit,seq=15,type:repli_lines,body_hash:f3e3c641b73082e9385722376e5786a103b97a335fcc3c700e92562b6bad0937,body_len=170,done,to:repli_lines,finished
              req:unemit,seq=16,type:repli_page,body_hash:e6d110dd0f1cd78f2f569672dbfaf94f70986f00d69d28f7f026f7c2e83ce0d0,body_len=262144,done,to:repli_page,finished
              req:unemit,seq=17,type:repli_page,body_hash:5e82a3125d667693455aefb4261f983ba147887ce80a2fbd86b53987c91e244f,body_len=262144,done,to:repli_page,finished
              req:unemit,seq=18,type:repli_lines,body_hash:355d13d42ee8f6f0e5055141dcf8f2bb7a10664c44e9ac0c0087f8e099c75942,body_len=170,done,to:repli_lines,finished
              req:unemit,seq=19,type:repli_page,body_hash:67b6ba7d0c5e133e7c42c2a5e0fd2b3719802e52a1f25fd7245b5fedb4ac0030,body_len=262144,done,to:repli_page,finished
              req:unemit,seq=20,type:repli_page,body_hash:e93363967ef1f18b833aa79d3992d224baca57e479a9008072c6bbdd723d78e5,body_len=262144,done,to:repli_page,finished
              req:unemit,seq=21,type:repli_lines,body_hash:673231eb08c4c5ab844ee6aeb2b4a874d476b731f2f8bced6c925b27f5454549,body_len=111,done,to:repli_lines,finished
              req:unemit,seq=22,type:repli_page,body_hash:565a3f31322bcab625f816f25518c515304ac11dc152e43280e95146a09d8ed2,body_len=39528,done,to:repli_page,finished
            Ud,pubkey:be0dab3303037ad2
          active_transport,type:mock,open
        Peering,name:be0dab3303037ad2,req=3,ok
          Pier,pub:4e09f34f5a6ab900,req=2,ok
            req:handshake,finished
              req:said_hello,maz=4,finished
              req:heard_hello,maz=3,finished
              req:said_trust,maz=2,finished
              req:heard_trust,finished
            protocol
              hello
                said,seq,acked
                heard,pubkey:4e09f34f5a6ab900
              trust
                said,seq=2,acked
                heard
            outbox
              recent
                emit,type:hello,seq
                emit=2,type:trust,seq=2
                emit=3,type:pier_hello,seq=3
                emit=4,type:repli_lines,seq=4
                emit=5,type:repli_lines,seq=5
                emit=6,type:repli_lines,seq=6
              emit=7,type:repli_lines,seq=7,sent,body_hash:506d27dbc5f0e8f97e6cb28e57e2fdc38d5fa1c52ac7911ac051a3a726604ef9,body_len=110,acked
              emit=8,type:repli_page,seq=8,sent,body_hash:f9cb73180655432e64e0f9a63bc659a5af490e9f274a79f21b8396ede4161a3d,body_len=8110,acked
              emit=9,type:repli_lines,seq=9,sent,body_hash:a852cb793c237e280b5e13e0f956b40811165185c96e96f888b370c16eb1c14e,body_len=170,acked
              emit=10,type:repli_page,seq=10,sent,body_hash:62fe086bedd8fc14c678f0f861479e2423395f2458cdec148c5d10e123e52f3c,body_len=262144,acked
              emit=11,type:repli_page,seq=11,sent,body_hash:aeaabcfdab75e79a17a32eaa29ffdd07aa239bd5bc834e3cce2935976ff29de4,body_len=262144,acked
              emit=12,type:repli_lines,seq=12,sent,body_hash:e0c12b296e1af15fe265e45703432834dad4d608e43db8968f8c04c9bfec4442,body_len=170,acked
              emit=13,type:repli_page,seq=13,sent,body_hash:e2a6a000a30cbb07375d5758afbb8f3317657afafaa0babc84aa1f228c0fdbde,body_len=262144,acked
              emit=14,type:repli_page,seq=14,sent,body_hash:38a0d9a52023b39f9a707381301d003fd8e8d030c7bc0784b4c295bc480d20ec,body_len=173672,acked
              emit=15,type:repli_lines,seq=15,sent,body_hash:f3e3c641b73082e9385722376e5786a103b97a335fcc3c700e92562b6bad0937,body_len=170,acked
              emit=16,type:repli_page,seq=16,sent,body_hash:e6d110dd0f1cd78f2f569672dbfaf94f70986f00d69d28f7f026f7c2e83ce0d0,body_len=262144,acked
              emit=17,type:repli_page,seq=17,sent,body_hash:5e82a3125d667693455aefb4261f983ba147887ce80a2fbd86b53987c91e244f,body_len=262144,acked
              emit=18,type:repli_lines,seq=18,sent,body_hash:355d13d42ee8f6f0e5055141dcf8f2bb7a10664c44e9ac0c0087f8e099c75942,body_len=170,acked
              emit=19,type:repli_page,seq=19,sent,body_hash:67b6ba7d0c5e133e7c42c2a5e0fd2b3719802e52a1f25fd7245b5fedb4ac0030,body_len=262144,acked
              emit=20,type:repli_page,seq=20,sent,body_hash:e93363967ef1f18b833aa79d3992d224baca57e479a9008072c6bbdd723d78e5,body_len=262144,acked
              emit=21,type:repli_lines,seq=21,sent,body_hash:673231eb08c4c5ab844ee6aeb2b4a874d476b731f2f8bced6c925b27f5454549,body_len=111,acked
              emit=22,type:repli_page,seq=22,sent,body_hash:565a3f31322bcab625f816f25518c515304ac11dc152e43280e95146a09d8ed2,body_len=39528,acked
            inbox
              recent
                unemit,type:hello,seq
                unemit=2,type:trust,seq=2
                unemit=3,type:pier_accept,seq=3
              req:unemit,seq=4,type:repli_want,body_hash:8656aa55d393b032b7f05fd40daac127c4862315017072b231d726ccf0d686e6,body_len=4,done,to:repli_want,finished
              req:unemit,seq=5,type:repli_want,body_hash:8656aa55d393b032b7f05fd40daac127c4862315017072b231d726ccf0d686e6,body_len=4,done,to:repli_want,finished
              req:unemit,seq=6,type:repli_want,body_hash:8656aa55d393b032b7f05fd40daac127c4862315017072b231d726ccf0d686e6,body_len=4,done,to:repli_want,finished
              req:unemit,seq=7,type:repli_want,body_hash:8656aa55d393b032b7f05fd40daac127c4862315017072b231d726ccf0d686e6,body_len=4,done,to:repli_want,finished
              req:unemit,seq=8,type:repli_want,body_hash:8656aa55d393b032b7f05fd40daac127c4862315017072b231d726ccf0d686e6,body_len=4,done,to:repli_want,finished
              req:unemit,seq=9,type:repli_want,body_hash:8656aa55d393b032b7f05fd40daac127c4862315017072b231d726ccf0d686e6,body_len=4,done,to:repli_want,finished
            Ud,pubkey:4e09f34f5a6ab900
          active_transport,type:mock,open
        Library,pier:4e09f34f5a6ab900
          Record,id:d71294dbbcd7b726,title:Cosmic C,artist:DJ Oscillo,path:DJ Oscillo - Cosmic C.wav,ext:wav,bytes=1248104,body_hash:d71294dbbcd7b726b29eb435b756e0663034b5e94639324b091fed01fbd6c1f7,total=5
            Body,seq:0	{"ref":{"buf":"Uint8Array()"}}
            Body,seq:1	{"ref":{"buf":"Uint8Array()"}}
            Body,seq:2	{"ref":{"buf":"Uint8Array()"}}
            Body,seq:3	{"ref":{"buf":"Uint8Array()"}}
            Body,seq:4	{"ref":{"buf":"Uint8Array()"}}
          Record,id:02cfcb9c15affeaf,title:Dorian D,artist:DJ Oscillo,path:DJ Oscillo - Dorian D.wav,ext:wav,bytes=1216104,body_hash:02cfcb9c15affeaf0321fb7f155f65782ba44e45767f2cea9beeac447a8784ef,total=5
            Body,seq:0	{"ref":{"buf":"Uint8Array()"}}
            Body,seq:1	{"ref":{"buf":"Uint8Array()"}}
            Body,seq:2	{"ref":{"buf":"Uint8Array()"}}
            Body,seq:3	{"ref":{"buf":"Uint8Array()"}}
            Body,seq:4	{"ref":{"buf":"Uint8Array()"}}
          Record,id:cf95c97b08584b92,title:Groove G,artist:DJ Oscillo,path:DJ Oscillo - Groove G.wav,ext:wav,bytes=1056104,body_hash:cf95c97b08584b92d262f214ddfdf536da5a18303b6e27ccb177c1c4088eb765,total=5
            Body,seq:0	{"ref":{"buf":"Uint8Array()"}}
            Body,seq:1	{"ref":{"buf":"Uint8Array()"}}
            Body,seq:2	{"ref":{"buf":"Uint8Array()"}}
            Body,seq:3	{"ref":{"buf":"Uint8Array()"}}
            Body,seq:4	{"ref":{"buf":"Uint8Array()"}}
          Record,id:d8a28ada85f2e851,title:Deep A,artist:The Sines,path:The Sines - Deep A.wav,ext:wav,bytes=1152100,body_hash:d8a28ada85f2e85151b446112e4d97db3bc6cc24c5ef335b2593be0d95df6b28,total=5
            Body,seq:0	{"ref":{"buf":"Uint8Array()"}}
            Body,seq:1	{"ref":{"buf":"Uint8Array()"}}
            Body,seq:2	{"ref":{"buf":"Uint8Array()"}}
            Body,seq:3	{"ref":{"buf":"Uint8Array()"}}
            Body,seq:4	{"ref":{"buf":"Uint8Array()"}}
          Record,id:95f3c03e41e9c007,title:High A,artist:The Sines,path:The Sines - High A.wav,ext:wav,bytes=1280100,body_hash:95f3c03e41e9c0070da6e6a35d5901ac37a8e0e18025e75c3ad8862326f97ef4,total=5
            Body,seq:0	{"ref":{"buf":"Uint8Array()"}}
            Body,seq:1	{"ref":{"buf":"Uint8Array()"}}
            Body,seq:2	{"ref":{"buf":"Uint8Array()"}}
            Body,seq:3	{"ref":{"buf":"Uint8Array()"}}
            Body,seq:4	{"ref":{"buf":"Uint8Array()"}}
          Record,id:902552d4a0b8b0c1,title:Middle A,artist:The Sines,path:The Sines - Middle A.wav,ext:wav,bytes=1024102,body_hash:902552d4a0b8b0c19cc6e6331097145ccc9be1d31b90ee9bc3691730c85043b8,total=4
            Body,seq:0	{"ref":{"buf":"Uint8Array()"}}
            Body,seq:1	{"ref":{"buf":"Uint8Array()"}}
            Body,seq:2	{"ref":{"buf":"Uint8Array()"}}
            Body,seq:3	{"ref":{"buf":"Uint8Array()"}}
        Library,pier:be0dab3303037ad2
          Record,id:f9cb73180655432e,title:Tagged Truth,artist:Fourier Four,path:Fourier Four - Bogus Name.wav,ext:wav,bytes=8110,body_hash:f9cb73180655432e64e0f9a63bc659a5af490e9f274a79f21b8396ede4161a3d,total
            Body,seq:0	{"ref":{"buf":"Uint8Array()"}}
          Record,id:a14602e5ca2e9bd0,title:Echo E,artist:Fourier Four,path:Fourier Four - Echo E.wav,ext:wav,bytes=960104,body_hash:a14602e5ca2e9bd00fe5f7d96e1f27bd1113071f99d18687f3a98a6c76f5b998,total=4
            Body,seq:0	{"ref":{"buf":"Uint8Array()"}}
            Body,seq:1	{"ref":{"buf":"Uint8Array()"}}
            Body,seq:2	{"ref":{"buf":"Uint8Array()"}}
            Body,seq:3	{"ref":{"buf":"Uint8Array()"}}
          Record,id:370d870166ffe45f,title:Query E,artist:Fourier Four,path:Fourier Four - Query E.wav,ext:wav,bytes=1088104,body_hash:370d870166ffe45f2e19b0bd1e8fdf765e0d208ac53fab66790ffe1e334c4a0e,total=5
            Body,seq:0	{"ref":{"buf":"Uint8Array()"}}
            Body,seq:1	{"ref":{"buf":"Uint8Array()"}}
            Body,seq:2	{"ref":{"buf":"Uint8Array()"}}
            Body,seq:3	{"ref":{"buf":"Uint8Array()"}}
            Body,seq:4	{"ref":{"buf":"Uint8Array()"}}
        req:heist_census,finished
        req:witness,eternal,ok
        Heist,at:be0dab3303037ad2,disbelieve_directories
          filing,artist:Fourier Four,genre:4t-mathrock
        Library,pier:4e09f34f5a6ab900.heist
          Record,id:f9cb73180655432e,title:Tagged Truth,artist:Fourier Four,path:Fourier Four - Bogus Name.wav,ext:wav,bytes=8110,body_hash:f9cb73180655432e64e0f9a63bc659a5af490e9f274a79f21b8396ede4161a3d,total
            Body,seq:0	{"ref":{"buf":"Uint8Array()"}}
          Record,id:a14602e5ca2e9bd0,title:Echo E,artist:Fourier Four,path:Fourier Four - Echo E.wav,ext:wav,bytes=960104,body_hash:a14602e5ca2e9bd00fe5f7d96e1f27bd1113071f99d18687f3a98a6c76f5b998,total=4
            Body,seq:0	{"ref":{"buf":"Uint8Array()"}}
            Body,seq:1	{"ref":{"buf":"Uint8Array()"}}
            Body,seq:2	{"ref":{"buf":"Uint8Array()"}}
            Body,seq:3	{"ref":{"buf":"Uint8Array()"}}
          Record,id:370d870166ffe45f,title:Query E,artist:Fourier Four,path:Fourier Four - Query E.wav,ext:wav,bytes=1088104,body_hash:370d870166ffe45f2e19b0bd1e8fdf765e0d208ac53fab66790ffe1e334c4a0e,total=5
            Body,seq:0	{"ref":{"buf":"Uint8Array()"}}
            Body,seq:1	{"ref":{"buf":"Uint8Array()"}}
            Body,seq:2	{"ref":{"buf":"Uint8Array()"}}
            Body,seq:3	{"ref":{"buf":"Uint8Array()"}}
            Body,seq:4	{"ref":{"buf":"Uint8Array()"}}
