Snap:H
  H:MusuHeist,Run
    A:MusuHeist
      self,round=80	{"mung":["age"]}
      w:MusuHeist
        self,round=80	{"mung":["age"]}
        req:wrangle,eternal,ok
        testing
          reached:step_2
          censused,uno=6,duo=3
          see:two collections stand divided on one shared disk — each Pier holds only its own artists as whole original bytes
          reached:seal
          sealed
          reached:job_uno
          see:the pair sealed over the wire — a mutual Music grant gates the heist both ways
          see:a heist job stands pointed at the pier — its filing decisions pinned before any byte crossed
          offered:uno,n=3
          manifest:uno,fresh=3
          heisted:uno,landed=3,faithful=3,took_named=3,streamed
            on_disk:4t-mathrock/Fourier Four/Tagged Truth.wav,bytes=8110
            on_disk:4t-mathrock/Fourier Four/Echo E.wav,bytes=960044
            on_disk:4t-mathrock/Fourier Four/Query E.wav,bytes=1088044
          reached:job_duo
          see:the heist landed straight into the collection — every file byte-faithful to its source hash on the disk
          see:the landing filed by category — each track under the genre its filing named
          see:a mislabeled file followed its tags home — the filing trusted the bytes over the filename
          see:the landing streamed chunk by chunk — no whole track ever waited in memory
          offered:duo,n=9
          manifest:duo,holds=3,fresh=6
          heisted:duo,landed=6,skipped=3,faithful=6
            on_disk:4t-bangers/DJ Oscillo/Cosmic C.wav,bytes=1248044
            on_disk:4t-bangers/DJ Oscillo/Dorian D.wav,bytes=1216044
            on_disk:4t-bangers/DJ Oscillo/Groove G.wav,bytes=1056044
            on_disk:4t-chillwave/The Sines/Deep A.wav,bytes=1152044
            on_disk:4t-chillwave/The Sines/High A.wav,bytes=1280044
            on_disk:4t-chillwave/The Sines/Middle A.wav,bytes=1024044
          reached:job_reuno
          see:the mirror heist landed the other way — each end filed the same disk under its own categories
          offered:reuno,n=9
          manifest:reuno,holds=9
          heisted:reuno,skipped=9,held_named=9
          see:a second heist found nothing new — the catalog identity of every offer was already held
          reached:logs
          newlyadded_shape,uno=3,duo=6,unsourced
          see:newlyadded logs each arrival with a fresh feeling — and never a word about the source
          reached:deny
          denied,drop_artist:Fourier Four,drop_title:Echo E,gone,carded_off,log_dropped
          see:a denied track left the collection — the file gone and the log honest about the drop
          reached:job_retomb
          offered:retomb,n=9
          manifest:retomb,holds=8,refuses
          see:the manifest named every verdict before a byte moved — the heist showed what it would take hold and refuse
          heisted:retomb,skipped=8,tombstoned
          see:a denied track stayed refused on the next heist — the collection remembered the rejection and re-downloaded nothing
          see:every offer left a named verdict on the job — took held or denied each pointed by tune
          reached:flat
          flattened
          see:the scaffolding flattened away — no heist stands and nothing attributes who gave what
        Account,of:Uno
          Identity:4e09f34f5a6ab900,prepub:4e09f34f5a6ab900,friendly:Uno
            Peering,name:4e09f34f5a6ab900,friendly:Uno
              Idzeug:heist_1,to:Music,genre:Heist,spent
              Pier,pub:be0dab3303037ad2,friendly:Duo,since:1783863286
                Peering,name:be0dab3303037ad2,friendly:Duo,pub:be0dab3303037ad28ed54826e18aaae7d99eebb2c4786e15283289a46be711f8
                Grant:Music,by:be0dab3303037ad28ed54826e18aaae7d99eebb2c4786e15283289a46be711f8,for:4e09f34f5a6ab900c39c71c42d5e2857753f87cab4119f936e58ee20d85e3cd5,time:1783863286,sign:ad54a1fea6a4881b664de0c54308bc89c6ee7a33983f9d7e89b824e18d7c53d4c882fe3a4c7c0c098b77f890ba6bcbdc9a4725a865138ea34d95f60ac599c203,genre:Heist
                Grant:Music,by:4e09f34f5a6ab900c39c71c42d5e2857753f87cab4119f936e58ee20d85e3cd5,for:be0dab3303037ad28ed54826e18aaae7d99eebb2c4786e15283289a46be711f8,time:1783863286,sign:f5762c12aa0073a66e44c001526de8c0d00340a0ed3a30642c3527566c2bcaf9cdead68481b67c80c3ab628b866e31ae6cb377293d7b91b989518647b0e07f0f,genre:Heist
            SocialGraph
              Edge,a:4e09f34f5a6ab900,b:be0dab3303037ad2,at:1783863286
        Account,of:Duo
          Identity:be0dab3303037ad2,prepub:be0dab3303037ad2,friendly:Duo
            Peering,name:be0dab3303037ad2,friendly:Duo
              Pier,pub:4e09f34f5a6ab900,friendly:Uno,since:1783863286
                Peering,name:4e09f34f5a6ab900,friendly:Uno,pub:4e09f34f5a6ab900c39c71c42d5e2857753f87cab4119f936e58ee20d85e3cd5
                Grant:Music,by:4e09f34f5a6ab900c39c71c42d5e2857753f87cab4119f936e58ee20d85e3cd5,for:be0dab3303037ad28ed54826e18aaae7d99eebb2c4786e15283289a46be711f8,time:1783863286,sign:f5762c12aa0073a66e44c001526de8c0d00340a0ed3a30642c3527566c2bcaf9cdead68481b67c80c3ab628b866e31ae6cb377293d7b91b989518647b0e07f0f,genre:Heist
                Grant:Music,by:be0dab3303037ad28ed54826e18aaae7d99eebb2c4786e15283289a46be711f8,for:4e09f34f5a6ab900c39c71c42d5e2857753f87cab4119f936e58ee20d85e3cd5,time:1783863286,sign:ad54a1fea6a4881b664de0c54308bc89c6ee7a33983f9d7e89b824e18d7c53d4c882fe3a4c7c0c098b77f890ba6bcbdc9a4725a865138ea34d95f60ac599c203,genre:Heist
            SocialGraph
              Edge,a:be0dab3303037ad2,b:4e09f34f5a6ab900,at:1783863286
        Peering,name:4e09f34f5a6ab900,req=2,ok
          Pier,pub:be0dab3303037ad2,req=2,ok
            req:handshake,finished
              req:said_hello,maz=4,finished
              req:heard_hello,maz=3,finished
              req:said_trust,maz=2,finished
              req:heard_trust,finished
            protocol
              hello
                said,seq,acked
                heard,pubkey:be0dab3303037ad2
              trust
                said,seq=2,acked
                heard
            outbox
              recent
                emit=45,type:repli_page,seq=45
                emit=46,type:repli_lines,seq=46
                emit=47,type:repli_page,seq=47
                emit=48,type:repli_page,seq=48
                emit=49,type:repli_lines,seq=49
                emit=50,type:repli_page,seq=50
                emit=51,type:repli_lines,seq=51
                emit=52,type:repli_page,seq=52
                emit=53,type:repli_page,seq=53
                emit=54,type:repli_lines,seq=54
                emit=55,type:repli_page,seq=55
                emit=56,type:repli_page,seq=56
                emit=57,type:repli_lines,seq=57
                emit=58,type:repli_page,seq=58
                emit=59,type:repli_lines,seq=59
                emit=60,type:repli_page,seq=60
                emit=61,type:repli_page,seq=61
                emit=62,type:repli_lines,seq=62
                emit=63,type:repli_page,seq=63
                emit=64,type:repli_page,seq=64
            inbox
              recent
                unemit=38,type:repli_want,seq=38
                unemit=39,type:repli_want,seq=39
                unemit=40,type:repli_lines,seq=40
                unemit=41,type:repli_lines,seq=41
                unemit=42,type:repli_lines,seq=42
                unemit=43,type:repli_lines,seq=43
                unemit=44,type:repli_lines,seq=44
                unemit=45,type:repli_lines,seq=45
                unemit=46,type:repli_lines,seq=46
                unemit=47,type:repli_lines,seq=47
                unemit=48,type:repli_lines,seq=48
                unemit=49,type:repli_lines,seq=49
                unemit=50,type:repli_lines,seq=50
                unemit=51,type:repli_lines,seq=51
                unemit=52,type:repli_lines,seq=52
                unemit=53,type:repli_lines,seq=53
                unemit=54,type:repli_lines,seq=54
                unemit=55,type:repli_lines,seq=55
                unemit=56,type:repli_lines,seq=56
                unemit=57,type:repli_lines,seq=57
            Ud,pubkey:be0dab3303037ad2
            req:awaitbuf,bufferid,landed,finished
            req:awaitbuf,bufferid=2,landed,finished
            req:awaitbuf,bufferid=3,landed,finished
            req:awaitbuf,bufferid=4,landed,finished
            req:awaitbuf,bufferid=5,landed,finished
            req:awaitbuf,bufferid=6,landed,finished
            req:awaitbuf,bufferid=7,landed,finished
            req:awaitbuf,bufferid=8,landed,finished
            req:awaitbuf,bufferid=9,landed,finished
            req:awaitbuf,bufferid=10,landed,finished
          active_transport,type:mock,open
        Peering,name:be0dab3303037ad2,req=3,ok
          Pier,pub:4e09f34f5a6ab900,req=2,ok
            req:handshake,finished
              req:said_hello,maz=4,finished
              req:heard_hello,maz=3,finished
              req:said_trust,maz=2,finished
              req:heard_trust,finished
            protocol
              hello
                said,seq,acked
                heard,pubkey:4e09f34f5a6ab900
              trust
                said,seq=2,acked
                heard
            outbox
              recent
                emit=38,type:repli_want,seq=38
                emit=39,type:repli_want,seq=39
                emit=40,type:repli_lines,seq=40
                emit=41,type:repli_lines,seq=41
                emit=42,type:repli_lines,seq=42
                emit=43,type:repli_lines,seq=43
                emit=44,type:repli_lines,seq=44
                emit=45,type:repli_lines,seq=45
                emit=46,type:repli_lines,seq=46
                emit=47,type:repli_lines,seq=47
                emit=48,type:repli_lines,seq=48
                emit=49,type:repli_lines,seq=49
                emit=50,type:repli_lines,seq=50
                emit=51,type:repli_lines,seq=51
                emit=52,type:repli_lines,seq=52
                emit=53,type:repli_lines,seq=53
                emit=54,type:repli_lines,seq=54
                emit=55,type:repli_lines,seq=55
                emit=56,type:repli_lines,seq=56
                emit=57,type:repli_lines,seq=57
            inbox
              recent
                unemit=45,type:repli_page,seq=45
                unemit=46,type:repli_lines,seq=46
                unemit=47,type:repli_page,seq=47
                unemit=48,type:repli_page,seq=48
                unemit=49,type:repli_lines,seq=49
                unemit=50,type:repli_page,seq=50
                unemit=51,type:repli_lines,seq=51
                unemit=52,type:repli_page,seq=52
                unemit=53,type:repli_page,seq=53
                unemit=54,type:repli_lines,seq=54
                unemit=55,type:repli_page,seq=55
                unemit=56,type:repli_page,seq=56
                unemit=57,type:repli_lines,seq=57
                unemit=58,type:repli_page,seq=58
                unemit=59,type:repli_lines,seq=59
                unemit=60,type:repli_page,seq=60
                unemit=61,type:repli_page,seq=61
                unemit=62,type:repli_lines,seq=62
                unemit=63,type:repli_page,seq=63
                unemit=64,type:repli_page,seq=64
            Ud,pubkey:4e09f34f5a6ab900
            req:awaitbuf,bufferid,landed,finished
            req:awaitbuf,bufferid=2,landed,finished
            req:awaitbuf,bufferid=3,landed,finished
            req:awaitbuf,bufferid=4,landed,finished
            req:awaitbuf,bufferid=5,landed,finished
            req:awaitbuf,bufferid=6,landed,finished
            req:awaitbuf,bufferid=7,landed,finished
            req:awaitbuf,bufferid=8,landed,finished
            req:awaitbuf,bufferid=9,landed,finished
            req:awaitbuf,bufferid=10,landed,finished
            req:awaitbuf,bufferid=11,landed,finished
            req:awaitbuf,bufferid=12,landed,finished
            req:awaitbuf,bufferid=13,landed,finished
            req:awaitbuf,bufferid=14,landed,finished
            req:awaitbuf,bufferid=15,landed,finished
            req:awaitbuf,bufferid=16,landed,finished
            req:awaitbuf,bufferid=17,landed,finished
            req:awaitbuf,bufferid=18,landed,finished
            req:awaitbuf,bufferid=19,landed,finished
            req:awaitbuf,bufferid=20,landed,finished
            req:awaitbuf,bufferid=21,landed,finished
            req:awaitbuf,bufferid=22,landed,finished
            req:awaitbuf,bufferid=23,landed,finished
            req:awaitbuf,bufferid=24,landed,finished
            req:awaitbuf,bufferid=25,landed,finished
            req:awaitbuf,bufferid=26,landed,finished
            req:awaitbuf,bufferid=27,landed,finished
            req:awaitbuf,bufferid=28,landed,finished
            req:awaitbuf,bufferid=29,landed,finished
          active_transport,type:mock,open
        Library,pier:4e09f34f5a6ab900
          Record,id:af99e3b3efe5661a,title:Cosmic C,artist:DJ Oscillo,path:DJ Oscillo - Cosmic C.wav,ext:wav,bytes=1248044,body_hash:af99e3b3efe5661ab2b32ceb82ce5fa90c42ed1d32613fdc4bcd73827abfa8b9,total=5
            Body,seq:0	{"ref":{"buf":"Uint8Array()"}}
            Body,seq:1	{"ref":{"buf":"Uint8Array()"}}
            Body,seq:2	{"ref":{"buf":"Uint8Array()"}}
            Body,seq:3	{"ref":{"buf":"Uint8Array()"}}
            Body,seq:4	{"ref":{"buf":"Uint8Array()"}}
          Record,id:cec642f34f501315,title:Dorian D,artist:DJ Oscillo,path:DJ Oscillo - Dorian D.wav,ext:wav,bytes=1216044,body_hash:cec642f34f50131579e3e195c6a90ebedbb737f4adbee847ae80eee804b041ca,total=5
            Body,seq:0	{"ref":{"buf":"Uint8Array()"}}
            Body,seq:1	{"ref":{"buf":"Uint8Array()"}}
            Body,seq:2	{"ref":{"buf":"Uint8Array()"}}
            Body,seq:3	{"ref":{"buf":"Uint8Array()"}}
            Body,seq:4	{"ref":{"buf":"Uint8Array()"}}
          Record,id:8e6fc6abdf3a262c,title:Groove G,artist:DJ Oscillo,path:DJ Oscillo - Groove G.wav,ext:wav,bytes=1056044,body_hash:8e6fc6abdf3a262c09097dd3559a8aa3d3f337959548deeba8d636ef86f4966d,total=5
            Body,seq:0	{"ref":{"buf":"Uint8Array()"}}
            Body,seq:1	{"ref":{"buf":"Uint8Array()"}}
            Body,seq:2	{"ref":{"buf":"Uint8Array()"}}
            Body,seq:3	{"ref":{"buf":"Uint8Array()"}}
            Body,seq:4	{"ref":{"buf":"Uint8Array()"}}
          Record,id:d2db2a78bd02c395,title:Deep A,artist:The Sines,path:The Sines - Deep A.wav,ext:wav,bytes=1152044,body_hash:d2db2a78bd02c395eafbc2c82ca4a04863888c72829838b8f26cc1c97747d023,total=5
            Body,seq:0	{"ref":{"buf":"Uint8Array()"}}
            Body,seq:1	{"ref":{"buf":"Uint8Array()"}}
            Body,seq:2	{"ref":{"buf":"Uint8Array()"}}
            Body,seq:3	{"ref":{"buf":"Uint8Array()"}}
            Body,seq:4	{"ref":{"buf":"Uint8Array()"}}
          Record,id:d9ce0459eaa4514c,title:High A,artist:The Sines,path:The Sines - High A.wav,ext:wav,bytes=1280044,body_hash:d9ce0459eaa4514c1d46524c711235f97c8a52192c7b6d1bb314b491eefb3d9a,total=5
            Body,seq:0	{"ref":{"buf":"Uint8Array()"}}
            Body,seq:1	{"ref":{"buf":"Uint8Array()"}}
            Body,seq:2	{"ref":{"buf":"Uint8Array()"}}
            Body,seq:3	{"ref":{"buf":"Uint8Array()"}}
            Body,seq:4	{"ref":{"buf":"Uint8Array()"}}
          Record,id:6d85855a70adc5c2,title:Middle A,artist:The Sines,path:The Sines - Middle A.wav,ext:wav,bytes=1024044,body_hash:6d85855a70adc5c28445522dc6976935d8a3a90234c52d3b4f28a54c3ab7a4ee,total=4
            Body,seq:0	{"ref":{"buf":"Uint8Array()"}}
            Body,seq:1	{"ref":{"buf":"Uint8Array()"}}
            Body,seq:2	{"ref":{"buf":"Uint8Array()"}}
            Body,seq:3	{"ref":{"buf":"Uint8Array()"}}
          Record,id:f9cb73180655432e,title:Tagged Truth,artist:Fourier Four,path:4t-mathrock/Fourier Four/Tagged Truth.wav,ext:wav,bytes=8110,body_hash:f9cb73180655432e64e0f9a63bc659a5af490e9f274a79f21b8396ede4161a3d
          Record,id:890df9ef629ed87b,title:Query E,artist:Fourier Four,path:4t-mathrock/Fourier Four/Query E.wav,ext:wav,bytes=1088044,body_hash:890df9ef629ed87bff51e2a21ad321aa9945ea3a7a8619bffebf2a6c704f38f1
          Tombstone,artist:Fourier Four,title:Echo E
        Library,pier:be0dab3303037ad2
          Record,id:f9cb73180655432e,title:Tagged Truth,artist:Fourier Four,path:Fourier Four - Bogus Name.wav,ext:wav,bytes=8110,body_hash:f9cb73180655432e64e0f9a63bc659a5af490e9f274a79f21b8396ede4161a3d,total
            Body,seq:0	{"ref":{"buf":"Uint8Array()"}}
          Record,id:f60c57424cac2e10,title:Echo E,artist:Fourier Four,path:Fourier Four - Echo E.wav,ext:wav,bytes=960044,body_hash:f60c57424cac2e10046b99ea9708fbf9271c97aab0b75790ee82a7508f0c7d7a,total=4
            Body,seq:0	{"ref":{"buf":"Uint8Array()"}}
            Body,seq:1	{"ref":{"buf":"Uint8Array()"}}
            Body,seq:2	{"ref":{"buf":"Uint8Array()"}}
            Body,seq:3	{"ref":{"buf":"Uint8Array()"}}
          Record,id:890df9ef629ed87b,title:Query E,artist:Fourier Four,path:Fourier Four - Query E.wav,ext:wav,bytes=1088044,body_hash:890df9ef629ed87bff51e2a21ad321aa9945ea3a7a8619bffebf2a6c704f38f1,total=5
            Body,seq:0	{"ref":{"buf":"Uint8Array()"}}
            Body,seq:1	{"ref":{"buf":"Uint8Array()"}}
            Body,seq:2	{"ref":{"buf":"Uint8Array()"}}
            Body,seq:3	{"ref":{"buf":"Uint8Array()"}}
            Body,seq:4	{"ref":{"buf":"Uint8Array()"}}
          Record,id:af99e3b3efe5661a,title:Cosmic C,artist:DJ Oscillo,path:4t-bangers/DJ Oscillo/Cosmic C.wav,ext:wav,bytes=1248044,body_hash:af99e3b3efe5661ab2b32ceb82ce5fa90c42ed1d32613fdc4bcd73827abfa8b9
          Record,id:cec642f34f501315,title:Dorian D,artist:DJ Oscillo,path:4t-bangers/DJ Oscillo/Dorian D.wav,ext:wav,bytes=1216044,body_hash:cec642f34f50131579e3e195c6a90ebedbb737f4adbee847ae80eee804b041ca
          Record,id:8e6fc6abdf3a262c,title:Groove G,artist:DJ Oscillo,path:4t-bangers/DJ Oscillo/Groove G.wav,ext:wav,bytes=1056044,body_hash:8e6fc6abdf3a262c09097dd3559a8aa3d3f337959548deeba8d636ef86f4966d
          Record,id:d2db2a78bd02c395,title:Deep A,artist:The Sines,path:4t-chillwave/The Sines/Deep A.wav,ext:wav,bytes=1152044,body_hash:d2db2a78bd02c395eafbc2c82ca4a04863888c72829838b8f26cc1c97747d023
          Record,id:d9ce0459eaa4514c,title:High A,artist:The Sines,path:4t-chillwave/The Sines/High A.wav,ext:wav,bytes=1280044,body_hash:d9ce0459eaa4514c1d46524c711235f97c8a52192c7b6d1bb314b491eefb3d9a
          Record,id:6d85855a70adc5c2,title:Middle A,artist:The Sines,path:4t-chillwave/The Sines/Middle A.wav,ext:wav,bytes=1024044,body_hash:6d85855a70adc5c28445522dc6976935d8a3a90234c52d3b4f28a54c3ab7a4ee
        req:heist_census,finished
        req:witness,eternal,ok
        Library,pier:4e09f34f5a6ab900.heist
        Library,pier:be0dab3303037ad2.heist
