Snap:H
  H:Understandium,Run
    A:Understandium
      {"mung":["age"]}	self,round
      w:Understandium
        {"mung":["age"]}	self,round
        tally,passed:2,failed:0
        {"ref":{"Se":"Selection()","target":"%What:1, label:routing"}}	LE
          topD
            U_clone,Point,method:e_Doc_open
            U_clone,Point,method:Lang_doc_from_event
            U_clone,What,label:deeper
          goners:0,neus:3
        src
          What,label:routing
            Point,method:e_Doc_open
            Point,method:Lang_doc_from_event
            What,label:deeper
              Point,method:inner_secret
        see:step 1 arm pull
          goners:0,neus:3
          neu:e_Doc_open
          neu:Lang_doc_from_event
          {"neu":"What:deeper"}
          {"PASS":1,"t":"arm+pull: 3 neus, 0 goners"}
          {"PASS":1,"t":"deeper cloned, inner_secret not in U"}
    {"mung":["id"]}	mo:main,interval:3.6
