Snap:H
  H:Understandium,Run
    A:Understandium
      {"mung":["age"]}	self,round:3
      w:Understandium
        tally,passed:8,failed:0
        {"ref":{"target":"%What:1, label:routing"}}	LE
          {"ref":{"Se":"Selection()","opt":"Object()","topn":"%What:1, label:routing","topD":"%topD:origin"}}	Seem:origin
            topD:origin
              Seem:origin,Point,method:e_Doc_open
              Seem:origin,Point,method:Lang_doc_from_event
              Seem:origin,What,label:deeper
              Seem:origin,Point,method:fresh_point
            News:origin,goners:0,neus
          {"ref":{"Se":"Selection()","opt":"Object()","topn":"%working_topn:1","topD":"%topD:working"}}	Seem:working
            topD:working
              Seem:working,Point,method:e_Doc_open
              Seem:working,Point,method:Lang_doc_from_event
              Seem:working,What,label:deeper
            News:working,goners:0,neus:0
        src
          What,label:routing
            Point,method:e_Doc_open
            Point,method:Lang_doc_from_event
            What,label:deeper
              Point,method:inner_secret
            Point,method:fresh_point
        {"mung":["age"]}	self,round:3
        see:step 3 source add
          goners:0,neus
          neu:fresh_point
          PASS,t:1 neu on source add
    {"mung":["id"]}	mo:main,interval:3.6
