Snap:H
  H:Understandium,Run
    A:Understandium
      {"mung":["age"]}	self,round:4
      w:Understandium
        tally,passed:5,failed:0
        {"ref":{"target":"%What:1, label:routing"}}	LE
          {"ref":{"Se":"Selection()","opt":"Object()","topn":"%What:1, label:routing","topD":"%topD:origin"}}	Seem:origin
            goners:0,neus:3
            goners:0,neus:0
            goners:0,neus
            topD:origin
              Seem:origin,Point,method:e_Doc_open
              Seem:origin,Point,method:Lang_doc_from_event
              Seem:origin,What,label:deeper
            goners,neus:0
          {"ref":{"Se":"Selection()","opt":"Object()","topn":"%working_topn:1","topD":"%topD:working"}}	Seem:working
            goners:0,neus:3
            goners:0,neus:0
            goners:0,neus:0
            topD:working
              Seem:working,Point,method:e_Doc_open
              Seem:working,Point,method:Lang_doc_from_event
              Seem:working,What,label:deeper
            goners:0,neus:0
        src
          What,label:routing
            Point,method:e_Doc_open
            Point,method:Lang_doc_from_event
            What,label:deeper
              Point,method:inner_secret
        {"mung":["age"]}	self,round:4
        see:step 4 source drop
          goners,neus:0
          goner:fresh_point
          PASS,t:1 goner on source drop
    {"mung":["id"]}	mo:main,interval:3.6
