Snap:H
  H:Understandium,Run
    A:Understandium
      {"mung":["age"]}	self,round:4
      w:Understandium
        {"ref":{"Se":"Selection()","target":"%What:1, label:routing"}}	LE
          goners:0,neus:3
          goners:0,neus:0
          goners:0,neus
          topD
            U_clone,Point,method:e_Doc_open
            U_clone,Point,method:Lang_doc_from_event
            U_clone,What,label:deeper
          goners,neus:0
        src
          What,label:routing
            Point,method:e_Doc_open
            Point,method:Lang_doc_from_event
            What,label:deeper
              Point,method:inner_secret
        {"mung":["age"]}	self,round:4
        see:step 4 source drop
          goners,neus:0
          goner:fresh_point
          PASS,t:1 goner on source drop
    {"mung":["id"]}	mo:main,interval:3.6
