Snap:H
  H:Understandium,Run
    A:Understandium
      {"mung":["age"]}	self,round:4
      w:Understandium
        tally,passed:9,failed:0
        {"ref":{"target":"%What:1, label:routing"}}	LE
          {"ref":{"Se":"Selection()","opt":"Object()","topn":"%What:1, label:routing","topD":"%Demonstrations:origin"}}	Seem:origin
            Demonstrations:origin
              Demonstrations:origin,Point,method:e_Doc_open
              Demonstrations:origin,Point,method:Lang_doc_from_event
              Demonstrations:origin,What,label:deeper
            News:origin,goners,neus:0
          {"ref":{"Se":"Selection()","opt":"Object()","topn":"%What:1, label:routing","topD":"%Demonstrations:working"}}	Seem:working
            Demonstrations:working
              Understandable
              Demonstrations:working,Point,method:e_Doc_open
                Understandable
              Demonstrations:working,Point,method:Lang_doc_from_event
                Understandable
              Demonstrations:working,What,label:deeper
                Understandable
            News:working,goners:0,neus:0
        src
          What,label:routing
            Point,method:e_Doc_open
            Point,method:Lang_doc_from_event
            What,label:deeper
              Point,method:inner_secret
        {"mung":["age"]}	self,round:4
        see:step 4 source drop
          goners,neus:0
          goner:fresh_point
          PASS,t:1 goner on source drop
    {"mung":["id"]}	mo:main,interval:3.6
