Snap:H
  H:Understandium,Run
    A:Understandium
      {"mung":["age"]}	self,round:5
      w:Understandium
        {"ref":{"Se":"Selection()","target":"%What:1, label:routing"}}	LE
          goners:0,neus:3
          goners:0,neus:0
          goners:0,neus
          topD
            U_clone,Point,method:e_Doc_open
              showing
            U_clone,Point,method:Lang_doc_from_event
            U_clone,What,label:deeper
          goners,neus:0
        src
          What,label:routing
            Point,method:e_Doc_open
            Point,method:Lang_doc_from_event
            What,label:deeper
              Point,method:inner_secret
        {"mung":["age"]}	self,round:5
        see:step 5 local meaning
          wrote_showing_onto:e_Doc_open
          {"PASS":1,"t":"%showing written on clone, not on source"}
    {"mung":["id"]}	mo:main,interval:3.6
