story:Understandium
  Styles
    matstyle:w
      style:background-color,v:#8f3232
      meta:is_compound,v
      meta:label,fmt:%s,keys:w
    matstyle:LE
      style:background-color,v:#2fb155
    matstyle:src
      style:background-color,v:#8e29d6
    matstyle:What
      style:background-color,v:#c5b759
    matstyle:Point
      style:background-color,v:#298699
    matstyle:error
      style:background-color,v:#bc2476
  Plan
  Opt
    For
    noCyto
  TimeSpool
    TimeTotal:beliefs,avg:0.142
      sample:0.107,at:1780169435
      sample:0.098,at:1780169478
      sample:0.098,at:1780169521
      sample:0.094,at:1780169702
      sample:0.35,at:1780172377
      sample:0.117,at:1780192575
      sample:0.132,at:1780192959
      sample:0.16,at:1780195133
      sample:0.16,at:1780196222
      sample:0.104,at:1780196255
  step,dige:d54453f6a7b7bd5a
  step:2,dige:b5ff0d7fe237282c
  step:3,dige:be4284cda7f9aace
  step:4,dige:71f73b6edcaebbf1
  step:5,dige:7b0f99d7bcafd428
  step:6,dige:9fb20e5e148e42b0
  step:7,dige:fadaa5300f07354d
  step:8,dige:7e1c8dd0094fe919
  step:9,dige:b0402d37230319c1
  step:10,dige:860ecbf8fb744658
  step:11,dige:d21ef7ea1fae1f96
  step:12,dige:14c934f0518dc078
  step:13,dige:59542d544d01168c
