story:Understandium
  Styles
    matstyle:w
      style:background-color,v:#8f3232
      meta:is_compound,v
      meta:label,fmt:%s,keys:w
    matstyle:LE
      style:background-color,v:#2fb155
    matstyle:src
      style:background-color,v:#8e29d6
    matstyle:What
      style:background-color,v:#c5b759
    matstyle:Point
      style:background-color,v:#298699
    matstyle:error
      style:background-color,v:#bc2476
  Plan
  Opt
    For
    noCyto
  TimeSpool
    TimeTotal:beliefs,avg:0.072
      sample:0.069,at:1780143486
      sample:0.054,at:1780143554
      sample:0.064,at:1780144439
      sample:0.056,at:1780144452
      sample:0.06,at:1780144635
      sample:0.06,at:1780144644
      sample:0.068,at:1780144697
      sample:0.096,at:1780152324
      sample:0.096,at:1780152369
      sample:0.098,at:1780152804
  step,dige:a5f41e3dd37a0c1a
  step:2,dige:cc7ec29b2f2a728c
  step:3,dige:a41b1f60c50b5ee5
  step:4,dige:296d2659b1643443
  step:5,dige:40baa1a9ffb7bcbf
  step:6,dige:93a2ad466c5f2fab
  step:7,dige:2f6be6041b4caa6a
  step:8,dige:4b3504f53209a58a
  step:9,dige:853f3f62142dbc82
  step:10,dige:a670f490405c60e9
