Snap:H
  H:MusuMix,Run
    A:MusuMix
      self,round=3	{"mung":["age"]}
      w:MusuMix
        self,round=3	{"mung":["age"]}
        req:wrangle,eternal,ok
        Mix,name:deck
        Cell,deck:A,bpm=120,root=110,nchunks=200,measured_bpm=119.7
        Cell,deck:B,bpm=96,root=147,nchunks=200,measured_bpm=95.3,match_rate=1.25,matched_bpm=119.7
