Credulation,of_Book:LakeSurfer
  run=0,at=1782792324.99,ok=0,ok_pct=0,mode:check
    uses:Ghost_N_Peeroleum,dige:1bb4df8687a8d30b
    uses:Ghost_N_Reliable,dige:48e8948c7d8da3ed
    uses:Ghost_N_Tribunal,dige:a9bf42ff80d08a94
    uses:Ghost_N_Tyrant,dige:74cf06ee9a34e2cb
    uses:Ghost_Story_Peregrination,dige:b33cab6322ef6320
    uses:Ghost_M_Radiola,dige:32b321bfc1e909b5
    uses:Ghost_M_Crate,dige:601118a6174d31d5
    uses:Ghost_M_Mixer,dige:d406f4ef61aefac3
    uses:Ghost_M_Mesh,dige:286eb98843f6e7f9
    uses:Ghost_Story_Musuation,dige:74ef68fcddf20d3d
  run,at=1782792327.968,ok=0,ok_pct=0,mode:check
    uses:Ghost_N_Peeroleum,dige:1bb4df8687a8d30b
    uses:Ghost_N_Reliable,dige:48e8948c7d8da3ed
    uses:Ghost_N_Tribunal,dige:a9bf42ff80d08a94
    uses:Ghost_N_Tyrant,dige:74cf06ee9a34e2cb
    uses:Ghost_Story_Peregrination,dige:b33cab6322ef6320
    uses:Ghost_M_Radiola,dige:32b321bfc1e909b5
    uses:Ghost_M_Crate,dige:601118a6174d31d5
    uses:Ghost_M_Mixer,dige:d406f4ef61aefac3
    uses:Ghost_M_Mesh,dige:286eb98843f6e7f9
    uses:Ghost_Story_Musuation,dige:74ef68fcddf20d3d
  run=2,at=1782792336.727,ok,ok_pct,mode:check
    uses:Ghost_N_Peeroleum,dige:1bb4df8687a8d30b
    uses:Ghost_N_Reliable,dige:48e8948c7d8da3ed
    uses:Ghost_N_Tribunal,dige:a9bf42ff80d08a94
    uses:Ghost_N_Tyrant,dige:74cf06ee9a34e2cb
    uses:Ghost_Story_Peregrination,dige:b33cab6322ef6320
    uses:Ghost_M_Radiola,dige:32b321bfc1e909b5
    uses:Ghost_M_Crate,dige:601118a6174d31d5
    uses:Ghost_M_Mixer,dige:d406f4ef61aefac3
    uses:Ghost_M_Mesh,dige:286eb98843f6e7f9
    uses:Ghost_Story_Musuation,dige:74ef68fcddf20d3d
  run=3,at=1782792540.356,ok,ok_pct,mode:check
    uses:Ghost_N_Peeroleum,dige:1bb4df8687a8d30b
    uses:Ghost_N_Reliable,dige:48e8948c7d8da3ed
    uses:Ghost_N_Tribunal,dige:a9bf42ff80d08a94
    uses:Ghost_N_Tyrant,dige:74cf06ee9a34e2cb
    uses:Ghost_Story_Peregrination,dige:b33cab6322ef6320
    uses:Ghost_M_Radiola,dige:32b321bfc1e909b5
    uses:Ghost_M_Crate,dige:601118a6174d31d5
    uses:Ghost_M_Mixer,dige:d406f4ef61aefac3
    uses:Ghost_M_Mesh,dige:286eb98843f6e7f9
    uses:Ghost_Story_Musuation,dige:74ef68fcddf20d3d
