Snap:H
  H:PereReborn,Run
    A:PereReborn
      self,round=10	{"mung":["age"]}
      w:PereReborn
        self,round=10	{"mung":["age"]}
        req:wrangle,eternal,ok
        reached:step_2
        Peering,name:a,req=2,ok
          Pier,pub:b,req=2,ok
            req:handshake,finished
              req:said_hello,maz=4,finished
              req:heard_hello,maz=3,finished
              req:said_trust,maz=2,finished
              req:heard_trust,finished
            protocol
              hello
                said,seq,acked
                heard,pubkey:b
              trust
                said,seq=2,acked
                heard
            outbox
              emit,type:hello,seq,sent,acked
              emit=2,type:trust,seq=2,sent,acked
              emit,type:test_reborn,seq,sent
              emit=2,type:test_reborn,seq=2,sent
              emit=3,type:test_reborn,seq=3,sent,acked
            inbox
              req:unemit,seq,type:hello,done,to:hello,finished
              req:unemit,seq=2,type:trust,done,to:trust,finished
            Ud,pubkey:b
          active_transport,type:mock,open
        Peering,name:b,req=3,ok
          Pier,pub:a,req=2,ok
            req:handshake,finished
              req:said_hello,maz=4,finished
              req:heard_hello,maz=3,finished
              req:said_trust,maz=2,finished
              req:heard_trust,finished
            protocol
              hello
                said,seq,acked
                heard,pubkey:a
              trust
                said,seq=2,acked
                heard
            outbox
              emit,type:hello,seq,sent,acked
              emit=2,type:trust,seq=2,sent,acked
            inbox
              req:unemit,seq,type:hello,done,to:hello,finished
              req:unemit,seq=2,type:trust,done,to:trust,finished
              req:unemit,seq,type:test_reborn,done,to:test_reborn,finished
              req:unemit,seq=2,type:test_reborn,done,to:test_reborn,finished
              req:unemit,seq=3,type:test_reborn,done,to:test_reborn,finished
            Ud,pubkey:a
            got_reborn,seq
            got_reborn,seq=2
            got_reborn,seq=3
          active_transport,type:mock,open
        reached:step_3
