Snap:H
  H:Peregrination,Run
    A:Peregrination
      self,round=2	{"mung":["age"]}
      w:Peregrination
        req:ensure_compiled,path:Ghost/N/Peeroleum.g,finished
        req:ensure_compiled,path:Ghost/Story/Peregrination.g,finished
        compiled,path:Ghost/N/Peeroleum.g
        self,round=2	{"mung":["age"]}
        compiled,path:Ghost/Story/Peregrination.g
        see:compiled + included — calling through to LakeNetherland
        {"see":"y LakeNetherland — apparatus ready, Peregrination has the conn"}
        req:wrangle,eternal,ok
    A:Lies
      self,round=8	{"mung":["age"]}
      w:Lies,runner,dontSnap
    A:Lang
      self,round=6	{"mung":["age"]}
      w:Lang,runner,dontSnap
    A:Pantheate
      self,round=4	{"mung":["age"]}
      w:Pantheate
        include:gen/N/Peeroleum.go
        req:include,gen_path:gen/N/Peeroleum.go,path:Ghost/N/Peeroleum.g,source_dige:2f9e39897b3561ec,ghostmeta_name:Ghostmeta_Ghost_N_Peeroleum,permanent,live_dige:2f9e39897b3561ec,finished
        include:gen/Story/Peregrination.go
        req:include,gen_path:gen/Story/Peregrination.go,path:Ghost/Story/Peregrination.g,source_dige:20afc666688c92bb,ghostmeta_name:Ghostmeta_Ghost_Story_Peregrination,permanent,live_dige:20afc666688c92bb,finished
        self,round=4	{"mung":["age"]}
        o_elvis:Ghost_update_notify
    watched:ave
      examining
      Languinio,dontSnap,no_doc
    watched:UIs
      UI:Lies	{"ref":{"component":"Function()"}}
      UI:Langui	{"ref":{"component":"Function()"}}
      UI:Pantheate-include,gen_path:gen/N/Peeroleum.go	{"ref":{"component":"Function()"}}
      UI:Pantheate-include,gen_path:gen/Story/Peregrination.go	{"ref":{"component":"Function()"}}
    watched:actions
      action,role:debookmark,label:-marks	{"ref":{"fn":"Function()"}}
      action,role:enbookmark,label:+marks	{"ref":{"fn":"Function()"}}
      action,role:compile,label:compile	{"ref":{"fn":"Function()"}}
      action,role:lang_pick,kind:dropdown,label:language,icon:✎,value:stho	{"ref":{"options":"[Object(),Object()]","on_pick":"Function()"}}
      action,role:gen_parser,label:gen,icon:⚙,disabled:true	{"ref":{"fn":"Function()"}}
      action,role:nogen,label:nogen,icon:nogen,cls:toggle-off	{"ref":{"fn":"Function()"}}
      action,role:softgen,label:softgen,icon:softgen,cls:toggle-off	{"ref":{"fn":"Function()"}}
      action,role:compo,label:compo,icon:compo,cls:toggle-off	{"ref":{"fn":"Function()"}}
