story:LakeTiles
  Styles
  Plan
    Prep
      i_elvisto:Lies,e:Lies_open_Waft
        esc:path,v:Story/LakeTiles/Waftily
    Prep=2
      i_elvisto:Lang,e:Lang_i_bookmark
        esc:from,v=98
        esc:to,v=132
    Prep=3
      i_elvisto:Lies,e:Rundown_arm
        esc:run_method,v:theCompiledStuff
    Prep=4
      i_elvisto:Lang,e:Lang_i_alterationStation
        esc:line_n,v=6
        {"esc":"match","v":",they,can,be,mixed"}
        {"esc":"replacement","v":"/they,can,be,mixed"}
    Prep=6
      i_elvisto:Lang,e:Lang_i_alterationStation
        esc:line_n,v=8
        esc:match,v:thung
        esc:replacement,v:UltraThung
    Prep=8
      i_elvisto:Lang,e:Lang_i_alterationStation
        esc:line_n,v=8
        esc:match,v:UltraThung
        esc:replacement,v:thung
  Opt
    For
      w:Lang
        txtsyntaxdump
      w:Lies
        nowriting:^Ghost
        dontSnapGhostList
  TimeSpool
    TimeTotal:beliefs,avg=2.684
      sample=2.929,at=1782303358
      sample=2.61,at=1782303468
      sample=2.431,at=1782304774
      sample=4.236,at=1782304811
      sample=2.578,at=1782304841
      sample=2.416,at=1782304925
      sample=2.009,at=1782305020
      sample=2.879,at=1782305087
      sample=1.922,at=1782305683
      sample=2.826,at=1782305796
    TimeTotal:step,avg=0.298
      sample=0.325,at=1782303358
      sample=0.29,at=1782303468
      sample=0.27,at=1782304774
      sample=0.471,at=1782304811
      sample=0.286,at=1782304841
      sample=0.268,at=1782304925
      sample=0.223,at=1782305020
      sample=0.32,at=1782305087
      sample=0.214,at=1782305683
      sample=0.314,at=1782305796
  EntropyProfile,Wref:Trope/Lies/NormalEntropy
  EntropyArrest
    Entcase:Ting_Point-last
      lematch,Waft,takes
        lematch,Point:theCompiledStuff,doc:Ghost/test/Story/Lake/LakeTiles.g
          means,spayer,re:Point:theCompiledStuff.+last={INT}.+first={INT}.+heat={NUM},tol:any
    Entcase:theCompiledStuff_say-at
      lematch,Point:theCompiledStuff,doc:Ghost/test/Story/Lake/LakeTiles.g
        lematch,say,at
          means,spayer,re:say.+at..?{INT},tol:any
  step,dige:01a68c41d6a87a67
  step=2,dige:ab197eb9ad23dba1
  step=3,dige:ae3b590d3bcd95b4
  step=4,dige:209fb681b3139974
    note,bug:Cyto edge problems with Leg/PeelGroup/Leg the other PeelGroup alone
  step=5,dige:64bfb32b9f95c4d8
  step=6,dige:b323aaa72eaeea6e
  step=7,dige:cb463027c3735d8f
  step=8,dige:21ed46ac15d5c455
  step=9,dige:d643a91cd72e1346
