story:LakeTiles
  Styles
  Plan
    Prep
      i_elvisto:Lies,e:Lies_open_Waft
        esc:path,v:Story/LakeTiles/Waftily
    Prep=2
      i_elvisto:Lang,e:Lang_i_bookmark
        esc:from,v=98
        esc:to,v=132
    Prep=3
      i_elvisto:Lies,e:Rundown_arm
        esc:run_method,v:theCompiledStuff
    Prep=4
      i_elvisto:Lang,e:Lang_i_alterationStation
        esc:line_n,v=6
        {"esc":"match","v":",they,can,be,mixed"}
        {"esc":"replacement","v":"/they,can,be,mixed"}
    Prep=6
      i_elvisto:Lang,e:Lang_i_alterationStation
        esc:line_n,v=8
        esc:match,v:thung
        esc:replacement,v:UltraThung
    Prep=8
      i_elvisto:Lang,e:Lang_i_alterationStation
        esc:line_n,v=8
        esc:match,v:UltraThung
        esc:replacement,v:thung
  Opt
    no_gallop
    For
      w:Lang
        txtsyntaxdump
      w:Lies
        nowriting:^Ghost
        dontSnapGhostList
        wantPantheate
  TimeSpool
    TimeTotal:beliefs,avg=1.994
      sample=2.131,at=1783449989
      sample=2.131,at=1783449990
      sample=2.131,at=1783449991
      sample=2.131,at=1783449991
      sample=2.131,at=1783449992
      sample=2.131,at=1783449993
      sample=2.131,at=1783449993
      sample=1.803,at=1783450013
      sample=1.866,at=1783855475
      sample=1.356,at=1783855532
    TimeTotal:step,avg=0.222
      sample=0.237,at=1783449989
      sample=0.237,at=1783449990
      sample=0.237,at=1783449991
      sample=0.237,at=1783449991
      sample=0.237,at=1783449992
      sample=0.237,at=1783449993
      sample=0.237,at=1783449993
      sample=0.2,at=1783450013
      sample=0.207,at=1783855475
      sample=0.151,at=1783855532
  EntropyProfile,Wref:Trope/Lies/NormalEntropy
  EntropyArrest
    Entcase:Ting_Point-last
      lematch,Waft,takes
        lematch,Point:theCompiledStuff,doc:Ghost/test/Story/Lake/LakeTiles.g
          means,spayer,re:Point:theCompiledStuff.+last={INT}.+first={INT}.+heat={NUM},tol:any
    Entcase:theCompiledStuff_say-at
      lematch,Point:theCompiledStuff,doc:Ghost/test/Story/Lake/LakeTiles.g
        lematch,say,at
          means,spayer,re:say.+at..?{INT},tol:any
  step,dige:22b9a652048a7e7d
  step=2,dige:474218611abb7728
  step=3,dige:9f957533e7ba307a
  step=4,dige:55a3e03b3d2b8fef
    note,bug:Cyto edge problems with Leg/PeelGroup/Leg the other PeelGroup alone
  step=5,dige:9c8fa42516dcee4a
  step=6,dige:4a47bb9e94a4fc70
  step=7,dige:e097656062ef53ff
  step=8,dige:175639f7d72da9ea
  step=9,dige:308db4a41073fd22
