story:MusuReplica
  Styles
    matstyle:w
      style:background-color,v:#8f3232
      meta:is_compound,v
      meta:label,fmt:%s,keys:w
    matstyle:req
      style:background-color,v:#2fb155
    matstyle:reached
      style:background-color,v:#8e29d6
    matstyle:Peering
      style:background-color,v:#c5b759
    matstyle:Pier
      style:background-color,v:#298699
    matstyle:Ud
      style:background-color,v:#bc2476
    matstyle:active_transport
      style:background-color,v:#61bd42
    matstyle:Library
      style:background-color,v:#534ed0
    matstyle:Record
      style:background-color,v:#a34b1f
    matstyle:Stream
      style:background-color,v:#3aa67e
    matstyle:outbox
      style:background-color,v:#bd36c9
    matstyle:emit
      style:background-color,v:#bbdb43
    matstyle:inbox
      style:background-color,v:#32618f
    matstyle:warned
      style:background-color,v:#b12f4a
    matstyle:Sent_Tree
      style:background-color,v:#29d638
    matstyle:Sent
      style:background-color,v:#8259c5
    matstyle:witnessed
      style:background-color,v:#997429
    matstyle:see
      style:background-color,v:#24bcb6
    matstyle:Crush_Tree
      style:background-color,v:#bd429e
    matstyle:Opt
      style:background-color,v:#89d04e
    matstyle:crushCyto
      style:background-color,v:#1f35a3
    matstyle:log
      style:background-color,v:#a6483a
    matstyle:msg
      style:background-color,v:#36c974
    matstyle:crush
      style:background-color,v:#af43db
    matstyle:Voro
      style:background-color,v:#8f8f32
  Plan
  Opt
    useCyto
    useVoroCyto
    dontSnapCyto
    dontSnapVoronoiology
    waitCyto
    For
  TimeSpool
    TimeTotal:beliefs,avg=0.204
      sample=0.21,at=1783409537
      sample=0.199,at=1783410470
      sample=0.206,at=1783410605
      sample=0.206,at=1783410773
      sample=0.208,at=1783410817
      sample=0.227,at=1783411025
      sample=0.195,at=1783411296
      sample=0.187,at=1783414384
      sample=0.187,at=1783414388
      sample=0.211,at=1783415380
    TimeTotal:step,avg=0.015
      sample=0.015,at=1783409537
      sample=0.014,at=1783410470
      sample=0.015,at=1783410605
      sample=0.015,at=1783410773
      sample=0.015,at=1783410817
      sample=0.016,at=1783411025
      sample=0.014,at=1783411296
      sample=0.013,at=1783414384
      sample=0.013,at=1783414388
      sample=0.015,at=1783415380
  step,dige:50568e7a78216459
  step=2,dige:c8a132a351a7379f
  step=3,dige:6752f74cd69207c7
  step=4,dige:0f2802cd08cd3420
  step=5,dige:441a17fee347ff66
  step=6,dige:4d64aead9f61d74e
  step=7,dige:b344c4ffb0e93ee4
  step=8,dige:babb58049e8fc2ac
  step=9,dige:1ab4668b79b4cd7b
  step=10,dige:4e0cd0e3d78bf505
  step=11,dige:be70a5d2bf483690
  step=12,dige:272436cb6f6b4920
  step=13,dige:16b9c029ad206bf0
  step=14,dige:0a7912d9e6ffad5f
