Waft:Keep,equip:Keep,lte_expanded,isx_show_cold
  WaftTimes,of_Waft:Ghost/Net/Easy,discovered_at=1782449847030,accessed_at=1783063041163,enthusiasm=0
    Cursor,what:What:the peer,at=1783063044286
  WaftTimes,of_Waft:Ghost/Music/Ality,discovered_at=1782449847030,accessed_at=1783063040840,enthusiasm,minimised
    Cursor,what:What:3 the radiostock fan-out,at=1783061982193
  WaftTimes,of_Waft:Credence,discovered_at=1782550950085,accessed_at=1783063040895
    Cursor,what:What:mixer cells,at=1783062582672
  Cursor,waft:Ghost/Net/Easy,at=1783063041163
  WaftTimes,of_Waft:Cluster,discovered_at=1782641801641,accessed_at=1783063040949
  WaftTimes,of_Waft:Keep
  WaftTimes,of_Waft:GhostList,discovered_at=1782807094692,accessed_at=1783063041058,minimised
  DocScroll,of_Doc:Ghost/N/Peeroleum.g
  DocScroll,of_Doc:Ghost/N/Tyrant.g
  DocScroll,of_Doc:Ghost/M/Radiola.g
  DocScroll,of_Doc:Ghost/Story/Musuation.g,scroll_line=2608
  DocScroll,of_Doc:Ghost/Story/Peregrination.g
  DocScroll,of_Doc:src/lib/ghost/Radios.svelte,scroll_line=761
  DocScroll,of_Doc:src/lib/O/spec/Music_todo.md,scroll_line=7
  DocScroll,of_Doc:src/lib/O/spec/Peeroleum_spec.md,scroll_line=404
  DocScroll,of_Doc:src/lib/O/spec/Peeroleum_handover.md,scroll_line=25
  DocScroll,of_Doc:src/lib/O/spec/Covenant_design.md,scroll_line=197
  DocScroll,of_Doc:Ghost/M/Crate.g,scroll_line=27
  DocScroll,of_Doc:src/lib/p2p/ftp/Audio.svelte.ts,scroll_line=19
  DocScroll,of_Doc:Ghost/N/Tribunal.g,scroll_line=3
  WaftTimes,of_Waft:Aside/2026-07-03,discovered_at=1783055842350,accessed_at=1783063041109
    Cursor,what:What:1,at=1783057974563
