story:PotPlanet
  Styles
    matstyle:w
      style:background-color,v:#8f3232
      meta:is_compound,v
      meta:label,fmt:%s,keys:w
    matstyle:pot
      style:background-color,v:#2fb155
    matstyle:plant
      style:background-color,v:#8e29d6
    matstyle:dose
      style:background-color,v:#c5b759
    matstyle:arm
      style:background-color,v:#298699
    matstyle:angle
      style:background-color,v:#bc2476
    matstyle:De
      style:background-color,v:#61bd42
    matstyle:req
      style:background-color,v:#534ed0
    matstyle:log
      style:background-color,v:#a34b1f
    matstyle:msg
      style:background-color,v:#3aa67e
  Plan
  Opt
    For
    noCyto
  TimeSpool
    TimeTotal:beliefs,avg:0.953
      sample:0.032,at:1778658258
      sample:0.038,at:1778658280
      sample:0.041,at:1778659372
      sample:0.036,at:1778659776
      sample:0.027,at:1778659950
      sample:9.223,at:1778660045
      sample:0.029,at:1778660058
      sample:0.029,at:1778660193
      sample:0.028,at:1778662903
      sample:0.043,at:1778665615
  step,dige:60f2d86a9d24a135
  step:2,dige:54485a40b82b1f95
  step:3,dige:d2425af5b8fee7b2
  step:4,dige:73b7fda51f25c888
  step:5,dige:1d647c2776874631
  step:6,dige:00f5efff8451d33c
