story:SwarmBlotter
  Styles
  Plan
  Opt
    For
  TimeSpool
    TimeTotal:beliefs,avg=0.061
      sample=0.075,at=1784682240
      sample=0.075,at=1784682267
      sample=0.075,at=1784682270
      sample=0.075,at=1784682271
      sample=0.041,at=1784682278
      sample=0.033,at=1784682290
      sample=0.046,at=1784703553
      sample=0.066,at=1784703563
    TimeTotal:step,avg=0.012
      sample=0.015,at=1784682240
      sample=0.015,at=1784682267
      sample=0.015,at=1784682270
      sample=0.015,at=1784682271
      sample=0.008,at=1784682278
      sample=0.007,at=1784682290
      sample=0.009,at=1784703553
      sample=0.013,at=1784703563
  step,dige:6119c6d27e4e8905
  step=2,dige:1c0d25054543261a
    Assertion:five-selves-stand-up,sentence:five selves stand up online — a sheet issuer three serial claimants and a replayer of a torn ticket
  step=3,dige:8b1c9785c211320a
    Assertion:a-printed-sheet-mints,sentence:a printed sheet mints three one-time serials under one blotter — each a single-use ticket never a chain
    Assertion:the-first-torn-serial,sentence:the first torn serial seals a real friendship and spends only itself — its siblings on the sheet stay unclaimed
  step=4,dige:4f4a9f794c726288
    Assertion:each-serial-admits-its,sentence:each serial admits its own claimant — three torn tickets seal three independent friendships and the whole sheet reads fully claimed
  step=5,dige:daee40a246d7fbd2
    Assertion:a-torn-ticket-cannot,sentence:a torn ticket cannot be torn twice — replaying a spent serial is refused and seals no friendship
    Assertion:the-old-garden-link,sentence:the old garden link still parses at the door — its hash-fragment shape grants the legacy trust atom never a Music Feature
