story:HohoTiles
  Styles
  Plan
    Prep
      i_elvisto:Lies,e:Lies_open_Waft
        esc:path,v:Story/HohoTiles/Waftily
    Prep=2
      i_elvisto:Lang,e:Lang_i_bookmark
        esc:from,v=98
        esc:to,v=132
    Prep=3
      i_elvisto:Lies,e:Rundown_arm
        esc:run_method,v:theCompiledStuff
    Prep=4
      i_elvisto:Lang,e:Lang_i_alterationStation
        esc:line_n,v=6
        {"esc":"match","v":",they,can,be,mixed"}
        {"esc":"replacement","v":"/they,can,be,mixed"}
    Prep=6
      i_elvisto:Lang,e:Lang_i_alterationStation
        esc:line_n,v=8
        esc:match,v:thung
        esc:replacement,v:UltraThung
    Prep=8
      i_elvisto:Lang,e:Lang_i_alterationStation
        esc:line_n,v=8
        esc:match,v:UltraThung
        esc:replacement,v:thung
  Opt
    no_gallop
    For
      w:Lang
        txtsyntaxdump
      w:Lies
        nowriting:^Ghost
        dontSnapGhostList
        wantPantheate
  TimeSpool
    TimeTotal:beliefs,avg=1.473
      sample=1.846,at=1786021011
      sample=1.639,at=1786021423
      sample=0.918,at=1786022278
      sample=0.928,at=1786022356
      sample=0.108,at=1786022366
      sample=0.741,at=1786022437
      sample=1.091,at=1786077763
      sample=1.52,at=1789117466
      sample=1.394,at=1789563668
      sample=4.542,at=1789565518
    TimeTotal:step,avg=0.164
      sample=0.205,at=1786021011
      sample=0.182,at=1786021423
      sample=0.102,at=1786022278
      sample=0.103,at=1786022356
      sample=0.012,at=1786022366
      sample=0.082,at=1786022437
      sample=0.121,at=1786077763
      sample=0.169,at=1789117466
      sample=0.155,at=1789563668
      sample=0.505,at=1789565518
  EntropyProfile,Wref:Trope/Lies/NormalEntropy
  EntropyArrest
    Entcase:Ting_Point-last
      lematch,Waft,takes
        lematch,Point:theCompiledStuff,doc:Ghost/test/Story/Hoho/HohoTiles.g
          means,spayer,re:Point:theCompiledStuff.+last={INT}.+first={INT}.+heat={NUM},tol:any
    Entcase:theCompiledStuff_say-at
      lematch,Point:theCompiledStuff,doc:Ghost/test/Story/Hoho/HohoTiles.g
        lematch,say,at
          means,spayer,re:say.+at..?{INT},tol:any
  step,dige:006c27dc79809d23
  step=2,dige:e12d8c340185e352
  step=3,dige:ebf1f5716decfebe
  step=4,dige:11717bf8c672853c
    note,bug:Cyto edge problems with Leg/PeelGroup/Leg the other PeelGroup alone
  step=5,dige:45b84ffe28b97cfc
  step=6,dige:9ee36e2f169b53bd
  step=7,dige:aa1d1d56def7c66b
  step=8,dige:3c906a2a94264423
  step=9,dige:a0bb66a8dbd9e2e5
