story:LakeSurprise
  Styles
  Plan
    Prep
      i_elvisto:Lies,e:Lies_open_Waft
        esc:path,v:Story/LakeSurprise/Interestily
      i_elvisto:Lies,e:Lies_now_Ting
        esc:key,v:Ting/test
    Prep=2
      i_elvisto:Lang,e:mark
        esc:LE,v
        esc:op,v:add
        {"esc":"sc","v":{"Point":1,"method":"InterestLanding","class":"focus"}}
    Prep=3
      i_elvisto:Lies,e:Lies_open_Waft
        esc:path,v:Story/LakeSurprise/Interestily2
    Prep=4
      i_elvisto:Lang,e:Lang_foreground
        esc:kind,v:Trail
        esc:waft,v:Story/LakeSurprise/Interestily2
    Prep=5
      i_elvisto:Lang,e:Lang_foreground
        esc:kind,v:Trail
        esc:waft,v:Story/LakeSurprise/Interestily
    Prep=6
      i_elvisto:Lang,e:Lang_foreground
        esc:kind,v:GhostList
        esc:waft,v:GhostList
    Prep=7
      i_elvisto:Lang,e:Lang_sprout_sidetrack
        esc:from,v:Story/LakeSurprise/Interestily
    Prep=8
      i_elvisto:Lies,e:Lies_open_sidetrack
        esc:from,v:Story/LakeSurprise/Interestily
    Prep=9
      i_elvisto:Lang,e:Lang_foreground
        esc:kind,v:Sidetrack
        esc:waft,v:Story/LakeSurprise/Interestily/side
    Prep=10
      i_elvisto:Lies,e:Lies_close_Waft
        esc:path,v:Story/LakeSurprise/Interestily2
    Prep=11
      i_elvisto:Lies,e:Lies_close_Waft
        esc:path,v:Story/LakeSurprise/Interestily/side
  Opt
    For
      w:Lies
        nowriting
        dontSnapGhostList
      w:Lang
        txtsyntaxdump
        nogen
        nopush
  TimeSpool
    TimeTotal:beliefs,avg=1.117
      sample=1.526,at=1783255438
      sample=0.566,at=1783416305
      sample=1.131,at=1783450468
      sample=1.131,at=1783450485
      sample=1.131,at=1783450486
      sample=1.131,at=1783450487
      sample=1.131,at=1783450487
      sample=1.131,at=1783450488
      sample=1.189,at=1783450502
      sample=1.105,at=1784436553
    TimeTotal:step,avg=0.102
      sample=0.139,at=1783255438
      sample=0.051,at=1783416305
      sample=0.103,at=1783450468
      sample=0.103,at=1783450485
      sample=0.103,at=1783450486
      sample=0.103,at=1783450487
      sample=0.103,at=1783450487
      sample=0.103,at=1783450488
      sample=0.108,at=1783450502
      sample=0.1,at=1784436553
  EntropyProfile,Wref:Trope/Lies/NormalEntropy
  step,dige:94d290f6cccaf394
  step=2,dige:9ad74aab30d9ead9
  step=3,dige:e5e377acb74d93b9
  step=4,dige:3fa3246a51580609
  step=5,dige:938384b460a0d1a3
  step=6,dige:533adaaa6bc567e1
  step=7,dige:d2150ca1ed90f586
  step=8,dige:9acea9c74eeecacd
  step=9,dige:6cbcf3c281619c30
  step=10,dige:a7816d5d6c7f1eda
  step=11,dige:f3790e0f5e4054cf
