Snap:H
  H:PereStaple,Run
    A:PereStaple
      self,round=20	{"mung":["age"]}
      w:PereStaple
        self,round=20	{"mung":["age"]}
        req:wrangle,eternal,ok
        reached:step_2
        Peering,name:alice,req=2,ok
          Pier,pub:bob,req=2,ok
            outbox
              recent
                emit,type:noop,seq
                emit=2,type:hello,seq=2
                emit=3,type:trust,seq=3
                emit=5,type:noop,seq=5
                emit=4,type:noop,seq=4
                emit=6,type:test_binary,seq=6
            req:handshake,finished
              req:said_hello,maz=4,finished
              req:heard_hello,maz=3,finished
              req:said_trust,maz=2,finished
              req:heard_trust,finished
            protocol
              hello
                said,seq=2,acked
                heard,pubkey:bob
              trust
                said,seq=3,acked
                heard
            inbox
              recent
                unemit,type:hello,seq
                unemit=2,type:trust,seq=2
            Ud,pubkey:bob
          active_transport,type:websocket,open
          transport,type:webrtc,faulty,reason:no-ack
          transport,type:websocket
            reputation:good
        Peering,name:bob,req=3,ok
          Pier,pub:alice,req=2,ok
            inbox
              recent
                unemit,type:noop,seq
                unemit=2,type:hello,seq=2
                unemit=3,type:trust,seq=3
                unemit=5,type:noop,seq=5
                unemit=4,type:noop,seq=4
                unemit=6,type:test_binary,seq=6
            req:handshake,finished
              req:said_hello,maz=4,finished
              req:heard_hello,maz=3,finished
              req:said_trust,maz=2,finished
              req:heard_trust,finished
            protocol
              hello
                said,seq,acked
                heard,pubkey:alice
              trust
                said,seq=2,acked
                heard
            outbox
              recent
                emit,type:hello,seq
                emit=2,type:trust,seq=2
            Ud,pubkey:alice
            got_binary,seq=6,body_len=64
          active_transport,type:websocket,open
          transport,type:webrtc,faulty,reason:no-ack
          transport,type:websocket
            reputation:good
        witnessed:step_2
        reached:step_3
        witnessed:step_3
        reached:step_4
        witnessed:step_4
        reached:step_5
        witnessed:step_5
        reached:step_6
        witnessed:step_6
        reached:step_7
        witnessed:send_binary
        reached:step_8
        Peering,name:ivy,req=4,ok
          Pier,pub:jon,req=2,ok
            outbox
              emit,type:noop,seq,sent,resent=2,acked
              recent
          active_transport,type:mock,open
        Peering,name:jon,req=5,ok
          Pier,pub:ivy,req=2,ok
            inbox
              req:unemit,seq,type:noop,done,to:noop,finished
          active_transport,type:mock,open
        witnessed:heal
