story:LakeFlush
  Styles
  Plan
    Prep
      i_elvisto:Lies,e:Lies_open_Waft
        esc:path,v:Story/LakeFlush/Waftily
    Prep=2
      i_elvisto:Lies,e:Lies_test_cursor
        esc:waft_key,v:Story/LakeFlush/Waftily
        esc:what_path,v:foundations/peer
    Prep=3
      i_elvisto:Lang,e:mark
        esc:LE,v
        esc:op,v:add
        {"esc":"sc","v":{"Point":1,"method":"Harbour"}}
    Prep=4
      i_elvisto:Lang,e:mark
        esc:LE,v
        esc:op,v:edit
        esc:spec,v:Peeroleum
        {"esc":"patch","v":{"class":"focus"}}
    Prep=5
      i_elvisto:Lies,e:Lies_test_waft_edit
        esc:waft_key,v:Story/LakeFlush/Waftily
        esc:what_path,v:foundations/peer
        esc:op,v:add_point
        esc:method,v:STUNbeam
    Prep=6
      i_elvisto:Lies,e:Lies_test_waft_edit
        esc:waft_key,v:Story/LakeFlush/Waftily
        esc:what_path,v:transport/reliability
        esc:op,v:add_point
        esc:method,v:OUTOFSCOPE
  Opt
    For
      w:Lies
        nowriting
        dontSnapGhostList
      w:Lang
        txtsyntaxdump
        nogen
    quiesce_snap_time=0.4
    trickle
  TimeSpool
    TimeTotal:beliefs,avg=0.679
      sample=0.845,at=1783450264
      sample=0.845,at=1783450265
      sample=0.845,at=1783450265
      sample=0.845,at=1783450266
      sample=0.777,at=1783450278
      sample=0.59,at=1785995243
      sample=0.312,at=1785995400
      sample=0.712,at=1785998235
      sample=0.712,at=1785998268
      sample=0.306,at=1785998371
    TimeTotal:step,avg=0.097
      sample=0.121,at=1783450264
      sample=0.121,at=1783450265
      sample=0.121,at=1783450265
      sample=0.121,at=1783450266
      sample=0.111,at=1783450278
      sample=0.084,at=1785995243
      sample=0.045,at=1785995400
      sample=0.102,at=1785998235
      sample=0.102,at=1785998268
      sample=0.044,at=1785998371
  EntropyProfile,Wref:Trope/Lies/NormalEntropy
  step,dige:aacce564fef8f954
  step=2,dige:857d5427027fbdb8
  step=3,dige:01bddf42fe7087c0
  step=4,dige:2cd52b9db731036a
  step=5,dige:5d102583e6cbdb61
  step=6,dige:c110427954dc281a
  step=7,dige:351722ccba73bc9b
