story:LakeFlush
  Styles
  Plan
    Prep
      i_elvisto:Lies,e:Lies_open_Waft
        esc:path,v:Story/LakeFlush/Waftily
    Prep=2
      i_elvisto:Lies,e:Lies_test_cursor
        esc:waft_key,v:Story/LakeFlush/Waftily
        esc:what_path,v:foundations/peer
    Prep=3
      i_elvisto:Lang,e:mark
        esc:LE,v
        esc:op,v:add
        {"esc":"sc","v":{"Point":1,"method":"Harbour"}}
    Prep=4
      i_elvisto:Lang,e:mark
        esc:LE,v
        esc:op,v:edit
        esc:spec,v:Peeroleum
        {"esc":"patch","v":{"class":"focus"}}
    Prep=5
      i_elvisto:Lies,e:Lies_test_waft_edit
        esc:waft_key,v:Story/LakeFlush/Waftily
        esc:what_path,v:foundations/peer
        esc:op,v:add_point
        esc:method,v:STUNbeam
    Prep=6
      i_elvisto:Lies,e:Lies_test_waft_edit
        esc:waft_key,v:Story/LakeFlush/Waftily
        esc:what_path,v:transport/reliability
        esc:op,v:add_point
        esc:method,v:OUTOFSCOPE
  Opt
    For
      w:Lies
        nowriting
      w:Lang
        txtsyntaxdump
        nogen
    quiesce_snap_time=0.4
    noCyto
    trickle
  TimeSpool
    TimeTotal:beliefs,avg=1.084
      sample=1.192,at=1781270444
      sample=1.148,at=1781296723
      sample=0.988,at=1781306718
      sample=0.995,at=1781444666
      sample=0.989,at=1781511446
      sample=0.989,at=1781511497
      sample=1.208,at=1781511974
      sample=0.897,at=1781522943
      sample=1.217,at=1781580306
      sample=1.217,at=1781580351
  step,dige:c6450d9c917767bb
  step=2,dige:ad25e0e4b0c797cf
  step=3,dige:aee4f5e06eb07f9b
  step=4,dige:6380901d44f3a126
  step=5,dige:115eaa523160d553
  step=6,dige:550e4bbce1014169
  step=7,dige:839d888c4b9795bc
