story:LakeFlush
  Styles
  Plan
    Prep
      i_elvisto:Lies,e:Lies_open_Waft
        esc:path,v:Ghost/LakeFlush
    Prep=2
      i_elvisto:Lies,e:Lies_test_cursor
        esc:waft_key,v:Ghost/LakeFlush
        esc:what_path,v:foundations/peer
    Prep=3
      i_elvisto:Lang,e:mark
        esc:LE,v
        esc:op,v:add
        {"esc":"sc","v":{"Point":1,"method":"Harbour"}}
    Prep=4
      i_elvisto:Lang,e:mark
        esc:LE,v
        esc:op,v:edit
        esc:spec,v:Peeroleum
        {"esc":"patch","v":{"class":"focus"}}
    Prep=5
      i_elvisto:Lies,e:Lies_test_waft_edit
        esc:waft_key,v:Ghost/LakeFlush
        esc:what_path,v:foundations/peer
        esc:op,v:add_point
        esc:method,v:STUNbeam
    Prep=6
      i_elvisto:Lies,e:Lies_test_waft_edit
        esc:waft_key,v:Ghost/LakeFlush
        esc:what_path,v:transport/reliability
        esc:op,v:add_point
        esc:method,v:OUTOFSCOPE
  Opt
    For
      w:Lies
        nowriting
      w:Lang
        txtsyntaxdump
        nogen
    quiesce_snap_time=0.4
    noCyto
    trickle
  TimeSpool
    TimeTotal:beliefs,avg=0.756
      sample=0.409,at=1781081875
      sample=0.648,at=1781081920
      sample=1.265,at=1781083807
      sample=0.731,at=1781083980
      sample=0.731,at=1781085924
      sample=0.643,at=1781085969
      sample=0.75,at=1781086160
      sample=0.538,at=1781097765
      sample=0.829,at=1781097913
      sample=1.011,at=1781109083
  step,dige:c2516364c57e7603
  step=2,dige:3b081f7d60334a4f
  step=3,dige:a6bed6f3f733feb1
  step=4,dige:4cb33062e95fe356
  step=5,dige:63851bd45678f6ec
  step=6,dige:4d14f02729f563ff
  step=7,dige:9b3ce9c09ce322c0
