Snap:H
  H:VoroMitosis,Run
    A:VoroMitosis
      self,round=7	{"mung":["age"]}
      w:VoroMitosis
        self,round=7	{"mung":["age"]}
        req:wrangle,eternal,ok
        Coprosma:lucida,habit:vine
        Veronica:grandifolia
          Veronica:grandifolia subsp. australis,woodystem,habit:shrub
            Veronica:grandifolia subsp. australis var. prostrata,woodystem,endemic
        Veronica:lucida
          Veronica:lucida var. montana,woodystem,habit:tree
          Veronica:lucida var. prostrata,habit:tree
        Veronica:tenuifolium,woodystem,habit:shrub
        Coprosma:colensoi,woodystem,habit:tree
        Coprosma:australis,habit:tree
        Veronica:tenax
        Veronica:crassifolius,habit:tree
        Coprosma:serrata,habit:tree
        Coprosma:montana,woodystem,habit:shrub
        Veronica:divaricata,woodystem,endemic
        Veronica:microphylla,woodystem,endemic
        Metrosideros:robusta,woodystem,habit:vine
        Metrosideros:propinqua
        Metrosideros:rhamnoides,woodystem,habit:vine
        Metrosideros:grandifolia,habit:vine
      w:Voronoiology,dontGraph
        Voro,beat=3,level:L1,visible=5,cells:4,gangs=3,folded:1,count:1
        bare:req,n:1
        Se:scape,grasped:4,born:0,died:1,loudest:Veronica,trait:endemic ×2,regions:3
        Se:input,arrived:5,left:1
        Family:Coprosma,n:5,kind:gang,order_by:habit,axis:lex,from:montana,to:lucida
          Loud:woodystem
        Family:Veronica,n:7,kind:pane,order_by:habit,axis:lex,from:grandifolia,to:microphylla
          Loud:endemic
          Loud:woodystem
        Se:census,goners:0,neus:7,rows:7
        cell:Veronica grandifolia,kind:pane,n:1
        cell:Coprosma,kind:gang,n:5
        cell:Veronica,kind:gang,n:6
        cell:Metrosideros,kind:gang,n:4
        Family:Metrosideros,n:4,kind:gang,order_by:habit,axis:lex,from:robusta,to:propinqua
          Loud:woodystem
          Se:drift,neu:5
