Snap:H
  H:VoroMitosis,Run
    A:VoroMitosis
      self,round=11	{"mung":["age"]}
      w:VoroMitosis
        self,round=11	{"mung":["age"]}
        req:wrangle,eternal,ok
        Veronica:crassifolius,habit:tree
          Veronica:crassifolius f. viridis,habit:shrub
        Coprosma:montana,woodystem,habit:shrub
        Veronica:divaricata,woodystem,endemic
        Veronica:microphylla,woodystem,endemic
        Metrosideros:robusta,woodystem,habit:vine
          Metrosideros:robusta var. prostrata,woodystem,endemic
            Metrosideros:robusta var. prostrata subsp. australis,habit:tree
        Metrosideros:propinqua
        Metrosideros:rhamnoides,woodystem,habit:vine
        Metrosideros:grandifolia,habit:vine
        Coprosma:serrata,habit:tree
        Coprosma:montana,woodystem,habit:shrub
        Veronica:linearis,habit:shrub
        Veronica:robusta,woodystem,endemic
        Metrosideros:microphylla,habit:shrub
        Metrosideros:serrata,habit:tree
        Kunzea:grandifolia,habit:vine
          Kunzea:grandifolia f. viridis,habit:vine
        Kunzea:lucida,woodystem,habit:vine
        Kunzea:tenuifolium
        Kunzea:tenax,habit:shrub
        Coprosma:propinqua
        Coprosma:rhamnoides,woodystem,habit:vine
        Veronica:linearis,habit:shrub
        Veronica:robusta,woodystem,endemic
        Metrosideros:robusta,woodystem,habit:vine
        Metrosideros:propinqua
        Kunzea:montana,woodystem,habit:shrub
        Kunzea:linearis
        Leptospermum:lucida
        Leptospermum:colensoi
        Leptospermum:australis,woodystem,endemic
        Leptospermum:serrata
      w:Voronoiology,dontGraph
        Voro,beat=5,level:L1,visible=7,cells:6,gangs=5,folded:1,count:1
        bare:req,n:1
        cell:Coprosma,kind:gang,n:5
          Vtuffing,of:Coprosma,n:5
            Vrow,row:title,text:×5,wgt:2,tag:Coprosma
            Vrow,row:list,wgt:1,bits:5
            Vrow,row:fact,text:woodystem ×3,wgt:1
            Vrow,row:spread,text:habit,wgt:1,bits:3
            Vrow,row:dip,text:/*5,wgt:1
        cell:Veronica,kind:gang,n:7
          Vtuffing,of:Veronica,n:7
            Vrow,row:title,text:×7,wgt:2,tag:Veronica
            Vrow,row:list,wgt:1,bits:7
            Vrow,row:spread,text:habit,wgt:1,bits:2
            Vrow,row:fact,text:woodystem ×4,wgt:1
            Vrow,row:fact,text:endemic ×4,wgt:1
            Vrow,row:dip,text:/*7,wgt:1
        cell:Metrosideros,kind:gang,n:7
          Vtuffing,of:Metrosideros,n:7
            Vrow,row:title,text:×7,wgt:2,tag:Metrosideros
            Vrow,row:list,wgt:1,bits:7
            Vrow,row:fact,text:woodystem ×2,wgt:1
            Vrow,row:spread,text:habit,wgt:1,bits:3
            Vrow,row:dip,text:/*7,wgt:1
        cell:Kunzea,kind:gang,n:6
          Vtuffing,of:Kunzea,n:6
            Vrow,row:title,text:×6,wgt:2,tag:Kunzea
            Vrow,row:list,wgt:1,bits:6
            Vrow,row:spread,text:habit,wgt:1,bits:2
            Vrow,row:fact,text:woodystem ×2,wgt:1
            Vrow,row:dip,text:/*6,wgt:1
        cell:Metrosideros robusta,kind:pane,n:1
          Vtuffing,of:Metrosideros,n:1
            Vrow,row:title,text:robusta  ×1,wgt:2,tag:Metrosideros,nk:Metrosideros
            Vrow,row:list,wgt:1,bits:1
            Vrow,row:dip,text:/*1,wgt:1
        cell:Leptospermum,kind:gang,n:4
          Vtuffing,of:Leptospermum,n:4
            Vrow,row:title,text:×4,wgt:2,tag:Leptospermum
            Vrow,row:list,wgt:1,bits:4
            Vrow,row:fact,text:woodystem ×1,wgt:1
            Vrow,row:fact,text:endemic ×1,wgt:1
            Vrow,row:dip,text:/*4,wgt:1
