Snap:H
  H:VoroMitosis,Run
    A:VoroMitosis
      self,round=13	{"mung":["age"]}
      w:VoroMitosis
        self,round=13	{"mung":["age"]}
        req:wrangle,eternal,ok
        Veronica:robusta,woodystem,endemic
          Veronica:robusta var. montana,woodystem,habit:shrub
            Veronica:robusta var. montana f. viridis,habit:shrub
        Kunzea:grandifolia,habit:vine
          Kunzea:grandifolia f. viridis,habit:vine
            Kunzea:grandifolia f. viridis var. montana
            Kunzea:grandifolia f. viridis var. prostrata,woodystem,endemic
            Kunzea:grandifolia f. viridis f. viridis,habit:vine
        Kunzea:lucida,woodystem,habit:vine
        Kunzea:tenuifolium
        Kunzea:tenax,habit:shrub
        Coprosma:rhamnoides,woodystem,habit:vine
          Coprosma:rhamnoides var. prostrata
        Veronica:linearis,habit:shrub
        Veronica:robusta,woodystem,endemic
        Metrosideros:propinqua
        Kunzea:montana,woodystem,habit:shrub
        Kunzea:linearis
        Leptospermum:lucida
          Leptospermum:lucida subsp. australis,woodystem,habit:shrub
            Leptospermum:lucida subsp. australis var. prostrata,woodystem,endemic
            Leptospermum:lucida subsp. australis f. viridis,woodystem,habit:tree
        Leptospermum:colensoi
        Leptospermum:australis,woodystem,endemic
        Leptospermum:serrata
        Veronica:grandifolia
        Veronica:lucida
        Coprosma:propinqua
        Coprosma:rhamnoides,woodystem,habit:vine
        Metrosideros:lucida,woodystem,habit:vine
        Metrosideros:tenuifolium
        Kunzea:rhamnoides,habit:vine
        Kunzea:grandifolia,habit:vine
        Leptospermum:robusta
        Leptospermum:propinqua,habit:vine
        Pittosporum:crassifolius
          Pittosporum:crassifolius var. montana,habit:tree
            Pittosporum:crassifolius var. montana f. viridis,habit:vine
        Pittosporum:divaricata,woodystem,habit:tree
        Pittosporum:microphylla,habit:shrub
        Pittosporum:linearis
        Coprosma:tenuifolium
        Coprosma:excelsa
        Metrosideros:fusca,habit:shrub
        Metrosideros:tenax,habit:shrub
        Veronica:grandifolia
        Veronica:lucida
        Kunzea:excelsa
        Kunzea:totara,woodystem,endemic
        Leptospermum:lucida
        Leptospermum:tenuifolium,habit:shrub
        Pittosporum:rhamnoides,habit:vine
        Pittosporum:grandifolia,woodystem,habit:vine
        Metrosideros:australis,habit:tree
        Metrosideros:divaricata,habit:tree
        Veronica:totara,woodystem,habit:tree
        Veronica:fusca
        Kunzea:crassifolius
        Kunzea:colensoi,habit:tree
        Coprosma:tenuifolium
        Coprosma:excelsa
        Leptospermum:fusca,woodystem,endemic
        Leptospermum:tenax
        Pittosporum:excelsa
        Pittosporum:totara
        Podocarpus:robusta,woodystem,habit:vine
        Podocarpus:propinqua,woodystem,endemic
        Podocarpus:rhamnoides,habit:vine
        Podocarpus:grandifolia,woodystem,habit:vine
        Podocarpus:microphylla,woodystem,habit:shrub
        Podocarpus:serrata,woodystem,habit:tree
        Podocarpus:robusta,woodystem,habit:vine
      w:Voronoiology,dontGraph
        Voro,beat=8,level:L1,visible=12,cells:11,gangs=7,folded:4,count:4
        bare:req,n:1
        Se:scape,grasped:11,born:1,died:0,loudest:Kunzea,trait:endemic ×1,regions:3
        Se:census,goners:0,neus:14,rows:14
        cell:Coprosma,kind:gang,n:7
          Vtuffing,of:Coprosma,n:7
            Vrow,row:title,text:×7,wgt:2,tag:Coprosma
            Vrow,row:list,wgt:1,bits:7
            Vrow,row:fact,text:woodystem ×2,wgt:1
            Vrow,row:fact,text:habit: vine,wgt:1
            Vrow,row:dip,text:/*7,wgt:1
        cell:Veronica,kind:gang,n:8
          Vtuffing,of:Veronica,n:8
            Vrow,row:title,text:×8,wgt:2,tag:Veronica
            Vrow,row:list,wgt:1,bits:8
            Vrow,row:spread,text:habit,wgt:1,bits:2
            Vrow,row:fact,text:woodystem ×2,wgt:1
            Vrow,row:fact,text:endemic ×1,wgt:1
            Vrow,row:dip,text:/*8,wgt:1
        cell:Metrosideros,kind:gang,n:7
          Vtuffing,of:Metrosideros,n:7
            Vrow,row:title,text:×7,wgt:2,tag:Metrosideros
            Vrow,row:list,wgt:1,bits:7
            Vrow,row:fact,text:woodystem ×1,wgt:1
            Vrow,row:spread,text:habit,wgt:1,bits:3
            Vrow,row:dip,text:/*7,wgt:1
        cell:Kunzea,kind:gang,n:11
          Vtuffing,of:Kunzea,n:11
            Vrow,row:title,text:×11,wgt:2,tag:Kunzea
            Vrow,row:list,wgt:1,bits:11
            Vrow,row:fact,text:woodystem ×3,wgt:1
            Vrow,row:spread,text:habit,wgt:1,bits:3
            Vrow,row:fact,text:endemic ×1,wgt:1
            Vrow,row:dip,text:/*11,wgt:1
        cell:Leptospermum,kind:gang,n:9
          Vtuffing,of:Leptospermum,n:9
            Vrow,row:title,text:×9,wgt:2,tag:Leptospermum
            Vrow,row:list,wgt:1,bits:9
            Vrow,row:fact,text:woodystem ×2,wgt:1
            Vrow,row:fact,text:endemic ×2,wgt:1
            Vrow,row:spread,text:habit,wgt:1,bits:2
            Vrow,row:dip,text:/*9,wgt:1
        cell:Kunzea grandifolia,kind:pane,n:1
          Vtuffing,of:Kunzea,n:1
            Vrow,row:title,text:grandifolia  ×1,wgt:2,tag:Kunzea,nk:Kunzea
            Vrow,row:list,wgt:1,bits:1
            Vrow,row:fact,text:habit: vine,wgt:1
            Vrow,row:dip,text:/*1,wgt:1
        cell:Pittosporum,kind:gang,n:7
          Vtuffing,of:Pittosporum,n:7
            Vrow,row:title,text:×7,wgt:2,tag:Pittosporum
            Vrow,row:list,wgt:1,bits:7
            Vrow,row:fact,text:woodystem ×2,wgt:1
            Vrow,row:spread,text:habit,wgt:1,bits:3
            Vrow,row:dip,text:/*7,wgt:1
        cell:Leptospermum lucida,kind:pane,n:1
          Vtuffing,of:Leptospermum,n:1
            Vrow,row:title,text:lucida  ×1,wgt:2,tag:Leptospermum,nk:Leptospermum
            Vrow,row:list,wgt:1,bits:1
            Vrow,row:fact,text:habit: shrub,wgt:1
            Vrow,row:dip,text:/*1,wgt:1
        cell:Veronica robusta,kind:pane,n:1
          Vtuffing,of:Veronica,n:1
            Vrow,row:title,text:robusta  ×1,wgt:2,tag:Veronica,nk:Veronica
            Vrow,row:list,wgt:1,bits:1
            Vrow,row:fact,text:habit: shrub,wgt:1
            Vrow,row:dip,text:/*1,wgt:1
        cell:Pittosporum crassifolius,kind:pane,n:1
          Vtuffing,of:Pittosporum,n:1
            Vrow,row:title,text:crassifolius  ×1,wgt:2,tag:Pittosporum,nk:Pittosporum
            Vrow,row:list,wgt:1,bits:1
            Vrow,row:fact,text:habit: tree,wgt:1
            Vrow,row:dip,text:/*1,wgt:1
        cell:Podocarpus,kind:gang,n:7
          Vtuffing,of:Podocarpus,n:7
            Vrow,row:title,text:×7,wgt:2,tag:Podocarpus
            Vrow,row:list,wgt:1,bits:7
            Vrow,row:fact,text:woodystem ×6,wgt:1
            Vrow,row:spread,text:habit,wgt:1,bits:3
            Vrow,row:fact,text:endemic ×1,wgt:1
            Vrow,row:dip,text:/*7,wgt:1
