story:VytoWeb
  Styles
  Plan
  Opt
    For
  TimeSpool
    TimeTotal:beliefs,avg=1.264
      sample=1.717,at=1785074430
      sample=1.534,at=1785074872
      sample=2.014,at=1785075029
      sample=1.51,at=1785075423
      sample=1.355,at=1785075504
      sample=1.716,at=1785095171
      sample=1.385,at=1785097089
      sample=1.346,at=1785123265
      sample=0.039,at=1785376347
      sample=0.026,at=1785997145
    TimeTotal:step,avg=0.211
      sample=0.286,at=1785074430
      sample=0.256,at=1785074872
      sample=0.336,at=1785075029
      sample=0.252,at=1785075423
      sample=0.226,at=1785075504
      sample=0.286,at=1785095171
      sample=0.231,at=1785097089
      sample=0.224,at=1785123265
      sample=0.007,at=1785376347
      sample=0.004,at=1785997145
  step,dige:ac5dbb28904a4b06
  step=2,dige:15c959aa0f0f1e87,desc:seed eight sibling cogs — four brass four iron and unique teeth
  step=3,dige:3f6e42110cf9f73c,desc:mint A:Vyto beside the run and commission it on the eight cogs
    Assertion:the-glass-was-commissioned,sentence:the glass was commissioned on eight sibling cogs and stood its board
  step=4,dige:ffc6d5b282c87b31,desc:stir to rest — gang elects its key and relate weaves the edges
    Assertion:the-gang-organ-elected,sentence:the gang organ elected metal — the one key that cleaves eight cogs into brass and iron
    Assertion:the-relate-organ-wove,sentence:the relate organ wove twelve flow edges — every pair sharing a metal and none that do not
  step=5,dige:b9a0cec389e50eea,desc:propose focus on one cog through the governor door
    Assertion:the-focus-governor-swelled,sentence:the focus governor swelled the chosen cog to dominance — attention became geometry
  step=6,dige:a80bd8f2dfc17e24,desc:release the focus — the governor stands down and the cut evens
    Assertion:released-focus-let-the,sentence:released focus let the cut breathe even again — no decision no taper
