story:VytoOrchestra
  Styles
  Plan
  Opt
    For
  TimeSpool
    TimeTotal:beliefs,avg=0.156
      sample=0.058,at=1790983402
      sample=0.072,at=1790983422
      sample=0.038,at=1790983431
      sample=0.041,at=1790985174
      sample=0.167,at=1790989474
      sample=0.194,at=1790997625
      sample=0.079,at=1791008650
      sample=0.357,at=1791010260
      sample=0.196,at=1791092971
      sample=0.354,at=1791110336
    TimeTotal:step,avg=0.02
      sample=0.007,at=1790983402
      sample=0.009,at=1790983422
      sample=0.005,at=1790983431
      sample=0.005,at=1790985174
      sample=0.021,at=1790989474
      sample=0.024,at=1790997625
      sample=0.01,at=1791008650
      sample=0.045,at=1791010260
      sample=0.025,at=1791092971
      sample=0.044,at=1791110336
  step,dige:4d8d5b4a1abafbd1
  step=2,dige:d516aa5f8f793f5e,desc:seed the orchestra — a stuffed band beside three kin songs and two loose strays
  step=3,dige:9d653dccb345c38e,desc:commission the glass foam-cut and nested — six top cells with the band carrying three
  step=4,dige:273be0d36aabc6f8,desc:read the weave — flow among the kin songs and none touching the strays
  step=5,dige:8f4ac83722ee3aae,desc:give two songs a shared mood — the weave must deepen live
  step=6,dige:fcfc2bc9fa471ba2,desc:focus one song — its cell must swell while an off-focus sibling compresses
  step=7,dige:6e84329fdb0df98b,desc:re-pose the commission — drop a stray and admit a pull
  step=8,dige:82ecf0af2b793167,desc:drop the drummer — the escort marks one stir then the row leaves the bag
