story:LangTiles
  Styles
  Plan
    Prep
      i_elvisto:Lies,e:Lies_open_Waft
        esc:path,v:Story/LangTiles/Waftily
    Prep=2
      i_elvisto:Lang,e:Lang_i_bookmark
        esc:from,v=98
        esc:to,v=132
    Prep=3
      i_elvisto:Lies,e:Rundown_arm
        esc:run_method,v:theCompiledStuff
    Prep=4
      i_elvisto:Lang,e:Lang_i_alterationStation
        esc:line_n,v=6
        {"esc":"match","v":",they,can,be,mixed"}
        {"esc":"replacement","v":"/they,can,be,mixed"}
    Prep=6
      i_elvisto:Lang,e:Lang_i_alterationStation
        esc:line_n,v=8
        esc:match,v:thung
        esc:replacement,v:UltraThung
    Prep=8
      i_elvisto:Lang,e:Lang_i_alterationStation
        esc:line_n,v=8
        esc:match,v:UltraThung
        esc:replacement,v:thung
  Opt
    noCyto
    For
      w:Lang
        txtsyntaxdump
      w:Lies
        nowriting:^Ghost
  TimeSpool
    TimeTotal:beliefs,avg=1.869
      sample=1.653,at=1781421708
      sample=5.358,at=1781430720
      sample=1.442,at=1781436223
      sample=1.337,at=1781436253
      sample=1.397,at=1781437299
      sample=1.768,at=1781441091
      sample=1.427,at=1781444363
      sample=1.427,at=1781444607
      sample=1.595,at=1781444625
      sample=1.286,at=1781444652
  step,dige:4e35c462d9849942
  step=2,dige:c1cd3b83de96d211
  step=3,dige:7b104ff79fc01cb1
  step=4,dige:209c59534c6ff091
    note,bug:Cyto edge problems with Leg/PeelGroup/Leg the other PeelGroup alone
  step=5,dige:ebb6dc49979b84ee
  step=6,dige:f044fb5b514a79ee
  step=7,dige:367f84a79c29d27f
  step=8,dige:4bf1d9c3d5236ea9
  step=9,dige:20c7bbbfb796bc71
