story:LangTiles
  Styles
  Plan
    Prep
      i_elvisto:Lies,e:Lies_open_Waft
        esc:path,v:Story/LangTiles/Waftily
    Prep=2
      i_elvisto:Lang,e:Lang_i_bookmark
        esc:from,v=98
        esc:to,v=132
    Prep=3
      i_elvisto:Lies,e:Rundown_arm
        esc:run_method,v:theCompiledStuff
    Prep=4
      i_elvisto:Lang,e:Lang_i_alterationStation
        esc:line_n,v=6
        {"esc":"match","v":",they,can,be,mixed"}
        {"esc":"replacement","v":"/they,can,be,mixed"}
    Prep=6
      i_elvisto:Lang,e:Lang_i_alterationStation
        esc:line_n,v=8
        esc:match,v:thung
        esc:replacement,v:UltraThung
    Prep=8
      i_elvisto:Lang,e:Lang_i_alterationStation
        esc:line_n,v=8
        esc:match,v:UltraThung
        esc:replacement,v:thung
  Opt
    noCyto
    For
      w:Lang
        txtsyntaxdump
      w:Lies
        nowriting:^Ghost
    trickle
  TimeSpool
    TimeTotal:beliefs,avg=1.323
      sample=0.921,at=1780979299
      sample=0.93,at=1780981286
      sample=0.93,at=1780981305
      sample=1.051,at=1780982211
      sample=1.154,at=1780982240
      sample=1.154,at=1780982692
      sample=1.104,at=1780982770
      sample=1.957,at=1780982831
      sample=2.012,at=1780982928
      sample=2.012,at=1780983060
  step,dige:27dd5801fbfab59b
  step=2,dige:8df32ffa3d38c279
  step=3,dige:9c3c636988202af3
  step=4,dige:a6a9eab19cd01ea7
    note,bug:Cyto edge problems with Leg/PeelGroup/Leg the other PeelGroup alone
  step=5,dige:68818c2b90d40f66
  step=6,dige:6db1adad4c29694e
  step=7,dige:5074ba25fdc5a23f
  step=8,dige:8e1ab6568fa0af3b
  step=9,dige:bb9f76ebbab9c2a7
