story:LangTiles
  Styles
  Plan
    Prep
      i_elvisto:Lies,e:Lies_open_Waft
        esc:path,v:Story/LangTiles/Waftily
    Prep=2
      i_elvisto:Lang,e:Lang_i_bookmark
        esc:from,v=98
        esc:to,v=132
    Prep=3
      i_elvisto:Lies,e:Rundown_arm
        esc:run_method,v:theCompiledStuff
    Prep=4
      i_elvisto:Lang,e:Lang_i_alterationStation
        esc:line_n,v=6
        {"esc":"match","v":",they,can,be,mixed"}
        {"esc":"replacement","v":"/they,can,be,mixed"}
    Prep=6
      i_elvisto:Lang,e:Lang_i_alterationStation
        esc:line_n,v=8
        esc:match,v:thung
        esc:replacement,v:UltraThung
    Prep=8
      i_elvisto:Lang,e:Lang_i_alterationStation
        esc:line_n,v=8
        esc:match,v:UltraThung
        esc:replacement,v:thung
  Opt
    noCyto
    For
      w:Lang
        txtsyntaxdump
      w:Lies
        nowriting:^Ghost
  TimeSpool
    TimeTotal:beliefs,avg=65.264
      sample=2.221,at=1781256256
      sample=2.221,at=1781256290
      sample=14.177,at=1781268125
      sample=1.49,at=1781309574
      sample=1.357,at=1781313717
      sample=1.455,at=1781327292
      sample=625.334,at=1781419519
      sample=0.954,at=1781419533
      sample=1.347,at=1781419601
      sample=2.08,at=1781419704
  step,dige:f3c7cbc33700fcb3
  step=2,dige:d0a0a0bb0dfe4a89
  step=3,dige:abd0e43e50f75a47
  step=4,dige:5ca59baaf062bdb7
    note,bug:Cyto edge problems with Leg/PeelGroup/Leg the other PeelGroup alone
  step=5,dige:ec5ab75c27968820
  step=6,dige:3ea676f0c18901a4
  step=7,dige:585ca05b5edefe13
  step=8,dige:03a58dfa4100012e
  step=9,dige:68ab0fb9d5e256ba
