Credulation,of_Book:PereStaple
  run=0,at=1782300496.001,ok=0,ok_pct=0,mode:check
    uses:Ghost_N_Peeroleum,dige:38a1f9ec2bbc4f3c
    uses:Ghost_N_Tribunal,dige:683d031e368194c6
    uses:Ghost_Story_Peregrination,dige:c03482f916c0d795
    uses:Ghost_N_Tyrant,dige:ed4fd88c7e2b904a
  run,at=1782300496.06,ok=0,ok_pct=0,mode:check
    uses:Ghost_N_Peeroleum,dige:38a1f9ec2bbc4f3c
    uses:Ghost_N_Tribunal,dige:683d031e368194c6
    uses:Ghost_Story_Peregrination,dige:c03482f916c0d795
    uses:Ghost_N_Tyrant,dige:ed4fd88c7e2b904a
  run=2,at=1782300794.719,ok=0,ok_pct=0,mode:check
    uses:Ghost_N_Peeroleum,dige:38a1f9ec2bbc4f3c
    uses:Ghost_N_Tribunal,dige:683d031e368194c6
    uses:Ghost_Story_Peregrination,dige:c03482f916c0d795
    uses:Ghost_N_Tyrant,dige:ed4fd88c7e2b904a
  run=3,at=1782300794.771,ok=0,ok_pct=0,mode:check
    uses:Ghost_N_Peeroleum,dige:38a1f9ec2bbc4f3c
    uses:Ghost_N_Tribunal,dige:683d031e368194c6
    uses:Ghost_Story_Peregrination,dige:c03482f916c0d795
    uses:Ghost_N_Tyrant,dige:ed4fd88c7e2b904a
  run=4,at=1782300805.17,ok=0,ok_pct=0.43,mode:check
    uses:Ghost_N_Peeroleum,dige:38a1f9ec2bbc4f3c
    uses:Ghost_N_Tribunal,dige:683d031e368194c6
    uses:Ghost_Story_Peregrination,dige:c03482f916c0d795
    uses:Ghost_N_Tyrant,dige:ed4fd88c7e2b904a
  run=5,at=1782300835.049,ok=0,ok_pct=0.43,mode:check
    uses:Ghost_N_Peeroleum,dige:38a1f9ec2bbc4f3c
    uses:Ghost_N_Tribunal,dige:683d031e368194c6
    uses:Ghost_Story_Peregrination,dige:c03482f916c0d795
    uses:Ghost_N_Tyrant,dige:ed4fd88c7e2b904a
  run=6,at=1782300855.157,ok=0,ok_pct=0.43,mode:check
    uses:Ghost_N_Peeroleum,dige:38a1f9ec2bbc4f3c
    uses:Ghost_N_Tribunal,dige:683d031e368194c6
    uses:Ghost_Story_Peregrination,dige:c03482f916c0d795
    uses:Ghost_N_Tyrant,dige:ed4fd88c7e2b904a
  run=7,at=1782301296.457,ok=0,ok_pct=0.43,mode:check
    uses:Ghost_N_Peeroleum,dige:38a1f9ec2bbc4f3c
    uses:Ghost_N_Tribunal,dige:683d031e368194c6
    uses:Ghost_Story_Peregrination,dige:c03482f916c0d795
    uses:Ghost_N_Tyrant,dige:ed4fd88c7e2b904a
  run=8,at=1782301324.24,ok=0,ok_pct=0.14,mode:check
    uses:Ghost_N_Peeroleum,dige:38a1f9ec2bbc4f3c
    uses:Ghost_N_Tribunal,dige:683d031e368194c6
    uses:Ghost_Story_Peregrination,dige:cbcb91135c98b814
    uses:Ghost_N_Tyrant,dige:ed4fd88c7e2b904a
  run=9,at=1782301334.626,ok=0,ok_pct=0.14,mode:check
    uses:Ghost_N_Peeroleum,dige:38a1f9ec2bbc4f3c
    uses:Ghost_N_Tribunal,dige:683d031e368194c6
    uses:Ghost_Story_Peregrination,dige:cbcb91135c98b814
    uses:Ghost_N_Tyrant,dige:ed4fd88c7e2b904a
  run=10,at=1782301343.71,ok,ok_pct,mode:check
    uses:Ghost_N_Peeroleum,dige:38a1f9ec2bbc4f3c
    uses:Ghost_N_Tribunal,dige:683d031e368194c6
    uses:Ghost_Story_Peregrination,dige:cbcb91135c98b814
    uses:Ghost_N_Tyrant,dige:ed4fd88c7e2b904a
  run=11,at=1782301353.836,ok,ok_pct,mode:check
    uses:Ghost_N_Peeroleum,dige:38a1f9ec2bbc4f3c
    uses:Ghost_N_Tribunal,dige:683d031e368194c6
    uses:Ghost_Story_Peregrination,dige:cbcb91135c98b814
    uses:Ghost_N_Tyrant,dige:ed4fd88c7e2b904a
  run=12,at=1782301608.668,ok,ok_pct,mode:check
    uses:Ghost_N_Peeroleum,dige:38a1f9ec2bbc4f3c
    uses:Ghost_N_Tribunal,dige:683d031e368194c6
    uses:Ghost_Story_Peregrination,dige:cbcb91135c98b814
    uses:Ghost_N_Tyrant,dige:ed4fd88c7e2b904a
