Credulation,of_Book:PereStaple
  run=0,at=1782449958.41,ok,ok_pct,mode:check
    uses:Ghost_N_Peeroleum,dige:2ccbc1626d347189
    uses:Ghost_N_Reliable,dige:48e8948c7d8da3ed
    uses:Ghost_N_Tribunal,dige:375733b4018a8e9a
    uses:Ghost_N_Tyrant,dige:ed4fd88c7e2b904a
    uses:Ghost_Story_Peregrination,dige:7711424db53b25db
    uses:Ghost_M_Radiola,dige:1ddd51d246dc635d
    uses:Ghost_Story_Musuation,dige:8d2005bc52a336da
