story:VytoNest
  Styles
  Plan
  Opt
    For
  TimeSpool
    TimeTotal:beliefs,avg=0.031
      sample=0.018,at=1786246133
      sample=0.071,at=1786250290
      sample=0.048,at=1786251093
      sample=0.035,at=1786252259
      sample=0.015,at=1786255565
      sample=0.04,at=1786256903
      sample=0.014,at=1786258826
      sample=0.015,at=1786258899
      sample=0.017,at=1786278514
      sample=0.035,at=1786278979
    TimeTotal:step,avg=0.008
      sample=0.004,at=1786246133
      sample=0.018,at=1786250290
      sample=0.012,at=1786251093
      sample=0.009,at=1786252259
      sample=0.004,at=1786255565
      sample=0.01,at=1786256903
      sample=0.004,at=1786258826
      sample=0.004,at=1786258899
      sample=0.004,at=1786278514
      sample=0.009,at=1786278979
  step,dige:e2bcbcf86a715aef
  step=2,dige:33549025ecf958fd,desc:seed a two-level rig — three cogs under the root and two grandchildren under the first
  step=3,dige:e0b2fe8b02f58844,desc:commission the glass nested on the rig and stir to rest
    Assertion:board-nested,sentence:the glass was commissioned nested on one rig and stood its board
    Assertion:root-tiles,sentence:the scope recursion fills the frame — the three cogs tessellate the whole root cell so the parent area equals the sum of its children
    Assertion:deep-tiles,sentence:the recursion goes deeper — the two grandchildren tessellate their parent cog cell exactly so a scope nests inside a scope
    Assertion:all-seated,sentence:every nested cell took a seat inside the frame — each child and grandchild wears a target with a real radius
  step=4,dige:10012809b3ddd98a,desc:re-commission the same tree flat — only the root is cut and the children get no target
    Assertion:nesting-load-bearing,sentence:the nesting is load-bearing — commissioned flat the same tree seats only the root and its children get no target at all
