story:InterestLive
  Styles
  Plan
    Prep
      i_elvisto:Lies,e:Lies_open_Waft
        esc:path,v:Story/InterestLive/Interestily
      i_elvisto:Lies,e:Lies_now_Ting
        esc:key,v:Ting/test
    Prep=2
      i_elvisto:Lang,e:mark
        esc:LE,v
        esc:op,v:add
        {"esc":"sc","v":{"Point":1,"method":"InterestLanding","class":"focus"}}
    Prep=3
      i_elvisto:Lies,e:Lies_open_Waft
        esc:path,v:Story/InterestLive/Interestily2
    Prep=4
      i_elvisto:Lies,e:Lies_close_Waft
        esc:path,v:Story/InterestLive/Interestily2
  Opt
    For
      w:Lies
        nowriting
      w:Lang
        txtsyntaxdump
        nogen
        nopush
    noCyto
  TimeSpool
    TimeTotal:beliefs,avg=0.877
      sample=0.609,at=1781656742
      sample=1.15,at=1781657682
      sample=0.729,at=1781657822
      sample=1.058,at=1781657857
      sample=0.953,at=1781657984
      sample=0.953,at=1781660323
      sample=1.042,at=1781660350
      sample=0.937,at=1781660377
      sample=0.836,at=1781660441
      sample=0.5,at=1781660715
  step,dige:31a68fe899cc599e
  step=2,dige:9caed5f23a7d5c05
  step=3,dige:ccd700c7b6a12f9c
  step=4,dige:67579eefdffea943
